Component: ARM Compiler 5.06 update 1 (build 61) Tool: armlink [4d35a8]

==============================================================================

Section Cross References

    startup_stm32l431xx.o(STACK) refers (Special) to heapauxi.o(.text) for __use_two_region_memory
    startup_stm32l431xx.o(HEAP) refers (Special) to heapauxi.o(.text) for __use_two_region_memory
    startup_stm32l431xx.o(RESET) refers (Special) to heapauxi.o(.text) for __use_two_region_memory
    startup_stm32l431xx.o(RESET) refers to startup_stm32l431xx.o(STACK) for __initial_sp
    startup_stm32l431xx.o(RESET) refers to startup_stm32l431xx.o(.text) for Reset_Handler
    startup_stm32l431xx.o(RESET) refers to stm32l4xx_it.o(i.NMI_Handler) for NMI_Handler
    startup_stm32l431xx.o(RESET) refers to stm32l4xx_it.o(i.HardFault_Handler) for HardFault_Handler
    startup_stm32l431xx.o(RESET) refers to stm32l4xx_it.o(i.MemManage_Handler) for MemManage_Handler
    startup_stm32l431xx.o(RESET) refers to stm32l4xx_it.o(i.BusFault_Handler) for BusFault_Handler
    startup_stm32l431xx.o(RESET) refers to stm32l4xx_it.o(i.UsageFault_Handler) for UsageFault_Handler
    startup_stm32l431xx.o(RESET) refers to port.o(.emb_text) for SVC_Handler
    startup_stm32l431xx.o(RESET) refers to stm32l4xx_it.o(i.DebugMon_Handler) for DebugMon_Handler
    startup_stm32l431xx.o(RESET) refers to port.o(i.SysTick_Handler) for SysTick_Handler
    startup_stm32l431xx.o(RESET) refers to wdg.o(i.WWDG_IRQHandler) for WWDG_IRQHandler
    startup_stm32l431xx.o(RESET) refers to pwr.o(i.PVD_PVM_IRQHandler) for PVD_PVM_IRQHandler
    startup_stm32l431xx.o(RESET) refers to pwr.o(i.EXTI0_IRQHandler) for EXTI0_IRQHandler
    startup_stm32l431xx.o(RESET) refers to borad.o(i.EXTI3_IRQHandler) for EXTI3_IRQHandler
    startup_stm32l431xx.o(RESET) refers to borad.o(i.EXTI4_IRQHandler) for EXTI4_IRQHandler
    startup_stm32l431xx.o(RESET) refers to dma.o(i.DMA1_Channel3_IRQHandler) for DMA1_Channel3_IRQHandler
    startup_stm32l431xx.o(RESET) refers to dma.o(i.DMA1_Channel6_IRQHandler) for DMA1_Channel6_IRQHandler
    startup_stm32l431xx.o(RESET) refers to dma.o(i.DMA1_Channel7_IRQHandler) for DMA1_Channel7_IRQHandler
    startup_stm32l431xx.o(RESET) refers to timer.o(i.TIM1_UP_TIM16_IRQHandler) for TIM1_UP_TIM16_IRQHandler
    startup_stm32l431xx.o(RESET) refers to timer.o(i.TIM1_CC_IRQHandler) for TIM1_CC_IRQHandler
    startup_stm32l431xx.o(RESET) refers to timer.o(i.TIM2_IRQHandler) for TIM2_IRQHandler
    startup_stm32l431xx.o(RESET) refers to usart.o(i.USART2_IRQHandler) for USART2_IRQHandler
    startup_stm32l431xx.o(RESET) refers to rtc.o(i.RTC_Alarm_IRQHandler) for RTC_Alarm_IRQHandler
    startup_stm32l431xx.o(RESET) refers to timer.o(i.TIM6_DAC_IRQHandler) for TIM6_DAC_IRQHandler
    startup_stm32l431xx.o(RESET) refers to stm32l4xx_it.o(i.TIM7_IRQHandler) for TIM7_IRQHandler
    startup_stm32l431xx.o(.text) refers (Special) to heapauxi.o(.text) for __use_two_region_memory
    startup_stm32l431xx.o(.text) refers to system_stm32l4xx.o(i.SystemInit) for SystemInit
    startup_stm32l431xx.o(.text) refers to __main.o(!!!main) for __main
    startup_stm32l431xx.o(.text) refers to startup_stm32l431xx.o(HEAP) for Heap_Mem
    startup_stm32l431xx.o(.text) refers to startup_stm32l431xx.o(STACK) for Stack_Mem
    gpio.o(i.MX_GPIO_Init) refers to rt_memclr_w.o(.text) for __aeabi_memclr4
    gpio.o(i.MX_GPIO_Init) refers to stm32l4xx_hal_gpio.o(i.HAL_GPIO_WritePin) for HAL_GPIO_WritePin
    gpio.o(i.MX_GPIO_Init) refers to stm32l4xx_hal_gpio.o(i.HAL_GPIO_Init) for HAL_GPIO_Init
    stm32l4xx_it.o(i.TIM7_IRQHandler) refers to stm32l4xx_hal_tim.o(i.HAL_TIM_IRQHandler) for HAL_TIM_IRQHandler
    stm32l4xx_it.o(i.TIM7_IRQHandler) refers to stm32l4xx_hal_timebase_tim.o(.bss) for htim7
    stm32l4xx_hal_msp.o(i.HAL_MspInit) refers to stm32l4xx_hal_cortex.o(i.HAL_NVIC_SetPriority) for HAL_NVIC_SetPriority
    stm32l4xx_hal_timebase_tim.o(i.HAL_InitTick) refers to stm32l4xx_hal_rcc.o(i.HAL_RCC_GetClockConfig) for HAL_RCC_GetClockConfig
    stm32l4xx_hal_timebase_tim.o(i.HAL_InitTick) refers to stm32l4xx_hal_rcc.o(i.HAL_RCC_GetPCLK1Freq) for HAL_RCC_GetPCLK1Freq
    stm32l4xx_hal_timebase_tim.o(i.HAL_InitTick) refers to stm32l4xx_hal_tim.o(i.HAL_TIM_Base_Init) for HAL_TIM_Base_Init
    stm32l4xx_hal_timebase_tim.o(i.HAL_InitTick) refers to stm32l4xx_hal_tim.o(i.HAL_TIM_Base_Start_IT) for HAL_TIM_Base_Start_IT
    stm32l4xx_hal_timebase_tim.o(i.HAL_InitTick) refers to stm32l4xx_hal_cortex.o(i.HAL_NVIC_EnableIRQ) for HAL_NVIC_EnableIRQ
    stm32l4xx_hal_timebase_tim.o(i.HAL_InitTick) refers to stm32l4xx_hal_cortex.o(i.HAL_NVIC_SetPriority) for HAL_NVIC_SetPriority
    stm32l4xx_hal_timebase_tim.o(i.HAL_InitTick) refers to stm32l4xx_hal_timebase_tim.o(.bss) for .bss
    stm32l4xx_hal_timebase_tim.o(i.HAL_InitTick) refers to stm32l4xx_hal.o(.data) for uwTickPrio
[...]
    _printf_input_char                       0x080006e5   Thumb Code    10  _printf_char_common.o(.text)
    .text                                    0x08000714   Section        0  _printf_char_file.o(.text)
    .text                                    0x08000738   Section        0  ferror.o(.text)
    .text                                    0x08000740   Section        8  libspace.o(.text)
    .text                                    0x08000748   Section       74  sys_stackheap_outer.o(.text)
    .text                                    0x08000792   Section        0  exit.o(.text)
    i.BusFault_Handler                       0x080007a4   Section        0  stm32l4xx_it.o(i.BusFault_Handler)
    i.DMA1_Channel3_IRQHandler               0x080007a8   Section        0  dma.o(i.DMA1_Channel3_IRQHandler)
    i.DMA1_Channel6_IRQHandler               0x080007b4   Section        0  dma.o(i.DMA1_Channel6_IRQHandler)
    i.DMA1_Channel7_IRQHandler               0x080007c0   Section        0  dma.o(i.DMA1_Channel7_IRQHandler)
    i.DebugMon_Handler                       0x080007cc   Section        0  stm32l4xx_it.o(i.DebugMon_Handler)
    i.EXTI0_IRQHandler                       0x080007ce   Section        0  pwr.o(i.EXTI0_IRQHandler)
    i.EXTI3_IRQHandler                       0x080007d4   Section        0  borad.o(i.EXTI3_IRQHandler)
    i.EXTI4_IRQHandler                       0x080007f8   Section        0  borad.o(i.EXTI4_IRQHandler)
    i.HAL_DMA_Abort                          0x08000818   Section        0  stm32l4xx_hal_dma.o(i.HAL_DMA_Abort)
    i.HAL_DMA_Abort_IT                       0x08000862   Section        0  stm32l4xx_hal_dma.o(i.HAL_DMA_Abort_IT)
    i.HAL_DMA_IRQHandler                     0x080008b0   Section        0  stm32l4xx_hal_dma.o(i.HAL_DMA_IRQHandler)
    i.HAL_Delay                              0x0800096c   Section        0  stm32l4xx_hal.o(i.HAL_Delay)
    i.HAL_GPIO_EXTI_Callback                 0x08000990   Section        0  stm32l4xx_hal_gpio.o(i.HAL_GPIO_EXTI_Callback)
    i.HAL_GPIO_EXTI_IRQHandler               0x08000994   Section        0  stm32l4xx_hal_gpio.o(i.HAL_GPIO_EXTI_IRQHandler)
    i.HAL_GPIO_Init                          0x080009ac   Section        0  stm32l4xx_hal_gpio.o(i.HAL_GPIO_Init)
    i.HAL_GPIO_TogglePin                     0x08000b82   Section        0  stm32l4xx_hal_gpio.o(i.HAL_GPIO_TogglePin)
    i.HAL_GPIO_WritePin                      0x08000b92   Section        0  stm32l4xx_hal_gpio.o(i.HAL_GPIO_WritePin)
    i.HAL_GetTick                            0x08000b9c   Section        0  stm32l4xx_hal.o(i.HAL_GetTick)
    i.HAL_IncTick                            0x08000ba8   Section        0  stm32l4xx_hal.o(i.HAL_IncTick)
    i.HAL_Init                               0x08000bb8   Section        0  stm32l4xx_hal.o(i.HAL_Init)
    i.HAL_InitTick                           0x08000bd8   Section        0  stm32l4xx_hal_timebase_tim.o(i.HAL_InitTick)
    i.HAL_MspInit                            0x08000c70   Section        0  stm32l4xx_hal_msp.o(i.HAL_MspInit)
    i.HAL_NVIC_EnableIRQ                     0x08000ca4   Section        0  stm32l4xx_hal_cortex.o(i.HAL_NVIC_EnableIRQ)
    i.HAL_NVIC_SetPriority                   0x08000cc0   Section        0  stm32l4xx_hal_cortex.o(i.HAL_NVIC_SetPriority)
    i.HAL_NVIC_SetPriorityGrouping           0x08000d00   Section        0  stm32l4xx_hal_cortex.o(i.HAL_NVIC_SetPriorityGrouping)
    i.HAL_PWREx_GetVoltageRange              0x08000d24   Section        0  stm32l4xx_hal_pwr_ex.o(i.HAL_PWREx_GetVoltageRange)
    i.HAL_PWREx_PVD_PVM_IRQHandler           0x08000d34   Section        0  stm32l4xx_hal_pwr_ex.o(i.HAL_PWREx_PVD_PVM_IRQHandler)
    i.HAL_PWREx_PVM3Callback                 0x08000d70   Section        0  stm32l4xx_hal_pwr_ex.o(i.HAL_PWREx_PVM3Callback)
    i.HAL_PWREx_PVM4Callback                 0x08000d72   Section        0  stm32l4xx_hal_pwr_ex.o(i.HAL_PWREx_PVM4Callback)
    i.HAL_PWR_PVDCallback                    0x08000d74   Section        0  pwr.o(i.HAL_PWR_PVDCallback)
    i.HAL_RCC_ClockConfig                    0x08000dac   Section        0  stm32l4xx_hal_rcc.o(i.HAL_RCC_ClockConfig)
    i.HAL_RCC_GetClockConfig                 0x08000ef0   Section        0  stm32l4xx_hal_rcc.o(i.HAL_RCC_GetClockConfig)
    i.HAL_RCC_GetPCLK1Freq                   0x08000f30   Section        0  stm32l4xx_hal_rcc.o(i.HAL_RCC_GetPCLK1Freq)
    i.HAL_RCC_GetSysClockFreq                0x08000f54   Section        0  stm32l4xx_hal_rcc.o(i.HAL_RCC_GetSysClockFreq)
    i.HAL_RCC_OscConfig                      0x08000ff8   Section        0  stm32l4xx_hal_rcc.o(i.HAL_RCC_OscConfig)
    i.HAL_RTCEx_AlarmBEventCallback          0x08001558   Section        0  stm32l4xx_hal_rtc_ex.o(i.HAL_RTCEx_AlarmBEventCallback)
    i.HAL_RTC_AlarmAEventCallback            0x0800155c   Section        0  rtc.o(i.HAL_RTC_AlarmAEventCallback)
    i.HAL_RTC_AlarmIRQHandler                0x080015a0   Section        0  stm32l4xx_hal_rtc.o(i.HAL_RTC_AlarmIRQHandler)
    i.HAL_RTC_GetDate                        0x080015f8   Section        0  stm32l4xx_hal_rtc.o(i.HAL_RTC_GetDate)
    i.HAL_RTC_GetTime                        0x0800163c   Section        0  stm32l4xx_hal_rtc.o(i.HAL_RTC_GetTime)
    i.HAL_TIMEx_Break2Callback               0x08001690   Section        0  stm32l4xx_hal_tim_ex.o(i.HAL_TIMEx_Break2Callback)
    i.HAL_TIMEx_BreakCallback                0x08001692   Section        0  stm32l4xx_hal_tim_ex.o(i.HAL_TIMEx_BreakCallback)
    i.HAL_TIMEx_CommutCallback               0x08001694   Section        0  stm32l4xx_hal_tim_ex.o(i.HAL_TIMEx_CommutCallback)
    i.HAL_TIM_Base_Init                      0x08001696   Section        0  stm32l4xx_hal_tim.o(i.HAL_TIM_Base_Init)
    i.HAL_TIM_Base_MspInit                   0x080016f8   Section        0  timer.o(i.HAL_TIM_Base_MspInit)
    i.HAL_TIM_Base_Start_IT                  0x080017a8   Section        0  stm32l4xx_hal_tim.o(i.HAL_TIM_Base_Start_IT)
    i.HAL_TIM_GenerateEvent                  0x08001800   Section        0  stm32l4xx_hal_tim.o(i.HAL_TIM_GenerateEvent)
    i.HAL_TIM_IC_CaptureCallback             0x08001828   Section        0  timer.o(i.HAL_TIM_IC_CaptureCallback)
    i.HAL_TIM_IRQHandler                     0x080018cc   Section        0  stm32l4xx_hal_tim.o(i.HAL_TIM_IRQHandler)
    i.HAL_TIM_OC_DelayElapsedCallback        0x08001a50   Section        0  stm32l4xx_hal_tim.o(i.HAL_TIM_OC_DelayElapsedCallback)
    i.HAL_TIM_PWM_PulseFinishedCallback      0x08001a52   Section        0  stm32l4xx_hal_tim.o(i.HAL_TIM_PWM_PulseFinishedCallback)
    i.HAL_TIM_PeriodElapsedCallback          0x08001a54   Section        0  timer.o(i.HAL_TIM_PeriodElapsedCallback)
    i.HAL_TIM_ReadCapturedValue              0x08001ae4   Section        0  stm32l4xx_hal_tim.o(i.HAL_TIM_ReadCapturedValue)
    i.HAL_TIM_TriggerCallback                0x08001b0e   Section        0  stm32l4xx_hal_tim.o(i.HAL_TIM_TriggerCallback)
    i.HAL_UARTEx_RxEventCallback             0x08001b10   Section        0  stm32l4xx_hal_uart.o(i.HAL_UARTEx_RxEventCallback)
    i.HAL_UARTEx_WakeupCallback              0x08001b12   Section        0  stm32l4xx_hal_uart_ex.o(i.HAL_UARTEx_WakeupCallback)
    i.HAL_UART_ErrorCallback                 0x08001b14   Section        0  usart.o(i.HAL_UART_ErrorCallback)
    i.HAL_UART_IRQHandler                    0x08001b38   Section        0  stm32l4xx_hal_uart.o(i.HAL_UART_IRQHandler)
    i.HAL_UART_Receive_IT                    0x08001dcc   Section        0  stm32l4xx_hal_uart.o(i.HAL_UART_Receive_IT)
    i.HAL_UART_RxCpltCallback                0x08001e20   Section        0  usart.o(i.HAL_UART_RxCpltCallback)
    i.HAL_UART_TxCpltCallback                0x08001e70   Section        0  stm32l4xx_hal_uart.o(i.HAL_UART_TxCpltCallback)
    i.HAL_WWDG_EarlyWakeupCallback           0x08001e74   Section        0  wdg.o(i.HAL_WWDG_EarlyWakeupCallback)
    i.HAL_WWDG_IRQHandler                    0x08001e80   Section        0  stm32l4xx_hal_wwdg.o(i.HAL_WWDG_IRQHandler)
    i.HAL_WWDG_Refresh                       0x08001e9e   Section        0  stm32l4xx_hal_wwdg.o(i.HAL_WWDG_Refresh)
    i.HardFault_Handler                      0x08001ea8   Section        0  stm32l4xx_it.o(i.HardFault_Handler)
    i.LCD_GPIO_Init                          0x08001eac   Section        0  lcd.o(i.LCD_GPIO_Init)
    i.LCD_WriteData_16Bit                    0x08001f60   Section        0  lcd.o(i.LCD_WriteData_16Bit)
    LCD_WriteData_16Bit                      0x08001f61   Thumb Code    42  lcd.o(i.LCD_WriteData_16Bit)
    i.MX_FREERTOS_Init                       0x08001f90   Section        0  freertos.o(i.MX_FREERTOS_Init)
    i.MX_GPIO_Init                           0x08001fcc   Section        0  gpio.o(i.MX_GPIO_Init)
    i.MemManage_Handler                      0x08002044   Section        0  stm32l4xx_it.o(i.MemManage_Handler)
    i.NMI_Handler                            0x08002046   Section        0  stm32l4xx_it.o(i.NMI_Handler)
    i.PVD_PVM_IRQHandler                     0x08002048   Section        0  pwr.o(i.PVD_PVM_IRQHandler)
    i.RCC_SetFlashLatencyFromMSIRange        0x0800204c   Section        0  stm32l4xx_hal_rcc.o(i.RCC_SetFlashLatencyFromMSIRange)
    RCC_SetFlashLatencyFromMSIRange          0x0800204d   Thumb Code   116  stm32l4xx_hal_rcc.o(i.RCC_SetFlashLatencyFromMSIRange)
    i.RTC_Alarm_IRQHandler                   0x080020c8   Section        0  rtc.o(i.RTC_Alarm_IRQHandler)
    i.RTC_Bcd2ToByte                         0x080020d4   Section        0  stm32l4xx_hal_rtc.o(i.RTC_Bcd2ToByte)
    i.SPI_WriteData                          0x080020e8   Section        0  lcd.o(i.SPI_WriteData)
    SPI_WriteData                            0x080020e9   Thumb Code    44  lcd.o(i.SPI_WriteData)
    i.StartDefaultTask                       0x08002118   Section        0  freertos.o(i.StartDefaultTask)
    i.StartLed                               0x0800212c   Section        0  freertos.o(i.StartLed)
    i.SysTick_Handler                        0x0800214c   Section        0  port.o(i.SysTick_Handler)
    i.SystemInit                             0x08002178   Section        0  system_stm32l4xx.o(i.SystemInit)
    i.TIM1_CC_IRQHandler                     0x08002188   Section        0  timer.o(i.TIM1_CC_IRQHandler)
    i.TIM1_UP_TIM16_IRQHandler               0x08002194   Section        0  timer.o(i.TIM1_UP_TIM16_IRQHandler)
    i.TIM2_IRQHandler                        0x08002204   Section        0  timer.o(i.TIM2_IRQHandler)
    i.TIM6_DAC_IRQHandler                    0x08002210   Section        0  timer.o(i.TIM6_DAC_IRQHandler)
    i.TIM7_IRQHandler                        0x0800221c   Section        0  stm32l4xx_it.o(i.TIM7_IRQHandler)
    i.TIM_Base_SetConfig                     0x08002228   Section        0  stm32l4xx_hal_tim.o(i.TIM_Base_SetConfig)
    i.UART_DMAAbortOnError                   0x08002294   Section        0  stm32l4xx_hal_uart.o(i.UART_DMAAbortOnError)
    UART_DMAAbortOnError                     0x08002295   Thumb Code    20  stm32l4xx_hal_uart.o(i.UART_DMAAbortOnError)
    i.UART_EndRxTransfer                     0x080022a8   Section        0  stm32l4xx_hal_uart.o(i.UART_EndRxTransfer)
    UART_EndRxTransfer                       0x080022a9   Thumb Code    74  stm32l4xx_hal_uart.o(i.UART_EndRxTransfer)
    i.UART_RxISR_16BIT                       0x080022f2   Section        0  stm32l4xx_hal_uart.o(i.UART_RxISR_16BIT)
    UART_RxISR_16BIT                         0x080022f3   Thumb Code   158  stm32l4xx_hal_uart.o(i.UART_RxISR_16BIT)
    i.UART_RxISR_8BIT                        0x08002390   Section        0  stm32l4xx_hal_uart.o(i.UART_RxISR_8BIT)
    UART_RxISR_8BIT                          0x08002391   Thumb Code   158  stm32l4xx_hal_uart.o(i.UART_RxISR_8BIT)
    i.UART_Start_Receive_IT                  0x08002430   Section        0  stm32l4xx_hal_uart.o(i.UART_Start_Receive_IT)
    i.USART2_IRQHandler                      0x080024e8   Section        0  usart.o(i.USART2_IRQHandler)
    i.UsageFault_Handler                     0x080024f4   Section        0  stm32l4xx_it.o(i.UsageFault_Handler)
    i.WWDG_IRQHandler                        0x080024f8   Section        0  wdg.o(i.WWDG_IRQHandler)
    i.__NVIC_SetPriority                     0x08002504   Section        0  stm32l4xx_hal_cortex.o(i.__NVIC_SetPriority)
    __NVIC_SetPriority                       0x08002505   Thumb Code    32  stm32l4xx_hal_cortex.o(i.__NVIC_SetPriority)
    i._is_digit                              0x08002524   Section        0  __printf_wp.o(i._is_digit)
    i._sys_exit                              0x08002532   Section        0  usart.o(i._sys_exit)
    i.delay_ms                               0x08002534   Section        0  delay.o(i.delay_ms)
    i.fputc                                  0x08002568   Section        0  usart.o(i.fputc)
    i.lcd_clear                              0x08002580   Section        0  lcd.o(i.lcd_clear)
    i.lcd_display_dir                        0x080025cc   Section        0  lcd.o(i.lcd_display_dir)
    i.lcd_init                               0x080025ec   Section        0  lcd.o(i.lcd_init)
    i.lcd_scan_dir                           0x08002844   Section        0  lcd.o(i.lcd_scan_dir)
    i.lcd_set_address                        0x080028c0   Section        0  lcd.o(i.lcd_set_address)
    lcd_set_address                          0x080028c1   Thumb Code    90  lcd.o(i.lcd_set_address)
    i.lcd_write_cmd                          0x0800291c   Section        0  lcd.o(i.lcd_write_cmd)
    lcd_write_cmd                            0x0800291d   Thumb Code    32  lcd.o(i.lcd_write_cmd)
    i.lcd_write_data                         0x08002940   Section        0  lcd.o(i.lcd_write_data)
    lcd_write_data                           0x08002941   Thumb Code    32  lcd.o(i.lcd_write_data)
    i.main                                   0x08002964   Section        0  main.o(i.main)
    i.makeFreeRtosPriority                   0x08002988   Section        0  cmsis_os.o(i.makeFreeRtosPriority)
    makeFreeRtosPriority                     0x08002989   Thumb Code    12  cmsis_os.o(i.makeFreeRtosPriority)
    i.osDelay                                0x08002994   Section        0  cmsis_os.o(i.osDelay)
    i.osKernelStart                          0x080029a2   Section        0  cmsis_os.o(i.osKernelStart)
    i.osThreadCreate                         0x080029ac   Section        0  cmsis_os.o(i.osThreadCreate)
    i.prvAddCurrentTaskToDelayedList         0x08002a00   Section        0  tasks.o(i.prvAddCurrentTaskToDelayedList)
    prvAddCurrentTaskToDelayedList           0x08002a01   Thumb Code   102  tasks.o(i.prvAddCurrentTaskToDelayedList)
    i.prvAddNewTaskToReadyList               0x08002a70   Section        0  tasks.o(i.prvAddNewTaskToReadyList)
    prvAddNewTaskToReadyList                 0x08002a71   Thumb Code   194  tasks.o(i.prvAddNewTaskToReadyList)
    i.prvDeleteTCB                           0x08002b40   Section        0  tasks.o(i.prvDeleteTCB)
    prvDeleteTCB                             0x08002b41   Thumb Code    52  tasks.o(i.prvDeleteTCB)
    i.prvHeapInit                            0x08002b74   Section        0  heap_4.o(i.prvHeapInit)
    prvHeapInit                              0x08002b75   Thumb Code    64  heap_4.o(i.prvHeapInit)
    i.prvIdleTask                            0x08002bbc   Section        0  tasks.o(i.prvIdleTask)
    prvIdleTask                              0x08002bbd   Thumb Code    82  tasks.o(i.prvIdleTask)
    i.prvInitialiseNewTask                   0x08002c1c   Section        0  tasks.o(i.prvInitialiseNewTask)
    prvInitialiseNewTask                     0x08002c1d   Thumb Code   152  tasks.o(i.prvInitialiseNewTask)
    i.prvInsertBlockIntoFreeList             0x08002cb4   Section        0  heap_4.o(i.prvInsertBlockIntoFreeList)
    prvInsertBlockIntoFreeList               0x08002cb5   Thumb Code    72  heap_4.o(i.prvInsertBlockIntoFreeList)
    i.prvResetNextTaskUnblockTime            0x08002d00   Section        0  tasks.o(i.prvResetNextTaskUnblockTime)
    prvResetNextTaskUnblockTime              0x08002d01   Thumb Code    26  tasks.o(i.prvResetNextTaskUnblockTime)
    i.prvTaskExitError                       0x08002d20   Section        0  port.o(i.prvTaskExitError)
    prvTaskExitError                         0x08002d21   Thumb Code    36  port.o(i.prvTaskExitError)
    i.pvPortMalloc                           0x08002d48   Section        0  heap_4.o(i.pvPortMalloc)
    i.pxPortInitialiseStack                  0x08002e24   Section        0  port.o(i.pxPortInitialiseStack)
    i.rtc_get_time                           0x08002e50   Section        0  rtc.o(i.rtc_get_time)
    i.sys_stm32_clock_init                   0x08002eec   Section        0  sys.o(i.sys_stm32_clock_init)
    i.uxListRemove                           0x08002f70   Section        0  list.o(i.uxListRemove)
    i.vApplicationGetIdleTaskMemory          0x08002f98   Section        0  freertos.o(i.vApplicationGetIdleTaskMemory)
    i.vListInitialise                        0x08002fac   Section        0  list.o(i.vListInitialise)
    i.vListInitialiseItem                    0x08002fc2   Section        0  list.o(i.vListInitialiseItem)
    i.vListInsert                            0x08002fc8   Section        0  list.o(i.vListInsert)
    i.vListInsertEnd                         0x08002ff8   Section        0  list.o(i.vListInsertEnd)
    i.vPortEnterCritical                     0x08003010   Section        0  port.o(i.vPortEnterCritical)
    i.vPortExitCritical                      0x08003050   Section        0  port.o(i.vPortExitCritical)
    i.vPortFree                              0x08003078   Section        0  heap_4.o(i.vPortFree)
    i.vPortSetupTimerInterrupt               0x080030dc   Section        0  port.o(i.vPortSetupTimerInterrupt)
    i.vTaskDelay                             0x08003100   Section        0  tasks.o(i.vTaskDelay)
    i.vTaskStartScheduler                    0x0800314c   Section        0  tasks.o(i.vTaskStartScheduler)
    i.vTaskSuspendAll                        0x080031b8   Section        0  tasks.o(i.vTaskSuspendAll)
    i.vTaskSwitchContext                     0x080031c8   Section        0  tasks.o(i.vTaskSwitchContext)
    i.xPortStartScheduler                    0x08003224   Section        0  port.o(i.xPortStartScheduler)
    i.xTaskCreate                            0x08003318   Section        0  tasks.o(i.xTaskCreate)
    i.xTaskCreateStatic                      0x08003378   Section        0  tasks.o(i.xTaskCreateStatic)
    i.xTaskGetSchedulerState                 0x080033d0   Section        0  tasks.o(i.xTaskGetSchedulerState)
    i.xTaskIncrementTick                     0x080033ec   Section        0  tasks.o(i.xTaskIncrementTick)
    i.xTaskResumeAll                         0x080034b8   Section        0  tasks.o(i.xTaskResumeAll)
    x$fpl$fpinit                             0x0800357c   Section       10  fpinit.o(x$fpl$fpinit)
    $v0                                      0x0800357c   Number         0  fpinit.o(x$fpl$fpinit)
    .constdata                               0x08003588   Section        8  borad.o(.constdata)
    .constdata                               0x08003590   Section      152  borad.o(.constdata)
    .constdata                               0x08003628   Section       64  system_stm32l4xx.o(.constdata)
    .constdata                               0x08003668   Section        8  system_stm32l4xx.o(.constdata)
    .constdata                               0x08003670   Section       56  freertos.o(.constdata)
    .constdata                               0x080036a8   Section       17  __printf_flags_ss_wp.o(.constdata)
    maptable                                 0x080036a8   Data          17  __printf_flags_ss_wp.o(.constdata)
    .conststring                             0x080036bc   Section       28  freertos.o(.conststring)
    .data                                    0x20000000   Section        4  system_stm32l4xx.o(.data)
    .data                                    0x20000004   Section       12  timer.o(.data)
    time                                     0x20000008   Data           2  timer.o(.data)
    g_npwm_remain                            0x2000000c   Data           4  timer.o(.data)
    .data                                    0x20000010   Section        8  freertos.o(.data)
    .data                                    0x20000018   Section        3  usart.o(.data)
    rx_buffer                                0x20000018   Data           1  usart.o(.data)
    rx_buffer                                0x20000019   Data           1  usart.o(.data)
    interrupt_buffer                         0x2000001a   Data           1  usart.o(.data)
    .data                                    0x2000001c   Section        4  usart.o(.data)
    .data                                    0x20000020   Section       64  lcd.o(.data)
    .data                                    0x20000060   Section       12  stm32l4xx_hal.o(.data)
    .data                                    0x2000006c   Section       60  tasks.o(.data)
    uxDeletedTasksWaitingCleanUp             0x20000070   Data           4  tasks.o(.data)
    uxCurrentNumberOfTasks                   0x20000074   Data           4  tasks.o(.data)
    xTickCount                               0x20000078   Data           4  tasks.o(.data)
    uxTopReadyPriority                       0x2000007c   Data           4  tasks.o(.data)
    xSchedulerRunning                        0x20000080   Data           4  tasks.o(.data)
    xPendedTicks                             0x20000084   Data           4  tasks.o(.data)
    xYieldPending                            0x20000088   Data           4  tasks.o(.data)
    xNumOfOverflows                          0x2000008c   Data           4  tasks.o(.data)
    uxTaskNumber                             0x20000090   Data           4  tasks.o(.data)
    xNextTaskUnblockTime                     0x20000094   Data           4  tasks.o(.data)
    xIdleTaskHandle                          0x20000098   Data           4  tasks.o(.data)
    uxSchedulerSuspended                     0x2000009c   Data           4  tasks.o(.data)
    pxDelayedTaskList                        0x200000a0   Data           4  tasks.o(.data)
    pxOverflowDelayedTaskList                0x200000a4   Data           4  tasks.o(.data)
    .data                                    0x200000a8   Section       32  heap_4.o(.data)
    pxEnd                                    0x200000a8   Data           4  heap_4.o(.data)
    xFreeBytesRemaining                      0x200000ac   Data           4  heap_4.o(.data)
    xMinimumEverFreeBytesRemaining           0x200000b0   Data           4  heap_4.o(.data)
    xNumberOfSuccessfulAllocations           0x200000b4   Data           4  heap_4.o(.data)
    xNumberOfSuccessfulFrees                 0x200000b8   Data           4  heap_4.o(.data)
    xBlockAllocatedBit                       0x200000bc   Data           4  heap_4.o(.data)
    xStart                                   0x200000c0   Data           8  heap_4.o(.data)
    .data                                    0x200000c8   Section       12  port.o(.data)
    ucMaxSysCallPriority                     0x200000c8   Data           1  port.o(.data)
    uxCriticalNesting                        0x200000cc   Data           4  port.o(.data)
    ulMaxPRIGROUPValue                       0x200000d0   Data           4  port.o(.data)
    .bss                                     0x200000d4   Section       76  stm32l4xx_hal_timebase_tim.o(.bss)
    .bss                                     0x20000120   Section      280  dma.o(.bss)
    g_dma_mem2mem_handle                     0x200001f0   Data          72  dma.o(.bss)
    .bss                                     0x20000238   Section       46  rtc.o(.bss)
    .bss                                     0x20000268   Section      828  timer.o(.bss)
    .bss                                     0x200005a4   Section      596  freertos.o(.bss)
    xIdleTaskTCBBuffer                       0x200005a4   Data          84  freertos.o(.bss)
    xIdleStack                               0x200005f8   Data         512  freertos.o(.bss)
    .bss                                     0x200007f8   Section      396  usart.o(.bss)
    g_uart_rx_buf                            0x200007f8   Data         262  usart.o(.bss)
    .bss                                     0x20000984   Section       20  wdg.o(.bss)
    .bss                                     0x20000998   Section      240  tasks.o(.bss)
    pxReadyTasksLists                        0x20000998   Data         140  tasks.o(.bss)
    xDelayedTaskList1                        0x20000a24   Data          20  tasks.o(.bss)
    xDelayedTaskList2                        0x20000a38   Data          20  tasks.o(.bss)
    xPendingReadyList                        0x20000a4c   Data          20  tasks.o(.bss)
    xTasksWaitingTermination                 0x20000a60   Data          20  tasks.o(.bss)
    xSuspendedTaskList                       0x20000a74   Data          20  tasks.o(.bss)
    .bss                                     0x20000a88   Section     3000  heap_4.o(.bss)
    ucHeap                                   0x20000a88   Data        3000  heap_4.o(.bss)
    .bss                                     0x20001640   Section       96  libspace.o(.bss)
    HEAP                                     0x200016a0   Section      512  startup_stm32l431xx.o(HEAP)
    Heap_Mem                                 0x200016a0   Data         512  startup_stm32l431xx.o(HEAP)
    STACK                                    0x200018a0   Section     4096  startup_stm32l431xx.o(STACK)
    Stack_Mem                                0x200018a0   Data        4096  startup_stm32l431xx.o(STACK)
    __initial_sp                             0x200028a0   Data           0  startup_stm32l431xx.o(STACK)

    Global Symbols

    Symbol Name                              Value     Ov Type        Size  Object(Section)

    BuildAttributes$$THM_ISAv4$E$P$D$K$B$S$7EM$VFPi3$EXTD16$VFPS$VFMA$PE$A:L22UL41UL21$X:L11$S22US41US21$IEEE1$IW$USESV6$~STKCKD$USESV7$~SHL$OTIME$ROPI$IEEEX$EBA8$UX$STANDARDLIB$REQ8$PRES8$EABIv2 0x00000000   Number         0  anon$$obj.o ABSOLUTE
    __ARM_use_no_argv                        0x00000000   Number         0  main.o ABSOLUTE
    _printf_flags                            0x00000000   Number         0  printf_stubs.o ABSOLUTE
    _printf_return_value                     0x00000000   Number         0  printf_stubs.o ABSOLUTE
    _printf_sizespec                         0x00000000   Number         0  printf_stubs.o ABSOLUTE
    _printf_widthprec                        0x00000000   Number         0  printf_stubs.o ABSOLUTE
    __ARM_exceptions_init                     - Undefined Weak Reference
    __alloca_initialize                       - Undefined Weak Reference
    __arm_preinit_                            - Undefined Weak Reference
    __cpp_initialize__aeabi_                  - Undefined Weak Reference
    __cxa_finalize                            - Undefined Weak Reference
    __sigvec_lookup                           - Undefined Weak Reference
    _atexit_init                              - Undefined Weak Reference
    _call_atexit_fns                          - Undefined Weak Reference
    _clock_init                               - Undefined Weak Reference
    _fp_trap_init                             - Undefined Weak Reference
    _fp_trap_shutdown                         - Undefined Weak Reference
    _get_lc_collate                           - Undefined Weak Reference
    _get_lc_monetary                          - Undefined Weak Reference
    _get_lc_time                              - Undefined Weak Reference
    _getenv_init                              - Undefined Weak Reference
    _handle_redirection                       - Undefined Weak Reference
    _init_alloc                               - Undefined Weak Reference
    _init_user_alloc                          - Undefined Weak Reference
    _initio                                   - Undefined Weak Reference
    _mutex_acquire                            - Undefined Weak Reference
    _mutex_release                            - Undefined Weak Reference
    _printf_mbtowc                            - Undefined Weak Reference
    _printf_wc                                - Undefined Weak Reference
    _rand_init                                - Undefined Weak Reference
    _signal_finish                            - Undefined Weak Reference
    _signal_init                              - Undefined Weak Reference
    _terminate_alloc                          - Undefined Weak Reference
    _terminate_user_alloc                     - Undefined Weak Reference
    _terminateio                              - Undefined Weak Reference
    __Vectors_Size                           0x0000018c   Number         0  startup_stm32l431xx.o ABSOLUTE
    __Vectors                                0x08000000   Data           4  startup_stm32l431xx.o(RESET)
    __Vectors_End                            0x0800018c   Data           0  startup_stm32l431xx.o(RESET)
    __main                                   0x0800018d   Thumb Code     8  __main.o(!!!main)
    __scatterload                            0x08000195   Thumb Code     0  __scatter.o(!!!scatter)
    __scatterload_rt2                        0x08000195   Thumb Code    44  __scatter.o(!!!scatter)
    __scatterload_rt2_thumb_only             0x08000195   Thumb Code     0  __scatter.o(!!!scatter)
    __scatterload_null                       0x080001a3   Thumb Code     0  __scatter.o(!!!scatter)
    __scatterload_copy                       0x080001c9   Thumb Code    26  __scatter_copy.o(!!handler_copy)
    __scatterload_zeroinit                   0x080001e5   Thumb Code    28  __scatter_zi.o(!!handler_zi)
    _printf_d                                0x08000201   Thumb Code     0  _printf_d.o(.ARM.Collect$$_printf_percent$$00000009)
    _printf_percent                          0x08000201   Thumb Code     0  _printf_percent.o(.ARM.Collect$$_printf_percent$$00000000)
    _printf_percent_end                      0x08000207   Thumb Code     0  _printf_percent_end.o(.ARM.Collect$$_printf_percent$$00000017)
    __rt_lib_init                            0x0800020b   Thumb Code     0  libinit.o(.ARM.Collect$$libinit$$00000000)
    __rt_lib_init_fp_1                       0x0800020d   Thumb Code     0  libinit2.o(.ARM.Collect$$libinit$$00000001)
    __rt_lib_init_alloca_1                   0x08000211   Thumb Code     0  libinit2.o(.ARM.Collect$$libinit$$0000002E)
    __rt_lib_init_argv_1                     0x08000211   Thumb Code     0  libinit2.o(.ARM.Collect$$libinit$$0000002C)
    __rt_lib_init_atexit_1                   0x08000211   Thumb Code     0  libinit2.o(.ARM.Collect$$libinit$$0000001B)
    __rt_lib_init_clock_1                    0x08000211   Thumb Code     0  libinit2.o(.ARM.Collect$$libinit$$00000021)
    __rt_lib_init_cpp_1                      0x08000211   Thumb Code     0  libinit2.o(.ARM.Collect$$libinit$$00000032)
    __rt_lib_init_exceptions_1               0x08000211   Thumb Code     0  libinit2.o(.ARM.Collect$$libinit$$00000030)
    __rt_lib_init_fp_trap_1                  0x08000211   Thumb Code     0  libinit2.o(.ARM.Collect$$libinit$$0000001F)
    __rt_lib_init_getenv_1                   0x08000211   Thumb Code     0  libinit2.o(.ARM.Collect$$libinit$$00000023)
    __rt_lib_init_heap_1                     0x08000211   Thumb Code     0  libinit2.o(.ARM.Collect$$libinit$$0000000A)
    __rt_lib_init_lc_collate_1               0x08000211   Thumb Code     0  libinit2.o(.ARM.Collect$$libinit$$00000011)
    __rt_lib_init_lc_ctype_1                 0x08000211   Thumb Code     0  libinit2.o(.ARM.Collect$$libinit$$00000013)
    __rt_lib_init_lc_monetary_1              0x08000211   Thumb Code     0  libinit2.o(.ARM.Collect$$libinit$$00000015)
    __rt_lib_init_lc_numeric_1               0x08000211   Thumb Code     0  libinit2.o(.ARM.Collect$$libinit$$00000017)
    __rt_lib_init_lc_time_1                  0x08000211   Thumb Code     0  libinit2.o(.ARM.Collect$$libinit$$00000019)
    __rt_lib_init_preinit_1                  0x08000211   Thumb Code     0  libinit2.o(.ARM.Collect$$libinit$$00000004)
    __rt_lib_init_rand_1                     0x08000211   Thumb Code     0  libinit2.o(.ARM.Collect$$libinit$$0000000E)
    __rt_lib_init_return                     0x08000211   Thumb Code     0  libinit2.o(.ARM.Collect$$libinit$$00000033)
    __rt_lib_init_signal_1                   0x08000211   Thumb Code     0  libinit2.o(.ARM.Collect$$libinit$$0000001D)
    __rt_lib_init_stdio_1                    0x08000211   Thumb Code     0  libinit2.o(.ARM.Collect$$libinit$$00000025)
    __rt_lib_init_user_alloc_1               0x08000211   Thumb Code     0  libinit2.o(.ARM.Collect$$libinit$$0000000C)
    __rt_lib_shutdown                        0x08000213   Thumb Code     0  libshutdown.o(.ARM.Collect$$libshutdown$$00000000)
    __rt_lib_shutdown_cpp_1                  0x08000215   Thumb Code     0  libshutdown2.o(.ARM.Collect$$libshutdown$$00000002)
    __rt_lib_shutdown_fp_trap_1              0x08000215   Thumb Code     0  libshutdown2.o(.ARM.Collect$$libshutdown$$00000007)
    __rt_lib_shutdown_heap_1                 0x08000215   Thumb Code     0  libshutdown2.o(.ARM.Collect$$libshutdown$$0000000F)
    __rt_lib_shutdown_return                 0x08000215   Thumb Code     0  libshutdown2.o(.ARM.Collect$$libshutdown$$00000010)
    __rt_lib_shutdown_signal_1               0x08000215   Thumb Code     0  libshutdown2.o(.ARM.Collect$$libshutdown$$0000000A)
    __rt_lib_shutdown_stdio_1                0x08000215   Thumb Code     0  libshutdown2.o(.ARM.Collect$$libshutdown$$00000004)
    __rt_lib_shutdown_user_alloc_1           0x08000215   Thumb Code     0  libshutdown2.o(.ARM.Collect$$libshutdown$$0000000C)
    __rt_entry                               0x08000217   Thumb Code     0  __rtentry.o(.ARM.Collect$$rtentry$$00000000)
    __rt_entry_presh_1                       0x08000217   Thumb Code     0  __rtentry2.o(.ARM.Collect$$rtentry$$00000002)
    __rt_entry_sh                            0x08000217   Thumb Code     0  __rtentry4.o(.ARM.Collect$$rtentry$$00000004)
    __rt_entry_li                            0x0800021d   Thumb Code     0  __rtentry2.o(.ARM.Collect$$rtentry$$0000000A)
    __rt_entry_postsh_1                      0x0800021d   Thumb Code     0  __rtentry2.o(.ARM.Collect$$rtentry$$00000009)
    __rt_entry_main                          0x08000221   Thumb Code     0  __rtentry2.o(.ARM.Collect$$rtentry$$0000000D)
    __rt_entry_postli_1                      0x08000221   Thumb Code     0  __rtentry2.o(.ARM.Collect$$rtentry$$0000000C)
    __rt_exit                                0x08000229   Thumb Code     0  rtexit.o(.ARM.Collect$$rtexit$$00000000)
    __rt_exit_ls                             0x0800022b   Thumb Code     0  rtexit2.o(.ARM.Collect$$rtexit$$00000003)
    __rt_exit_prels_1                        0x0800022b   Thumb Code     0  rtexit2.o(.ARM.Collect$$rtexit$$00000002)
    __rt_exit_exit                           0x0800022f   Thumb Code     0  rtexit2.o(.ARM.Collect$$rtexit$$00000004)
    SVC_Handler                              0x08000235   Thumb Code    28  port.o(.emb_text)
    __asm___6_port_c_39a90d8d__prvStartFirstTask 0x08000255   Thumb Code    36  port.o(.emb_text)
    __asm___6_port_c_39a90d8d__prvEnableVFP  0x0800027d   Thumb Code    16  port.o(.emb_text)
    PendSV_Handler                           0x08000291   Thumb Code    88  port.o(.emb_text)
    vPortGetIPSR                             0x080002ed   Thumb Code     6  port.o(.emb_text)
    Reset_Handler                            0x08000315   Thumb Code     8  startup_stm32l431xx.o(.text)
    ADC1_IRQHandler                          0x0800032f   Thumb Code     0  startup_stm32l431xx.o(.text)
    CAN1_RX0_IRQHandler                      0x0800032f   Thumb Code     0  startup_stm32l431xx.o(.text)
    CAN1_RX1_IRQHandler                      0x0800032f   Thumb Code     0  startup_stm32l431xx.o(.text)
    CAN1_SCE_IRQHandler                      0x0800032f   Thumb Code     0  startup_stm32l431xx.o(.text)
    CAN1_TX_IRQHandler                       0x0800032f   Thumb Code     0  startup_stm32l431xx.o(.text)
    COMP_IRQHandler                          0x0800032f   Thumb Code     0  startup_stm32l431xx.o(.text)
    CRS_IRQHandler                           0x0800032f   Thumb Code     0  startup_stm32l431xx.o(.text)
    DMA1_Channel1_IRQHandler                 0x0800032f   Thumb Code     0  startup_stm32l431xx.o(.text)
    DMA1_Channel2_IRQHandler                 0x0800032f   Thumb Code     0  startup_stm32l431xx.o(.text)
    DMA1_Channel4_IRQHandler                 0x0800032f   Thumb Code     0  startup_stm32l431xx.o(.text)
    DMA1_Channel5_IRQHandler                 0x0800032f   Thumb Code     0  startup_stm32l431xx.o(.text)
    DMA2_Channel1_IRQHandler                 0x0800032f   Thumb Code     0  startup_stm32l431xx.o(.text)
    DMA2_Channel2_IRQHandler                 0x0800032f   Thumb Code     0  startup_stm32l431xx.o(.text)
    DMA2_Channel3_IRQHandler                 0x0800032f   Thumb Code     0  startup_stm32l431xx.o(.text)
    DMA2_Channel4_IRQHandler                 0x0800032f   Thumb Code     0  startup_stm32l431xx.o(.text)
    DMA2_Channel5_IRQHandler                 0x0800032f   Thumb Code     0  startup_stm32l431xx.o(.text)
    DMA2_Channel6_IRQHandler                 0x0800032f   Thumb Code     0  startup_stm32l431xx.o(.text)
    DMA2_Channel7_IRQHandler                 0x0800032f   Thumb Code     0  startup_stm32l431xx.o(.text)
    EXTI15_10_IRQHandler                     0x0800032f   Thumb Code     0  startup_stm32l431xx.o(.text)
    EXTI1_IRQHandler                         0x0800032f   Thumb Code     0  startup_stm32l431xx.o(.text)
    EXTI2_IRQHandler                         0x0800032f   Thumb Code     0  startup_stm32l431xx.o(.text)
    EXTI9_5_IRQHandler                       0x0800032f   Thumb Code     0  startup_stm32l431xx.o(.text)
    FLASH_IRQHandler                         0x0800032f   Thumb Code     0  startup_stm32l431xx.o(.text)
    FPU_IRQHandler                           0x0800032f   Thumb Code     0  startup_stm32l431xx.o(.text)
    I2C1_ER_IRQHandler                       0x0800032f   Thumb Code     0  startup_stm32l431xx.o(.text)
    I2C1_EV_IRQHandler                       0x0800032f   Thumb Code     0  startup_stm32l431xx.o(.text)
    I2C2_ER_IRQHandler                       0x0800032f   Thumb Code     0  startup_stm32l431xx.o(.text)
    I2C2_EV_IRQHandler                       0x0800032f   Thumb Code     0  startup_stm32l431xx.o(.text)
    I2C3_ER_IRQHandler                       0x0800032f   Thumb Code     0  startup_stm32l431xx.o(.text)
    I2C3_EV_IRQHandler                       0x0800032f   Thumb Code     0  startup_stm32l431xx.o(.text)
    LPTIM1_IRQHandler                        0x0800032f   Thumb Code     0  startup_stm32l431xx.o(.text)
    LPTIM2_IRQHandler                        0x0800032f   Thumb Code     0  startup_stm32l431xx.o(.text)
    LPUART1_IRQHandler                       0x0800032f   Thumb Code     0  startup_stm32l431xx.o(.text)
    QUADSPI_IRQHandler                       0x0800032f   Thumb Code     0  startup_stm32l431xx.o(.text)
    RCC_IRQHandler                           0x0800032f   Thumb Code     0  startup_stm32l431xx.o(.text)
    RNG_IRQHandler                           0x0800032f   Thumb Code     0  startup_stm32l431xx.o(.text)
    RTC_WKUP_IRQHandler                      0x0800032f   Thumb Code     0  startup_stm32l431xx.o(.text)
    SAI1_IRQHandler                          0x0800032f   Thumb Code     0  startup_stm32l431xx.o(.text)
    SDMMC1_IRQHandler                        0x0800032f   Thumb Code     0  startup_stm32l431xx.o(.text)
    SPI1_IRQHandler                          0x0800032f   Thumb Code     0  startup_stm32l431xx.o(.text)
    SPI2_IRQHandler                          0x0800032f   Thumb Code     0  startup_stm32l431xx.o(.text)
    SPI3_IRQHandler                          0x0800032f   Thumb Code     0  startup_stm32l431xx.o(.text)
    SWPMI1_IRQHandler                        0x0800032f   Thumb Code     0  startup_stm32l431xx.o(.text)
    TAMP_STAMP_IRQHandler                    0x0800032f   Thumb Code     0  startup_stm32l431xx.o(.text)
    TIM1_BRK_TIM15_IRQHandler                0x0800032f   Thumb Code     0  startup_stm32l431xx.o(.text)
    TIM1_TRG_COM_IRQHandler                  0x0800032f   Thumb Code     0  startup_stm32l431xx.o(.text)
    TSC_IRQHandler                           0x0800032f   Thumb Code     0  startup_stm32l431xx.o(.text)
    USART1_IRQHandler                        0x0800032f   Thumb Code     0  startup_stm32l431xx.o(.text)
    USART3_IRQHandler                        0x0800032f   Thumb Code     0  startup_stm32l431xx.o(.text)
    __user_initial_stackheap                 0x08000331   Thumb Code     0  startup_stm32l431xx.o(.text)
    __use_no_semihosting                     0x08000355   Thumb Code     2  use_no_semi_2.o(.text)
    __2printf                                0x08000359   Thumb Code    20  __2printf.o(.text)
    _printf_int_dec                          0x08000371   Thumb Code   104  _printf_dec.o(.text)
    __printf                                 0x080003e9   Thumb Code   388  __printf_flags_ss_wp.o(.text)
    __aeabi_memcpy4                          0x08000577   Thumb Code     0  rt_memcpy_w.o(.text)
    __aeabi_memcpy8                          0x08000577   Thumb Code     0  rt_memcpy_w.o(.text)
    __rt_memcpy_w                            0x08000577   Thumb Code   100  rt_memcpy_w.o(.text)
    _memcpy_lastbytes_aligned                0x080005bf   Thumb Code     0  rt_memcpy_w.o(.text)
    __aeabi_memclr4                          0x080005db   Thumb Code     0  rt_memclr_w.o(.text)
    __aeabi_memclr8                          0x080005db   Thumb Code     0  rt_memclr_w.o(.text)
    __rt_memclr_w                            0x080005db   Thumb Code    78  rt_memclr_w.o(.text)
    _memset_w                                0x080005df   Thumb Code     0  rt_memclr_w.o(.text)
    __use_two_region_memory                  0x08000629   Thumb Code     2  heapauxi.o(.text)
    __rt_heap_escrow$2region                 0x0800062b   Thumb Code     2  heapauxi.o(.text)
    __rt_heap_expand$2region                 0x0800062d   Thumb Code     2  heapauxi.o(.text)
    __semihosting$guard                      0x0800062f   Thumb Code     0  use_no_semi.o(.text)
    __use_no_semihosting_swi                 0x0800062f   Thumb Code     2  use_no_semi.o(.text)
    _printf_int_common                       0x08000631   Thumb Code   178  _printf_intcommon.o(.text)
    _printf_char_common                      0x080006ef   Thumb Code    32  _printf_char_common.o(.text)
    _printf_char_file                        0x08000715   Thumb Code    32  _printf_char_file.o(.text)
    ferror                                   0x08000739   Thumb Code     8  ferror.o(.text)
    __user_libspace                          0x08000741   Thumb Code     8  libspace.o(.text)
    __user_perproc_libspace                  0x08000741   Thumb Code     0  libspace.o(.text)
    __user_perthread_libspace                0x08000741   Thumb Code     0  libspace.o(.text)
    __user_setup_stackheap                   0x08000749   Thumb Code    74  sys_stackheap_outer.o(.text)
    exit                                     0x08000793   Thumb Code    18  exit.o(.text)
    BusFault_Handler                         0x080007a5   Thumb Code     2  stm32l4xx_it.o(i.BusFault_Handler)
    DMA1_Channel3_IRQHandler                 0x080007a9   Thumb Code     6  dma.o(i.DMA1_Channel3_IRQHandler)
    DMA1_Channel6_IRQHandler                 0x080007b5   Thumb Code     6  dma.o(i.DMA1_Channel6_IRQHandler)
    DMA1_Channel7_IRQHandler                 0x080007c1   Thumb Code     6  dma.o(i.DMA1_Channel7_IRQHandler)
    DebugMon_Handler                         0x080007cd   Thumb Code     2  stm32l4xx_it.o(i.DebugMon_Handler)
    EXTI0_IRQHandler                         0x080007cf   Thumb Code     6  pwr.o(i.EXTI0_IRQHandler)
    EXTI3_IRQHandler                         0x080007d5   Thumb Code    28  borad.o(i.EXTI3_IRQHandler)
    EXTI4_IRQHandler                         0x080007f9   Thumb Code    22  borad.o(i.EXTI4_IRQHandler)
    HAL_DMA_Abort                            0x08000819   Thumb Code    74  stm32l4xx_hal_dma.o(i.HAL_DMA_Abort)
    HAL_DMA_Abort_IT                         0x08000863   Thumb Code    78  stm32l4xx_hal_dma.o(i.HAL_DMA_Abort_IT)
    HAL_DMA_IRQHandler                       0x080008b1   Thumb Code   186  stm32l4xx_hal_dma.o(i.HAL_DMA_IRQHandler)
    HAL_Delay                                0x0800096d   Thumb Code    32  stm32l4xx_hal.o(i.HAL_Delay)
    HAL_GPIO_EXTI_Callback                   0x08000991   Thumb Code     2  stm32l4xx_hal_gpio.o(i.HAL_GPIO_EXTI_Callback)
    HAL_GPIO_EXTI_IRQHandler                 0x08000995   Thumb Code    18  stm32l4xx_hal_gpio.o(i.HAL_GPIO_EXTI_IRQHandler)
    HAL_GPIO_Init                            0x080009ad   Thumb Code   434  stm32l4xx_hal_gpio.o(i.HAL_GPIO_Init)
    HAL_GPIO_TogglePin                       0x08000b83   Thumb Code    16  stm32l4xx_hal_gpio.o(i.HAL_GPIO_TogglePin)
    HAL_GPIO_WritePin                        0x08000b93   Thumb Code    10  stm32l4xx_hal_gpio.o(i.HAL_GPIO_WritePin)
    HAL_GetTick                              0x08000b9d   Thumb Code     6  stm32l4xx_hal.o(i.HAL_GetTick)
    HAL_IncTick                              0x08000ba9   Thumb Code    12  stm32l4xx_hal.o(i.HAL_IncTick)
    HAL_Init                                 0x08000bb9   Thumb Code    30  stm32l4xx_hal.o(i.HAL_Init)
    HAL_InitTick                             0x08000bd9   Thumb Code   132  stm32l4xx_hal_timebase_tim.o(i.HAL_InitTick)
    HAL_MspInit                              0x08000c71   Thumb Code    48  stm32l4xx_hal_msp.o(i.HAL_MspInit)
    HAL_NVIC_EnableIRQ                       0x08000ca5   Thumb Code    26  stm32l4xx_hal_cortex.o(i.HAL_NVIC_EnableIRQ)
    HAL_NVIC_SetPriority                     0x08000cc1   Thumb Code    60  stm32l4xx_hal_cortex.o(i.HAL_NVIC_SetPriority)
    HAL_NVIC_SetPriorityGrouping             0x08000d01   Thumb Code    26  stm32l4xx_hal_cortex.o(i.HAL_NVIC_SetPriorityGrouping)
    HAL_PWREx_GetVoltageRange                0x08000d25   Thumb Code    10  stm32l4xx_hal_pwr_ex.o(i.HAL_PWREx_GetVoltageRange)
    HAL_PWREx_PVD_PVM_IRQHandler             0x08000d35   Thumb Code    54  stm32l4xx_hal_pwr_ex.o(i.HAL_PWREx_PVD_PVM_IRQHandler)
    HAL_PWREx_PVM3Callback                   0x08000d71   Thumb Code     2  stm32l4xx_hal_pwr_ex.o(i.HAL_PWREx_PVM3Callback)
    HAL_PWREx_PVM4Callback                   0x08000d73   Thumb Code     2  stm32l4xx_hal_pwr_ex.o(i.HAL_PWREx_PVM4Callback)
    HAL_PWR_PVDCallback                      0x08000d75   Thumb Code    18  pwr.o(i.HAL_PWR_PVDCallback)
    HAL_RCC_ClockConfig                      0x08000dad   Thumb Code   304  stm32l4xx_hal_rcc.o(i.HAL_RCC_ClockConfig)
    HAL_RCC_GetClockConfig                   0x08000ef1   Thumb Code    54  stm32l4xx_hal_rcc.o(i.HAL_RCC_GetClockConfig)
    HAL_RCC_GetPCLK1Freq                     0x08000f31   Thumb Code    24  stm32l4xx_hal_rcc.o(i.HAL_RCC_GetPCLK1Freq)
    HAL_RCC_GetSysClockFreq                  0x08000f55   Thumb Code   150  stm32l4xx_hal_rcc.o(i.HAL_RCC_GetSysClockFreq)
    HAL_RCC_OscConfig                        0x08000ff9   Thumb Code  1366  stm32l4xx_hal_rcc.o(i.HAL_RCC_OscConfig)
    HAL_RTCEx_AlarmBEventCallback            0x08001559   Thumb Code     2  stm32l4xx_hal_rtc_ex.o(i.HAL_RTCEx_AlarmBEventCallback)
    HAL_RTC_AlarmAEventCallback              0x0800155d   Thumb Code    32  rtc.o(i.HAL_RTC_AlarmAEventCallback)
    HAL_RTC_AlarmIRQHandler                  0x080015a1   Thumb Code    84  stm32l4xx_hal_rtc.o(i.HAL_RTC_AlarmIRQHandler)
    HAL_RTC_GetDate                          0x080015f9   Thumb Code    62  stm32l4xx_hal_rtc.o(i.HAL_RTC_GetDate)
    HAL_RTC_GetTime                          0x0800163d   Thumb Code    78  stm32l4xx_hal_rtc.o(i.HAL_RTC_GetTime)
    HAL_TIMEx_Break2Callback                 0x08001691   Thumb Code     2  stm32l4xx_hal_tim_ex.o(i.HAL_TIMEx_Break2Callback)
    HAL_TIMEx_BreakCallback                  0x08001693   Thumb Code     2  stm32l4xx_hal_tim_ex.o(i.HAL_TIMEx_BreakCallback)
    HAL_TIMEx_CommutCallback                 0x08001695   Thumb Code     2  stm32l4xx_hal_tim_ex.o(i.HAL_TIMEx_CommutCallback)
    HAL_TIM_Base_Init                        0x08001697   Thumb Code    98  stm32l4xx_hal_tim.o(i.HAL_TIM_Base_Init)
    HAL_TIM_Base_MspInit                     0x080016f9   Thumb Code   158  timer.o(i.HAL_TIM_Base_MspInit)
    HAL_TIM_Base_Start_IT                    0x080017a9   Thumb Code    76  stm32l4xx_hal_tim.o(i.HAL_TIM_Base_Start_IT)
    HAL_TIM_GenerateEvent                    0x08001801   Thumb Code    38  stm32l4xx_hal_tim.o(i.HAL_TIM_GenerateEvent)
    HAL_TIM_IC_CaptureCallback               0x08001829   Thumb Code   150  timer.o(i.HAL_TIM_IC_CaptureCallback)
    HAL_TIM_IRQHandler                       0x080018cd   Thumb Code   388  stm32l4xx_hal_tim.o(i.HAL_TIM_IRQHandler)
    HAL_TIM_OC_DelayElapsedCallback          0x08001a51   Thumb Code     2  stm32l4xx_hal_tim.o(i.HAL_TIM_OC_DelayElapsedCallback)
    HAL_TIM_PWM_PulseFinishedCallback        0x08001a53   Thumb Code     2  stm32l4xx_hal_tim.o(i.HAL_TIM_PWM_PulseFinishedCallback)
    HAL_TIM_PeriodElapsedCallback            0x08001a55   Thumb Code   120  timer.o(i.HAL_TIM_PeriodElapsedCallback)
    HAL_TIM_ReadCapturedValue                0x08001ae5   Thumb Code    42  stm32l4xx_hal_tim.o(i.HAL_TIM_ReadCapturedValue)
    HAL_TIM_TriggerCallback                  0x08001b0f   Thumb Code     2  stm32l4xx_hal_tim.o(i.HAL_TIM_TriggerCallback)
    HAL_UARTEx_RxEventCallback               0x08001b11   Thumb Code     2  stm32l4xx_hal_uart.o(i.HAL_UARTEx_RxEventCallback)
    HAL_UARTEx_WakeupCallback                0x08001b13   Thumb Code     2  stm32l4xx_hal_uart_ex.o(i.HAL_UARTEx_WakeupCallback)
    HAL_UART_ErrorCallback                   0x08001b15   Thumb Code    24  usart.o(i.HAL_UART_ErrorCallback)
    HAL_UART_IRQHandler                      0x08001b39   Thumb Code   652  stm32l4xx_hal_uart.o(i.HAL_UART_IRQHandler)
    HAL_UART_Receive_IT                      0x08001dcd   Thumb Code    78  stm32l4xx_hal_uart.o(i.HAL_UART_Receive_IT)
    HAL_UART_RxCpltCallback                  0x08001e21   Thumb Code    62  usart.o(i.HAL_UART_RxCpltCallback)
    HAL_UART_TxCpltCallback                  0x08001e71   Thumb Code     2  stm32l4xx_hal_uart.o(i.HAL_UART_TxCpltCallback)
    HAL_WWDG_EarlyWakeupCallback             0x08001e75   Thumb Code     6  wdg.o(i.HAL_WWDG_EarlyWakeupCallback)
    HAL_WWDG_IRQHandler                      0x08001e81   Thumb Code    30  stm32l4xx_hal_wwdg.o(i.HAL_WWDG_IRQHandler)
    HAL_WWDG_Refresh                         0x08001e9f   Thumb Code    10  stm32l4xx_hal_wwdg.o(i.HAL_WWDG_Refresh)
    HardFault_Handler                        0x08001ea9   Thumb Code     2  stm32l4xx_it.o(i.HardFault_Handler)
    LCD_GPIO_Init                            0x08001ead   Thumb Code   170  lcd.o(i.LCD_GPIO_Init)
    MX_FREERTOS_Init                         0x08001f91   Thumb Code    52  freertos.o(i.MX_FREERTOS_Init)
    MX_GPIO_Init                             0x08001fcd   Thumb Code   110  gpio.o(i.MX_GPIO_Init)
    MemManage_Handler                        0x08002045   Thumb Code     2  stm32l4xx_it.o(i.MemManage_Handler)
    NMI_Handler                              0x08002047   Thumb Code     2  stm32l4xx_it.o(i.NMI_Handler)
    PVD_PVM_IRQHandler                       0x08002049   Thumb Code     4  pwr.o(i.PVD_PVM_IRQHandler)
    RTC_Alarm_IRQHandler                     0x080020c9   Thumb Code     6  rtc.o(i.RTC_Alarm_IRQHandler)
    RTC_Bcd2ToByte                           0x080020d5   Thumb Code    18  stm32l4xx_hal_rtc.o(i.RTC_Bcd2ToByte)
    StartDefaultTask                         0x08002119   Thumb Code    20  freertos.o(i.StartDefaultTask)
    StartLed                                 0x0800212d   Thumb Code    26  freertos.o(i.StartLed)
    SysTick_Handler                          0x0800214d   Thumb Code    38  port.o(i.SysTick_Handler)
    SystemInit                               0x08002179   Thumb Code    12  system_stm32l4xx.o(i.SystemInit)
    TIM1_CC_IRQHandler                       0x08002189   Thumb Code     6  timer.o(i.TIM1_CC_IRQHandler)
    TIM1_UP_TIM16_IRQHandler                 0x08002195   Thumb Code   100  timer.o(i.TIM1_UP_TIM16_IRQHandler)
    TIM2_IRQHandler                          0x08002205   Thumb Code     6  timer.o(i.TIM2_IRQHandler)
    TIM6_DAC_IRQHandler                      0x08002211   Thumb Code     6  timer.o(i.TIM6_DAC_IRQHandler)
    TIM7_IRQHandler                          0x0800221d   Thumb Code     6  stm32l4xx_it.o(i.TIM7_IRQHandler)
    TIM_Base_SetConfig                       0x08002229   Thumb Code    94  stm32l4xx_hal_tim.o(i.TIM_Base_SetConfig)
    UART_Start_Receive_IT                    0x08002431   Thumb Code   176  stm32l4xx_hal_uart.o(i.UART_Start_Receive_IT)
    USART2_IRQHandler                        0x080024e9   Thumb Code     6  usart.o(i.USART2_IRQHandler)
    UsageFault_Handler                       0x080024f5   Thumb Code     2  stm32l4xx_it.o(i.UsageFault_Handler)
    WWDG_IRQHandler                          0x080024f9   Thumb Code     6  wdg.o(i.WWDG_IRQHandler)
    _is_digit                                0x08002525   Thumb Code    14  __printf_wp.o(i._is_digit)
    _sys_exit                                0x08002533   Thumb Code     2  usart.o(i._sys_exit)
    delay_ms                                 0x08002535   Thumb Code    50  delay.o(i.delay_ms)
    fputc                                    0x08002569   Thumb Code    18  usart.o(i.fputc)
    lcd_clear                                0x08002581   Thumb Code    72  lcd.o(i.lcd_clear)
    lcd_display_dir                          0x080025cd   Thumb Code    26  lcd.o(i.lcd_display_dir)
    lcd_init                                 0x080025ed   Thumb Code   596  lcd.o(i.lcd_init)
    lcd_scan_dir                             0x08002845   Thumb Code   120  lcd.o(i.lcd_scan_dir)
    main                                     0x08002965   Thumb Code    36  main.o(i.main)
    osDelay                                  0x08002995   Thumb Code    14  cmsis_os.o(i.osDelay)
    osKernelStart                            0x080029a3   Thumb Code    10  cmsis_os.o(i.osKernelStart)
    osThreadCreate                           0x080029ad   Thumb Code    84  cmsis_os.o(i.osThreadCreate)
    pvPortMalloc                             0x08002d49   Thumb Code   216  heap_4.o(i.pvPortMalloc)
    pxPortInitialiseStack                    0x08002e25   Thumb Code    40  port.o(i.pxPortInitialiseStack)
    rtc_get_time                             0x08002e51   Thumb Code    94  rtc.o(i.rtc_get_time)
    sys_stm32_clock_init                     0x08002eed   Thumb Code   128  sys.o(i.sys_stm32_clock_init)
    uxListRemove                             0x08002f71   Thumb Code    38  list.o(i.uxListRemove)
    vApplicationGetIdleTaskMemory            0x08002f99   Thumb Code    16  freertos.o(i.vApplicationGetIdleTaskMemory)
    vListInitialise                          0x08002fad   Thumb Code    22  list.o(i.vListInitialise)
    vListInitialiseItem                      0x08002fc3   Thumb Code     6  list.o(i.vListInitialiseItem)
    vListInsert                              0x08002fc9   Thumb Code    48  list.o(i.vListInsert)
    vListInsertEnd                           0x08002ff9   Thumb Code    24  list.o(i.vListInsertEnd)
    vPortEnterCritical                       0x08003011   Thumb Code    54  port.o(i.vPortEnterCritical)
    vPortExitCritical                        0x08003051   Thumb Code    34  port.o(i.vPortExitCritical)
    vPortFree                                0x08003079   Thumb Code    94  heap_4.o(i.vPortFree)
    vPortSetupTimerInterrupt                 0x080030dd   Thumb Code    32  port.o(i.vPortSetupTimerInterrupt)
    vTaskDelay                               0x08003101   Thumb Code    66  tasks.o(i.vTaskDelay)
    vTaskStartScheduler                      0x0800314d   Thumb Code    90  tasks.o(i.vTaskStartScheduler)
    vTaskSuspendAll                          0x080031b9   Thumb Code    10  tasks.o(i.vTaskSuspendAll)
    vTaskSwitchContext                       0x080031c9   Thumb Code    82  tasks.o(i.vTaskSwitchContext)
    xPortStartScheduler                      0x08003225   Thumb Code   222  port.o(i.xPortStartScheduler)
    xTaskCreate                              0x08003319   Thumb Code    90  tasks.o(i.xTaskCreate)
    xTaskCreateStatic                        0x08003379   Thumb Code    86  tasks.o(i.xTaskCreateStatic)
    xTaskGetSchedulerState                   0x080033d1   Thumb Code    22  tasks.o(i.xTaskGetSchedulerState)
    xTaskIncrementTick                       0x080033ed   Thumb Code   194  tasks.o(i.xTaskIncrementTick)
    xTaskResumeAll                           0x080034b9   Thumb Code   182  tasks.o(i.xTaskResumeAll)
    _fp_init                                 0x0800357d   Thumb Code    10  fpinit.o(x$fpl$fpinit)
    __fplib_config_fpu_vfp                   0x08003585   Thumb Code     0  fpinit.o(x$fpl$fpinit)
    __fplib_config_pureend_doubles           0x08003585   Thumb Code     0  fpinit.o(x$fpl$fpinit)
    LED                                      0x08003588   Data           8  borad.o(.constdata)
    AHBPrescTable                            0x08003628   Data          16  system_stm32l4xx.o(.constdata)
    MSIRangeTable                            0x08003638   Data          48  system_stm32l4xx.o(.constdata)
    APBPrescTable                            0x08003668   Data           8  system_stm32l4xx.o(.constdata)
    Region$$Table$$Base                      0x080036d8   Number         0  anon$$obj.o(Region$$Table)
    Region$$Table$$Limit                     0x080036f8   Number         0  anon$$obj.o(Region$$Table)
    SystemCoreClock                          0x20000000   Data           4  system_stm32l4xx.o(.data)
    g_timxchy_cap_sta                        0x20000004   Data           1  timer.o(.data)
    g_timxchy_cap_val                        0x20000006   Data           2  timer.o(.data)
    defaultTaskHandle                        0x20000010   Data           4  freertos.o(.data)
    ledToggleTaskHandle                      0x20000014   Data           4  freertos.o(.data)
    __stdout                                 0x2000001c   Data           4  usart.o(.data)
    spilcd_dir                               0x20000020   Data           1  lcd.o(.data)
    spilcd_width                             0x20000022   Data           2  lcd.o(.data)
    spilcd_height                            0x20000024   Data           2  lcd.o(.data)
    g_point_color                            0x20000028   Data           4  lcd.o(.data)
    g_back_color                             0x2000002c   Data           4  lcd.o(.data)
    LCD_SCL_PIN                              0x20000030   Data           8  lcd.o(.data)
    LCD_SDA_PIN                              0x20000038   Data           8  lcd.o(.data)
    LCD_RES_PIN                              0x20000040   Data           8  lcd.o(.data)
    LCD_DC_PIN                               0x20000048   Data           8  lcd.o(.data)
    LCD_CS_PIN                               0x20000050   Data           8  lcd.o(.data)
    LCD_BLK_PIN                              0x20000058   Data           8  lcd.o(.data)
    uwTickFreq                               0x20000060   Data           1  stm32l4xx_hal.o(.data)
    uwTickPrio                               0x20000064   Data           4  stm32l4xx_hal.o(.data)
    uwTick                                   0x20000068   Data           4  stm32l4xx_hal.o(.data)
    pxCurrentTCB                             0x2000006c   Data           4  tasks.o(.data)
    htim7                                    0x200000d4   Data          76  stm32l4xx_hal_timebase_tim.o(.bss)
    g_dma_tx_handle                          0x20000120   Data          72  dma.o(.bss)
    g_dma_rx_handle                          0x20000168   Data          72  dma.o(.bss)
    g_rx_buffer                              0x200001b0   Data          64  dma.o(.bss)
    g_rtc_handle                             0x20000238   Data          36  rtc.o(.bss)
    calendar                                 0x2000025c   Data          10  rtc.o(.bss)
    timer_configs                            0x20000268   Data         828  timer.o(.bss)
    g_uart_handle                            0x20000900   Data         132  usart.o(.bss)
    g_wwdg_handle                            0x20000984   Data          20  wdg.o(.bss)
    __libspace_start                         0x20001640   Data          96  libspace.o(.bss)
    __temporary_stack_top$libspace           0x200016a0   Data           0  libspace.o(.bss)



==============================================================================

Memory Map of the image

  Image Entry point : 0x0800018d

  Load Region LR_IROM1 (Base: 0x08000000, Size: 0x000037cc, Max: 0x00040000, ABSOLUTE)

    Execution Region ER_IROM1 (Base: 0x08000000, Size: 0x000036f8, Max: 0x00040000, ABSOLUTE)

    Base Addr    Size         Type   Attr      Idx    E Section Name        Object

    0x08000000   0x0000018c   Data   RO            3    RESET               startup_stm32l431xx.o
    0x0800018c   0x00000008   Code   RO         8000  * !!!main             c_w.l(__main.o)
    0x08000194   0x00000034   Code   RO         8390    !!!scatter          c_w.l(__scatter.o)
    0x080001c8   0x0000001a   Code   RO         8392    !!handler_copy      c_w.l(__scatter_copy.o)
    0x080001e2   0x00000002   PAD
    0x080001e4   0x0000001c   Code   RO         8394    !!handler_zi        c_w.l(__scatter_zi.o)
    0x08000200   0x00000000   Code   RO         7987    .ARM.Collect$$_printf_percent$$00000000  c_w.l(_printf_percent.o)
    0x08000200   0x00000006   Code   RO         7985    .ARM.Collect$$_printf_percent$$00000009  c_w.l(_printf_d.o)
    0x08000206   0x00000004   Code   RO         8093    .ARM.Collect$$_printf_percent$$00000017  c_w.l(_printf_percent_end.o)
    0x0800020a   0x00000002   Code   RO         8263    .ARM.Collect$$libinit$$00000000  c_w.l(libinit.o)
    0x0800020c   0x00000004   Code   RO         8279    .ARM.Collect$$libinit$$00000001  c_w.l(libinit2.o)
    0x08000210   0x00000000   Code   RO         8282    .ARM.Collect$$libinit$$00000004  c_w.l(libinit2.o)
    0x08000210   0x00000000   Code   RO         8285    .ARM.Collect$$libinit$$0000000A  c_w.l(libinit2.o)
    0x08000210   0x00000000   Code   RO         8287    .ARM.Collect$$libinit$$0000000C  c_w.l(libinit2.o)
    0x08000210   0x00000000   Code   RO         8289    .ARM.Collect$$libinit$$0000000E  c_w.l(libinit2.o)
    0x08000210   0x00000000   Code   RO         8292    .ARM.Collect$$libinit$$00000011  c_w.l(libinit2.o)
    0x08000210   0x00000000   Code   RO         8294    .ARM.Collect$$libinit$$00000013  c_w.l(libinit2.o)
    0x08000210   0x00000000   Code   RO         8296    .ARM.Collect$$libinit$$00000015  c_w.l(libinit2.o)
    0x08000210   0x00000000   Code   RO         8298    .ARM.Collect$$libinit$$00000017  c_w.l(libinit2.o)
    0x08000210   0x00000000   Code   RO         8300    .ARM.Collect$$libinit$$00000019  c_w.l(libinit2.o)
    0x08000210   0x00000000   Code   RO         8302    .ARM.Collect$$libinit$$0000001B  c_w.l(libinit2.o)
    0x08000210   0x00000000   Code   RO         8304    .ARM.Collect$$libinit$$0000001D  c_w.l(libinit2.o)
    0x08000210   0x00000000   Code   RO         8306    .ARM.Collect$$libinit$$0000001F  c_w.l(libinit2.o)
    0x08000210   0x00000000   Code   RO         8308    .ARM.Collect$$libinit$$00000021  c_w.l(libinit2.o)
    0x08000210   0x00000000   Code   RO         8310    .ARM.Collect$$libinit$$00000023  c_w.l(libinit2.o)
    0x08000210   0x00000000   Code   RO         8312    .ARM.Collect$$libinit$$00000025  c_w.l(libinit2.o)
    0x08000210   0x00000000   Code   RO         8316    .ARM.Collect$$libinit$$0000002C  c_w.l(libinit2.o)
    0x08000210   0x00000000   Code   RO         8318    .ARM.Collect$$libinit$$0000002E  c_w.l(libinit2.o)
    0x08000210   0x00000000   Code   RO         8320    .ARM.Collect$$libinit$$00000030  c_w.l(libinit2.o)
    0x08000210   0x00000000   Code   RO         8322    .ARM.Collect$$libinit$$00000032  c_w.l(libinit2.o)
    0x08000210   0x00000002   Code   RO         8323    .ARM.Collect$$libinit$$00000033  c_w.l(libinit2.o)
    0x08000212   0x00000002   Code   RO         8349    .ARM.Collect$$libshutdown$$00000000  c_w.l(libshutdown.o)
    0x08000214   0x00000000   Code   RO         8373    .ARM.Collect$$libshutdown$$00000002  c_w.l(libshutdown2.o)
    0x08000214   0x00000000   Code   RO         8375    .ARM.Collect$$libshutdown$$00000004  c_w.l(libshutdown2.o)
    0x08000214   0x00000000   Code   RO         8378    .ARM.Collect$$libshutdown$$00000007  c_w.l(libshutdown2.o)
    0x08000214   0x00000000   Code   RO         8381    .ARM.Collect$$libshutdown$$0000000A  c_w.l(libshutdown2.o)
    0x08000214   0x00000000   Code   RO         8383    .ARM.Collect$$libshutdown$$0000000C  c_w.l(libshutdown2.o)
    0x08000214   0x00000000   Code   RO         8386    .ARM.Collect$$libshutdown$$0000000F  c_w.l(libshutdown2.o)
    0x08000214   0x00000002   Code   RO         8387    .ARM.Collect$$libshutdown$$00000010  c_w.l(libshutdown2.o)
    0x08000216   0x00000000   Code   RO         8050    .ARM.Collect$$rtentry$$00000000  c_w.l(__rtentry.o)
    0x08000216   0x00000000   Code   RO         8164    .ARM.Collect$$rtentry$$00000002  c_w.l(__rtentry2.o)
    0x08000216   0x00000006   Code   RO         8176    .ARM.Collect$$rtentry$$00000004  c_w.l(__rtentry4.o)
    0x0800021c   0x00000000   Code   RO         8166    .ARM.Collect$$rtentry$$00000009  c_w.l(__rtentry2.o)
    0x0800021c   0x00000004   Code   RO         8167    .ARM.Collect$$rtentry$$0000000A  c_w.l(__rtentry2.o)
    0x08000220   0x00000000   Code   RO         8169    .ARM.Collect$$rtentry$$0000000C  c_w.l(__rtentry2.o)
    0x08000220   0x00000008   Code   RO         8170    .ARM.Collect$$rtentry$$0000000D  c_w.l(__rtentry2.o)
    0x08000228   0x00000002   Code   RO         8268    .ARM.Collect$$rtexit$$00000000  c_w.l(rtexit.o)
    0x0800022a   0x00000000   Code   RO         8327    .ARM.Collect$$rtexit$$00000002  c_w.l(rtexit2.o)
    0x0800022a   0x00000004   Code   RO         8328    .ARM.Collect$$rtexit$$00000003  c_w.l(rtexit2.o)
    0x0800022e   0x00000006   Code   RO         8329    .ARM.Collect$$rtexit$$00000004  c_w.l(rtexit2.o)
    0x08000234   0x000000de   Code   RO         7845    .emb_text           port.o
    0x08000312   0x00000002   PAD
    0x08000314   0x00000040   Code   RO            4    .text               startup_stm32l431xx.o
    0x08000354   0x00000002   Code   RO         7924    .text               c_w.l(use_no_semi_2.o)
    0x08000356   0x00000002   PAD
    0x08000358   0x00000018   Code   RO         7932    .text               c_w.l(__2printf.o)
    0x08000370   0x00000078   Code   RO         7940    .text               c_w.l(_printf_dec.o)
    0x080003e8   0x0000018e   Code   RO         7980    .text               c_w.l(__printf_flags_ss_wp.o)
    0x08000576   0x00000064   Code   RO         7990    .text               c_w.l(rt_memcpy_w.o)
    0x080005da   0x0000004e   Code   RO         7994    .text               c_w.l(rt_memclr_w.o)
    0x08000628   0x00000006   Code   RO         7998    .text               c_w.l(heapauxi.o)
    0x0800062e   0x00000002   Code   RO         8048    .text               c_w.l(use_no_semi.o)
    0x08000630   0x000000b2   Code   RO         8061    .text               c_w.l(_printf_intcommon.o)
    0x080006e2   0x00000002   PAD
    0x080006e4   0x00000030   Code   RO         8065    .text               c_w.l(_printf_char_common.o)
    0x08000714   0x00000024   Code   RO         8071    .text               c_w.l(_printf_char_file.o)
    0x08000738   0x00000008   Code   RO         8198    .text               c_w.l(ferror.o)
    0x08000740   0x00000008   Code   RO         8210    .text               c_w.l(libspace.o)
    0x08000748   0x0000004a   Code   RO         8213    .text               c_w.l(sys_stackheap_outer.o)
    0x08000792   0x00000012   Code   RO         8252    .text               c_w.l(exit.o)
    0x080007a4   0x00000002   Code   RO          171    i.BusFault_Handler  stm32l4xx_it.o
    0x080007a6   0x00000002   PAD
    0x080007a8   0x0000000c   Code   RO          538    i.DMA1_Channel3_IRQHandler  dma.o
    0x080007b4   0x0000000c   Code   RO          539    i.DMA1_Channel6_IRQHandler  dma.o
    0x080007c0   0x0000000c   Code   RO          540    i.DMA1_Channel7_IRQHandler  dma.o
    0x080007cc   0x00000002   Code   RO          172    i.DebugMon_Handler  stm32l4xx_it.o
    0x080007ce   0x00000006   Code   RO          666    i.EXTI0_IRQHandler  pwr.o
    0x080007d4   0x00000024   Code   RO          377    i.EXTI3_IRQHandler  borad.o
    0x080007f8   0x00000020   Code   RO          378    i.EXTI4_IRQHandler  borad.o
    0x08000818   0x0000004a   Code   RO         3226    i.HAL_DMA_Abort     stm32l4xx_hal_dma.o
    0x08000862   0x0000004e   Code   RO         3227    i.HAL_DMA_Abort_IT  stm32l4xx_hal_dma.o
    0x080008b0   0x000000ba   Code   RO         3231    i.HAL_DMA_IRQHandler  stm32l4xx_hal_dma.o
    0x0800096a   0x00000002   PAD
    0x0800096c   0x00000024   Code   RO         1913    i.HAL_Delay         stm32l4xx_hal.o
    0x08000990   0x00000002   Code   RO         3160    i.HAL_GPIO_EXTI_Callback  stm32l4xx_hal_gpio.o
    0x08000992   0x00000002   PAD
    0x08000994   0x00000018   Code   RO         3161    i.HAL_GPIO_EXTI_IRQHandler  stm32l4xx_hal_gpio.o
    0x080009ac   0x000001d6   Code   RO         3162    i.HAL_GPIO_Init     stm32l4xx_hal_gpio.o
    0x08000b82   0x00000010   Code   RO         3165    i.HAL_GPIO_TogglePin  stm32l4xx_hal_gpio.o
    0x08000b92   0x0000000a   Code   RO         3166    i.HAL_GPIO_WritePin  stm32l4xx_hal_gpio.o
    0x08000b9c   0x0000000c   Code   RO         1917    i.HAL_GetTick       stm32l4xx_hal.o
    0x08000ba8   0x00000010   Code   RO         1923    i.HAL_IncTick       stm32l4xx_hal.o
    0x08000bb8   0x0000001e   Code   RO         1924    i.HAL_Init          stm32l4xx_hal.o
    0x08000bd6   0x00000002   PAD
    0x08000bd8   0x00000098   Code   RO          259    i.HAL_InitTick      stm32l4xx_hal_timebase_tim.o
    0x08000c70   0x00000034   Code   RO          235    i.HAL_MspInit       stm32l4xx_hal_msp.o
    0x08000ca4   0x0000001a   Code   RO         3649    i.HAL_NVIC_EnableIRQ  stm32l4xx_hal_cortex.o
    0x08000cbe   0x00000002   PAD
    0x08000cc0   0x00000040   Code   RO         3655    i.HAL_NVIC_SetPriority  stm32l4xx_hal_cortex.o
    0x08000d00   0x00000024   Code   RO         3656    i.HAL_NVIC_SetPriorityGrouping  stm32l4xx_hal_cortex.o
    0x08000d24   0x00000010   Code   RO         3476    i.HAL_PWREx_GetVoltageRange  stm32l4xx_hal_pwr_ex.o
    0x08000d34   0x0000003c   Code   RO         3477    i.HAL_PWREx_PVD_PVM_IRQHandler  stm32l4xx_hal_pwr_ex.o
    0x08000d70   0x00000002   Code   RO         3478    i.HAL_PWREx_PVM3Callback  stm32l4xx_hal_pwr_ex.o
    0x08000d72   0x00000002   Code   RO         3479    i.HAL_PWREx_PVM4Callback  stm32l4xx_hal_pwr_ex.o
    0x08000d74   0x00000038   Code   RO          667    i.HAL_PWR_PVDCallback  pwr.o
    0x08000dac   0x00000144   Code   RO         2667    i.HAL_RCC_ClockConfig  stm32l4xx_hal_rcc.o
    0x08000ef0   0x00000040   Code   RO         2670    i.HAL_RCC_GetClockConfig  stm32l4xx_hal_rcc.o
    0x08000f30   0x00000024   Code   RO         2673    i.HAL_RCC_GetPCLK1Freq  stm32l4xx_hal_rcc.o
    0x08000f54   0x000000a4   Code   RO         2676    i.HAL_RCC_GetSysClockFreq  stm32l4xx_hal_rcc.o
    0x08000ff8   0x00000560   Code   RO         2679    i.HAL_RCC_OscConfig  stm32l4xx_hal_rcc.o
    0x08001558   0x00000002   Code   RO         5582    i.HAL_RTCEx_AlarmBEventCallback  stm32l4xx_hal_rtc_ex.o
    0x0800155a   0x00000002   PAD
    0x0800155c   0x00000044   Code   RO          787    i.HAL_RTC_AlarmAEventCallback  rtc.o
    0x080015a0   0x00000058   Code   RO         5410    i.HAL_RTC_AlarmIRQHandler  stm32l4xx_hal_rtc.o
    0x080015f8   0x00000044   Code   RO         5419    i.HAL_RTC_GetDate   stm32l4xx_hal_rtc.o
    0x0800163c   0x00000054   Code   RO         5421    i.HAL_RTC_GetTime   stm32l4xx_hal_rtc.o
    0x08001690   0x00000002   Code   RO         4567    i.HAL_TIMEx_Break2Callback  stm32l4xx_hal_tim_ex.o
    0x08001692   0x00000002   Code   RO         4568    i.HAL_TIMEx_BreakCallback  stm32l4xx_hal_tim_ex.o
    0x08001694   0x00000002   Code   RO         4569    i.HAL_TIMEx_CommutCallback  stm32l4xx_hal_tim_ex.o
    0x08001696   0x00000062   Code   RO         3853    i.HAL_TIM_Base_Init  stm32l4xx_hal_tim.o
    0x080016f8   0x000000b0   Code   RO          923    i.HAL_TIM_Base_MspInit  timer.o
    0x080017a8   0x00000058   Code   RO         3858    i.HAL_TIM_Base_Start_IT  stm32l4xx_hal_tim.o
    0x08001800   0x00000026   Code   RO         3884    i.HAL_TIM_GenerateEvent  stm32l4xx_hal_tim.o
    0x08001826   0x00000002   PAD
    0x08001828   0x000000a4   Code   RO          924    i.HAL_TIM_IC_CaptureCallback  timer.o
    0x080018cc   0x00000184   Code   RO         3901    i.HAL_TIM_IRQHandler  stm32l4xx_hal_tim.o
    0x08001a50   0x00000002   Code   RO         3904    i.HAL_TIM_OC_DelayElapsedCallback  stm32l4xx_hal_tim.o
    0x08001a52   0x00000002   Code   RO         3931    i.HAL_TIM_PWM_PulseFinishedCallback  stm32l4xx_hal_tim.o
    0x08001a54   0x00000090   Code   RO          927    i.HAL_TIM_PeriodElapsedCallback  timer.o
    0x08001ae4   0x0000002a   Code   RO         3941    i.HAL_TIM_ReadCapturedValue  stm32l4xx_hal_tim.o
    0x08001b0e   0x00000002   Code   RO         3944    i.HAL_TIM_TriggerCallback  stm32l4xx_hal_tim.o
    0x08001b10   0x00000002   Code   RO         5831    i.HAL_UARTEx_RxEventCallback  stm32l4xx_hal_uart.o
    0x08001b12   0x00000002   Code   RO         6224    i.HAL_UARTEx_WakeupCallback  stm32l4xx_hal_uart_ex.o
    0x08001b14   0x00000024   Code   RO         1267    i.HAL_UART_ErrorCallback  usart.o
    0x08001b38   0x00000294   Code   RO         5850    i.HAL_UART_IRQHandler  stm32l4xx_hal_uart.o
    0x08001dcc   0x00000054   Code   RO         5856    i.HAL_UART_Receive_IT  stm32l4xx_hal_uart.o
    0x08001e20   0x00000050   Code   RO         1269    i.HAL_UART_RxCpltCallback  usart.o
    0x08001e70   0x00000002   Code   RO         5863    i.HAL_UART_TxCpltCallback  stm32l4xx_hal_uart.o
    0x08001e72   0x00000002   PAD
    0x08001e74   0x0000000c   Code   RO         1385    i.HAL_WWDG_EarlyWakeupCallback  wdg.o
    0x08001e80   0x0000001e   Code   RO         6335    i.HAL_WWDG_IRQHandler  stm32l4xx_hal_wwdg.o
    0x08001e9e   0x0000000a   Code   RO         6338    i.HAL_WWDG_Refresh  stm32l4xx_hal_wwdg.o
    0x08001ea8   0x00000002   Code   RO          173    i.HardFault_Handler  stm32l4xx_it.o
    0x08001eaa   0x00000002   PAD
    0x08001eac   0x000000b4   Code   RO         1445    i.LCD_GPIO_Init     lcd.o
    0x08001f60   0x00000030   Code   RO         1446    i.LCD_WriteData_16Bit  lcd.o
    0x08001f90   0x0000003c   Code   RO         1055    i.MX_FREERTOS_Init  freertos.o
    0x08001fcc   0x00000078   Code   RO           13    i.MX_GPIO_Init      gpio.o
    0x08002044   0x00000002   Code   RO          174    i.MemManage_Handler  stm32l4xx_it.o
    0x08002046   0x00000002   Code   RO          175    i.NMI_Handler       stm32l4xx_it.o
    0x08002048   0x00000004   Code   RO          668    i.PVD_PVM_IRQHandler  pwr.o
    0x0800204c   0x0000007c   Code   RO         2680    i.RCC_SetFlashLatencyFromMSIRange  stm32l4xx_hal_rcc.o
    0x080020c8   0x0000000c   Code   RO          789    i.RTC_Alarm_IRQHandler  rtc.o
    0x080020d4   0x00000012   Code   RO         5431    i.RTC_Bcd2ToByte    stm32l4xx_hal_rtc.o
    0x080020e6   0x00000002   PAD
    0x080020e8   0x00000030   Code   RO         1447    i.SPI_WriteData     lcd.o
    0x08002118   0x00000014   Code   RO         1056    i.StartDefaultTask  freertos.o
    0x0800212c   0x00000020   Code   RO         1057    i.StartLed          freertos.o
    0x0800214c   0x0000002c   Code   RO         7846    i.SysTick_Handler   port.o
    0x08002178   0x00000010   Code   RO          886    i.SystemInit        system_stm32l4xx.o
    0x08002188   0x0000000c   Code   RO          928    i.TIM1_CC_IRQHandler  timer.o
    0x08002194   0x00000070   Code   RO          929    i.TIM1_UP_TIM16_IRQHandler  timer.o
    0x08002204   0x0000000c   Code   RO          930    i.TIM2_IRQHandler   timer.o
    0x08002210   0x0000000c   Code   RO          931    i.TIM6_DAC_IRQHandler  timer.o
    0x0800221c   0x0000000c   Code   RO          176    i.TIM7_IRQHandler   stm32l4xx_it.o
    0x08002228   0x0000006c   Code   RO         3946    i.TIM_Base_SetConfig  stm32l4xx_hal_tim.o
    0x08002294   0x00000014   Code   RO         5867    i.UART_DMAAbortOnError  stm32l4xx_hal_uart.o
    0x080022a8   0x0000004a   Code   RO         5877    i.UART_EndRxTransfer  stm32l4xx_hal_uart.o
    0x080022f2   0x0000009e   Code   RO         5879    i.UART_RxISR_16BIT  stm32l4xx_hal_uart.o
    0x08002390   0x0000009e   Code   RO         5880    i.UART_RxISR_8BIT   stm32l4xx_hal_uart.o
    0x0800242e   0x00000002   PAD
    0x08002430   0x000000b8   Code   RO         5883    i.UART_Start_Receive_IT  stm32l4xx_hal_uart.o
    0x080024e8   0x0000000c   Code   RO         1270    i.USART2_IRQHandler  usart.o
    0x080024f4   0x00000002   Code   RO          177    i.UsageFault_Handler  stm32l4xx_it.o
    0x080024f6   0x00000002   PAD
    0x080024f8   0x0000000c   Code   RO         1387    i.WWDG_IRQHandler   wdg.o
    0x08002504   0x00000020   Code   RO         3662    i.__NVIC_SetPriority  stm32l4xx_hal_cortex.o
    0x08002524   0x0000000e   Code   RO         7973    i._is_digit         c_w.l(__printf_wp.o)
    0x08002532   0x00000002   Code   RO         1272    i._sys_exit         usart.o
    0x08002534   0x00000032   Code   RO         1158    i.delay_ms          delay.o
    0x08002566   0x00000002   PAD
    0x08002568   0x00000018   Code   RO         1274    i.fputc             usart.o
    0x08002580   0x0000004c   Code   RO         1448    i.lcd_clear         lcd.o
    0x080025cc   0x00000020   Code   RO         1449    i.lcd_display_dir   lcd.o
    0x080025ec   0x00000258   Code   RO         1457    i.lcd_init          lcd.o
    0x08002844   0x0000007c   Code   RO         1459    i.lcd_scan_dir      lcd.o
    0x080028c0   0x0000005a   Code   RO         1460    i.lcd_set_address   lcd.o
    0x0800291a   0x00000002   PAD
    0x0800291c   0x00000024   Code   RO         1468    i.lcd_write_cmd     lcd.o
    0x08002940   0x00000024   Code   RO         1469    i.lcd_write_data    lcd.o
    0x08002964   0x00000024   Code   RO         1117    i.main              main.o
    0x08002988   0x0000000c   Code   RO         7411    i.makeFreeRtosPriority  cmsis_os.o
    0x08002994   0x0000000e   Code   RO         7413    i.osDelay           cmsis_os.o
    0x080029a2   0x0000000a   Code   RO         7416    i.osKernelStart     cmsis_os.o
    0x080029ac   0x00000054   Code   RO         7450    i.osThreadCreate    cmsis_os.o
    0x08002a00   0x00000070   Code   RO         7093    i.prvAddCurrentTaskToDelayedList  tasks.o
    0x08002a70   0x000000d0   Code   RO         7094    i.prvAddNewTaskToReadyList  tasks.o
    0x08002b40   0x00000034   Code   RO         7095    i.prvDeleteTCB      tasks.o
    0x08002b74   0x00000048   Code   RO         7778    i.prvHeapInit       heap_4.o
    0x08002bbc   0x00000060   Code   RO         7096    i.prvIdleTask       tasks.o
    0x08002c1c   0x00000098   Code   RO         7097    i.prvInitialiseNewTask  tasks.o
    0x08002cb4   0x0000004c   Code   RO         7779    i.prvInsertBlockIntoFreeList  heap_4.o
    0x08002d00   0x00000020   Code   RO         7098    i.prvResetNextTaskUnblockTime  tasks.o
    0x08002d20   0x00000028   Code   RO         7847    i.prvTaskExitError  port.o
    0x08002d48   0x000000dc   Code   RO         7780    i.pvPortMalloc      heap_4.o
    0x08002e24   0x0000002c   Code   RO         7848    i.pxPortInitialiseStack  port.o
    0x08002e50   0x0000009c   Code   RO          791    i.rtc_get_time      rtc.o
    0x08002eec   0x00000084   Code   RO         1195    i.sys_stm32_clock_init  sys.o
    0x08002f70   0x00000026   Code   RO         6729    i.uxListRemove      list.o
    0x08002f96   0x00000002   PAD
    0x08002f98   0x00000014   Code   RO         1058    i.vApplicationGetIdleTaskMemory  freertos.o
    0x08002fac   0x00000016   Code   RO         6730    i.vListInitialise   list.o
    0x08002fc2   0x00000006   Code   RO         6731    i.vListInitialiseItem  list.o
    0x08002fc8   0x00000030   Code   RO         6732    i.vListInsert       list.o
    0x08002ff8   0x00000018   Code   RO         6733    i.vListInsertEnd    list.o
    0x08003010   0x00000040   Code   RO         7850    i.vPortEnterCritical  port.o
    0x08003050   0x00000028   Code   RO         7851    i.vPortExitCritical  port.o
    0x08003078   0x00000064   Code   RO         7781    i.vPortFree         heap_4.o
    0x080030dc   0x00000024   Code   RO         7852    i.vPortSetupTimerInterrupt  port.o
    0x08003100   0x0000004c   Code   RO         7107    i.vTaskDelay        tasks.o
    0x0800314c   0x0000006c   Code   RO         7120    i.vTaskStartScheduler  tasks.o
    0x080031b8   0x00000010   Code   RO         7122    i.vTaskSuspendAll   tasks.o
    0x080031c8   0x0000005c   Code   RO         7123    i.vTaskSwitchContext  tasks.o
    0x08003224   0x000000f4   Code   RO         7854    i.xPortStartScheduler  port.o
    0x08003318   0x00000060   Code   RO         7126    i.xTaskCreate       tasks.o
    0x08003378   0x00000056   Code   RO         7127    i.xTaskCreateStatic  tasks.o
    0x080033ce   0x00000002   PAD
    0x080033d0   0x0000001c   Code   RO         7131    i.xTaskGetSchedulerState  tasks.o
    0x080033ec   0x000000cc   Code   RO         7134    i.xTaskIncrementTick  tasks.o
    0x080034b8   0x000000c4   Code   RO         7140    i.xTaskResumeAll    tasks.o
    0x0800357c   0x0000000a   Code   RO         8339    x$fpl$fpinit        fz_wm.l(fpinit.o)
    0x08003586   0x00000002   PAD
    0x08003588   0x00000008   Data   RO          385    .constdata          borad.o
    0x08003590   0x00000098   Data   RO          386    .constdata          borad.o
    0x08003628   0x00000040   Data   RO          887    .constdata          system_stm32l4xx.o
    0x08003668   0x00000008   Data   RO          888    .constdata          system_stm32l4xx.o
    0x08003670   0x00000038   Data   RO         1060    .constdata          freertos.o
    0x080036a8   0x00000011   Data   RO         7981    .constdata          c_w.l(__printf_flags_ss_wp.o)
    0x080036b9   0x00000003   PAD
    0x080036bc   0x0000001c   Data   RO         1061    .conststring        freertos.o
    0x080036d8   0x00000020   Data   RO         8388    Region$$Table       anon$$obj.o


    Execution Region RW_IRAM2 (Base: 0x10000000, Size: 0x00000000, Max: 0x00004000, ABSOLUTE)

    **** No section assigned to this execution region ****


    Execution Region RW_IRAM1 (Base: 0x20000000, Size: 0x000028a0, Max: 0x0000c000, ABSOLUTE)

    Base Addr    Size         Type   Attr      Idx    E Section Name        Object

    0x20000000   0x00000004   Data   RW          889    .data               system_stm32l4xx.o
    0x20000004   0x0000000c   Data   RW          940    .data               timer.o
    0x20000010   0x00000008   Data   RW         1062    .data               freertos.o
    0x20000018   0x00000003   Data   RW         1282    .data               usart.o
    0x2000001b   0x00000001   PAD
    0x2000001c   0x00000004   Data   RW         1283    .data               usart.o
    0x20000020   0x00000040   Data   RW         1471    .data               lcd.o
    0x20000060   0x0000000c   Data   RW         1941    .data               stm32l4xx_hal.o
    0x2000006c   0x0000003c   Data   RW         7143    .data               tasks.o
    0x200000a8   0x00000020   Data   RW         7787    .data               heap_4.o
    0x200000c8   0x0000000c   Data   RW         7855    .data               port.o
    0x200000d4   0x0000004c   Zero   RW          262    .bss                stm32l4xx_hal_timebase_tim.o
    0x20000120   0x00000118   Zero   RW          553    .bss                dma.o
    0x20000238   0x0000002e   Zero   RW          799    .bss                rtc.o
    0x20000266   0x00000002   PAD
    0x20000268   0x0000033c   Zero   RW          939    .bss                timer.o
    0x200005a4   0x00000254   Zero   RW         1059    .bss                freertos.o
    0x200007f8   0x0000018c   Zero   RW         1281    .bss                usart.o
    0x20000984   0x00000014   Zero   RW         1391    .bss                wdg.o
    0x20000998   0x000000f0   Zero   RW         7142    .bss                tasks.o
    0x20000a88   0x00000bb8   Zero   RW         7786    .bss                heap_4.o
    0x20001640   0x00000060   Zero   RW         8211    .bss                c_w.l(libspace.o)
    0x200016a0   0x00000200   Zero   RW            2    HEAP                startup_stm32l431xx.o
    0x200018a0   0x00001000   Zero   RW            1    STACK               startup_stm32l431xx.o


==============================================================================

Image component sizes


      Code (inc. data)   RO Data    RW Data    ZI Data      Debug   Object Name

        68         18        160          0          0      28794   borad.o
       120          0          0          0          0      23329   cmsis_os.o
        50          0          0          0          0        607   delay.o
        36         18          0          0        280       2279   dma.o
         0          0          0          0          0      16932   event_groups.o
       132         18         84          8        596       7637   freertos.o
       120         10          0          0          0     694595   gpio.o
       468         22          0         32       3000       7435   heap_4.o
      1270         54          0         64          0       8629   lcd.o
       138          0          0          0          0       3562   list.o
        36          0          0          0          0        475   main.o
       734         72          0         12          0      10996   port.o
        66         38          0          0          0       1370   pwr.o
       236        104          0          0         46       2821   rtc.o
        64         26        396          0       4608        844   startup_stm32l431xx.o
        94         14          0         12          0      11958   stm32l4xx_hal.o
       158         14          0          0          0      33066   stm32l4xx_hal_cortex.o
       338          0          0          0          0       2732   stm32l4xx_hal_dma.o
       522         36          0          0          0       4089   stm32l4xx_hal_gpio.o
        52          4          0          0          0        894   stm32l4xx_hal_msp.o
        80         12          0          0          0       2293   stm32l4xx_hal_pwr_ex.o
      2088         96          0          0          0       7054   stm32l4xx_hal_rcc.o
       258         16          0          0          0       3338   stm32l4xx_hal_rtc.o
         2          0          0          0          0        964   stm32l4xx_hal_rtc_ex.o
       768         26          0          0          0       7840   stm32l4xx_hal_tim.o
         6          0          0          0          0       2204   stm32l4xx_hal_tim_ex.o
       152         20          0          0         76       1483   stm32l4xx_hal_timebase_tim.o
      1342         22          0          0          0       8459   stm32l4xx_hal_uart.o
         2          0          0          0          0       1016   stm32l4xx_hal_uart_ex.o
        40          0          0          0          0       1573   stm32l4xx_hal_wwdg.o
        24          6          0          0          0       3255   stm32l4xx_it.o
         0          0          0          0          0        416   stream_buffer.o
       132          4          0          0          0       1039   sys.o
        16          4         72          4          0       1185   system_stm32l4xx.o
      1554        118          0         60        240      20167   tasks.o
       632         86          0         12        828       6046   timer.o
       154         42          0          7        396       5180   usart.o
        24         12          0          0         20       1553   wdg.o

    ----------------------------------------------------------------------
     12010        912        744        212      10092     938109   Object Totals
         0          0         32          0          0          0   (incl. Generated)
        34          0          0          1          2          0   (incl. Padding)

    ----------------------------------------------------------------------

      Code (inc. data)   RO Data    RW Data    ZI Data      Debug   Library Member Name

        24          4          0          0          0         84   __2printf.o
         8          0          0          0          0         68   __main.o
       398          4         17          0          0         92   __printf_flags_ss_wp.o
        14          0          0          0          0         68   __printf_wp.o
         0          0          0          0          0          0   __rtentry.o
        12          0          0          0          0          0   __rtentry2.o
         6          0          0          0          0          0   __rtentry4.o
        52          8          0          0          0          0   __scatter.o
        26          0          0          0          0          0   __scatter_copy.o
        28          0          0          0          0          0   __scatter_zi.o
        48          6          0          0          0         96   _printf_char_common.o
        36          4          0          0          0         80   _printf_char_file.o
         6          0          0          0          0          0   _printf_d.o
       120         16          0          0          0         92   _printf_dec.o
       178          0          0          0          0         88   _printf_intcommon.o
         0          0          0          0          0          0   _printf_percent.o
         4          0          0          0          0          0   _printf_percent_end.o
        18          0          0          0          0         80   exit.o
         8          0          0          0          0         68   ferror.o
         6          0          0          0          0        152   heapauxi.o
         2          0          0          0          0          0   libinit.o
         6          0          0          0          0          0   libinit2.o
         2          0          0          0          0          0   libshutdown.o
         2          0          0          0          0          0   libshutdown2.o
         8          4          0          0         96         68   libspace.o
        78          0          0          0          0         80   rt_memclr_w.o
       100          0          0          0          0         80   rt_memcpy_w.o
         2          0          0          0          0          0   rtexit.o
        10          0          0          0          0          0   rtexit2.o
        74          0          0          0          0         80   sys_stackheap_outer.o
         2          0          0          0          0         68   use_no_semi.o
         2          0          0          0          0         68   use_no_semi_2.o
        10          0          0          0          0        116   fpinit.o

    ----------------------------------------------------------------------
      1298         46         20          0         96       1528   Library Totals
         8          0          3          0          0          0   (incl. Padding)

    ----------------------------------------------------------------------

      Code (inc. data)   RO Data    RW Data    ZI Data      Debug   Library Name

      1280         46         17          0         96       1412   c_w.l
        10          0          0          0          0        116   fz_wm.l

    ----------------------------------------------------------------------
      1298         46         20          0         96       1528   Library Totals

    ----------------------------------------------------------------------

==============================================================================


      Code (inc. data)   RO Data    RW Data    ZI Data      Debug   

     13308        958        764        212      10188     925261   Grand Totals
     13308        958        764        212      10188     925261   ELF Image Totals
     13308        958        764        212          0          0   ROM Totals

==============================================================================

    Total RO  Size (Code + RO Data)                14072 (  13.74kB)
    Total RW  Size (RW Data + ZI Data)             10400 (  10.16kB)
    Total ROM Size (Code + RO Data + RW Data)      14284 (  13.95kB)

==============================================================================

