Component: ARM Compiler 5.06 update 1 (build 61) Tool: armlink [4d35a8]

==============================================================================

Section Cross References

    startup_stm32l431xx.o(RESET) refers to startup_stm32l431xx.o(STACK) for __initial_sp
    startup_stm32l431xx.o(RESET) refers to startup_stm32l431xx.o(.text) for Reset_Handler
    startup_stm32l431xx.o(RESET) refers to stm32l4xx_it.o(i.NMI_Handler) for NMI_Handler
    startup_stm32l431xx.o(RESET) refers to stm32l4xx_it.o(i.HardFault_Handler) for HardFault_Handler
    startup_stm32l431xx.o(RESET) refers to stm32l4xx_it.o(i.MemManage_Handler) for MemManage_Handler
    startup_stm32l431xx.o(RESET) refers to stm32l4xx_it.o(i.BusFault_Handler) for BusFault_Handler
    startup_stm32l431xx.o(RESET) refers to stm32l4xx_it.o(i.UsageFault_Handler) for UsageFault_Handler
    startup_stm32l431xx.o(RESET) refers to port.o(.emb_text) for SVC_Handler
    startup_stm32l431xx.o(RESET) refers to stm32l4xx_it.o(i.DebugMon_Handler) for DebugMon_Handler
    startup_stm32l431xx.o(RESET) refers to port.o(i.SysTick_Handler) for SysTick_Handler
    startup_stm32l431xx.o(RESET) refers to wdg.o(i.WWDG_IRQHandler) for WWDG_IRQHandler
    startup_stm32l431xx.o(RESET) refers to pwr.o(i.PVD_PVM_IRQHandler) for PVD_PVM_IRQHandler
    startup_stm32l431xx.o(RESET) refers to pwr.o(i.EXTI0_IRQHandler) for EXTI0_IRQHandler
    startup_stm32l431xx.o(RESET) refers to borad.o(i.EXTI3_IRQHandler) for EXTI3_IRQHandler
    startup_stm32l431xx.o(RESET) refers to borad.o(i.EXTI4_IRQHandler) for EXTI4_IRQHandler
    startup_stm32l431xx.o(RESET) refers to dma.o(i.DMA1_Channel3_IRQHandler) for DMA1_Channel3_IRQHandler
    startup_stm32l431xx.o(RESET) refers to dma.o(i.DMA1_Channel6_IRQHandler) for DMA1_Channel6_IRQHandler
    startup_stm32l431xx.o(RESET) refers to dma.o(i.DMA1_Channel7_IRQHandler) for DMA1_Channel7_IRQHandler
    startup_stm32l431xx.o(RESET) refers to timer.o(i.TIM1_UP_TIM16_IRQHandler) for TIM1_UP_TIM16_IRQHandler
    startup_stm32l431xx.o(RESET) refers to timer.o(i.TIM1_CC_IRQHandler) for TIM1_CC_IRQHandler
    startup_stm32l431xx.o(RESET) refers to timer.o(i.TIM2_IRQHandler) for TIM2_IRQHandler
    startup_stm32l431xx.o(RESET) refers to usart.o(i.USART2_IRQHandler) for USART2_IRQHandler
    startup_stm32l431xx.o(RESET) refers to rtc.o(i.RTC_Alarm_IRQHandler) for RTC_Alarm_IRQHandler
    startup_stm32l431xx.o(RESET) refers to timer.o(i.TIM6_DAC_IRQHandler) for TIM6_DAC_IRQHandler
    startup_stm32l431xx.o(RESET) refers to stm32l4xx_it.o(i.TIM7_IRQHandler) for TIM7_IRQHandler
    startup_stm32l431xx.o(.text) refers to system_stm32l4xx.o(i.SystemInit) for SystemInit
    startup_stm32l431xx.o(.text) refers to entry.o(.ARM.Collect$$$$00000000) for __main
    stm32l4xx_it.o(i.TIM7_IRQHandler) refers to stm32l4xx_hal_tim.o(i.HAL_TIM_IRQHandler) for HAL_TIM_IRQHandler
    stm32l4xx_it.o(i.TIM7_IRQHandler) refers to stm32l4xx_hal_timebase_tim.o(.bss) for htim7
    stm32l4xx_hal_msp.o(i.HAL_MspInit) refers to stm32l4xx_hal_cortex.o(i.HAL_NVIC_SetPriority) for HAL_NVIC_SetPriority
    stm32l4xx_hal_timebase_tim.o(i.HAL_InitTick) refers to stm32l4xx_hal_rcc.o(i.HAL_RCC_GetClockConfig) for HAL_RCC_GetClockConfig
    stm32l4xx_hal_timebase_tim.o(i.HAL_InitTick) refers to stm32l4xx_hal_rcc.o(i.HAL_RCC_GetPCLK1Freq) for HAL_RCC_GetPCLK1Freq
    stm32l4xx_hal_timebase_tim.o(i.HAL_InitTick) refers to stm32l4xx_hal_tim.o(i.HAL_TIM_Base_Init) for HAL_TIM_Base_Init
    stm32l4xx_hal_timebase_tim.o(i.HAL_InitTick) refers to stm32l4xx_hal_tim.o(i.HAL_TIM_Base_Start_IT) for HAL_TIM_Base_Start_IT
    stm32l4xx_hal_timebase_tim.o(i.HAL_InitTick) refers to stm32l4xx_hal_cortex.o(i.HAL_NVIC_EnableIRQ) for HAL_NVIC_EnableIRQ
    stm32l4xx_hal_timebase_tim.o(i.HAL_InitTick) refers to stm32l4xx_hal_cortex.o(i.HAL_NVIC_SetPriority) for HAL_NVIC_SetPriority
    stm32l4xx_hal_timebase_tim.o(i.HAL_InitTick) refers to stm32l4xx_hal_timebase_tim.o(.bss) for .bss
    stm32l4xx_hal_timebase_tim.o(i.HAL_InitTick) refers to stm32l4xx_hal.o(.data) for uwTickPrio
    stm32l4xx_hal_timebase_tim.o(i.HAL_ResumeTick) refers to stm32l4xx_hal_timebase_tim.o(.bss) for .bss
    stm32l4xx_hal_timebase_tim.o(i.HAL_SuspendTick) refers to stm32l4xx_hal_timebase_tim.o(.bss) for .bss
    adc.o(i.HAL_ADC_MspDeInit) refers to stm32l4xx_hal_gpio.o(i.HAL_GPIO_DeInit) for HAL_GPIO_DeInit
    adc.o(i.HAL_ADC_MspDeInit) refers to adc.o(.bss) for .bss
    adc.o(i.HAL_ADC_MspDeInit) refers to adc.o(.data) for .data
    adc.o(i.HAL_ADC_MspInit) refers to memseta.o(.text) for __aeabi_memclr4
    adc.o(i.HAL_ADC_MspInit) refers to stm32l4xx_hal_gpio.o(i.HAL_GPIO_Init) for HAL_GPIO_Init
    adc.o(i.HAL_ADC_MspInit) refers to adc.o(.data) for .data
    adc.o(i.HAL_ADC_MspInit) refers to adc.o(.bss) for .bss
    adc.o(i.adc_add_channel) refers to adc.o(.data) for .data
    adc.o(i.adc_add_channel) refers to adc.o(.bss) for .bss
[...]
    _printf_x                                0x00000000   Number         0  stubs.o ABSOLUTE
    __cpp_initialize__aeabi_                  - Undefined Weak Reference
    __cxa_finalize                            - Undefined Weak Reference
    _clock_init                               - Undefined Weak Reference
    _microlib_exit                            - Undefined Weak Reference
    __Vectors_Size                           0x0000018c   Number         0  startup_stm32l431xx.o ABSOLUTE
    __Vectors                                0x08000000   Data           4  startup_stm32l431xx.o(RESET)
    __Vectors_End                            0x0800018c   Data           0  startup_stm32l431xx.o(RESET)
    __main                                   0x0800018d   Thumb Code     0  entry.o(.ARM.Collect$$$$00000000)
    _main_stk                                0x0800018d   Thumb Code     0  entry2.o(.ARM.Collect$$$$00000001)
    _main_scatterload                        0x08000191   Thumb Code     0  entry5.o(.ARM.Collect$$$$00000004)
    __main_after_scatterload                 0x08000195   Thumb Code     0  entry5.o(.ARM.Collect$$$$00000004)
    _main_clock                              0x08000195   Thumb Code     0  entry7b.o(.ARM.Collect$$$$00000008)
    _main_cpp_init                           0x08000195   Thumb Code     0  entry8b.o(.ARM.Collect$$$$0000000A)
    _main_init                               0x08000195   Thumb Code     0  entry9a.o(.ARM.Collect$$$$0000000B)
    __rt_final_cpp                           0x0800019d   Thumb Code     0  entry10a.o(.ARM.Collect$$$$0000000D)
    __rt_final_exit                          0x0800019d   Thumb Code     0  entry11a.o(.ARM.Collect$$$$0000000F)
    SVC_Handler                              0x080001a1   Thumb Code    28  port.o(.emb_text)
    __asm___6_port_c_39a90d8d__prvStartFirstTask 0x080001c1   Thumb Code    36  port.o(.emb_text)
    __asm___6_port_c_39a90d8d__prvEnableVFP  0x080001e9   Thumb Code    16  port.o(.emb_text)
    PendSV_Handler                           0x080001fd   Thumb Code    88  port.o(.emb_text)
    vPortGetIPSR                             0x08000259   Thumb Code     6  port.o(.emb_text)
    Reset_Handler                            0x08000281   Thumb Code     8  startup_stm32l431xx.o(.text)
    ADC1_IRQHandler                          0x0800029b   Thumb Code     0  startup_stm32l431xx.o(.text)
    CAN1_RX0_IRQHandler                      0x0800029b   Thumb Code     0  startup_stm32l431xx.o(.text)
    CAN1_RX1_IRQHandler                      0x0800029b   Thumb Code     0  startup_stm32l431xx.o(.text)
    CAN1_SCE_IRQHandler                      0x0800029b   Thumb Code     0  startup_stm32l431xx.o(.text)
    CAN1_TX_IRQHandler                       0x0800029b   Thumb Code     0  startup_stm32l431xx.o(.text)
    COMP_IRQHandler                          0x0800029b   Thumb Code     0  startup_stm32l431xx.o(.text)
    CRS_IRQHandler                           0x0800029b   Thumb Code     0  startup_stm32l431xx.o(.text)
    DMA1_Channel1_IRQHandler                 0x0800029b   Thumb Code     0  startup_stm32l431xx.o(.text)
    DMA1_Channel2_IRQHandler                 0x0800029b   Thumb Code     0  startup_stm32l431xx.o(.text)
    DMA1_Channel4_IRQHandler                 0x0800029b   Thumb Code     0  startup_stm32l431xx.o(.text)
    DMA1_Channel5_IRQHandler                 0x0800029b   Thumb Code     0  startup_stm32l431xx.o(.text)
    DMA2_Channel1_IRQHandler                 0x0800029b   Thumb Code     0  startup_stm32l431xx.o(.text)
    DMA2_Channel2_IRQHandler                 0x0800029b   Thumb Code     0  startup_stm32l431xx.o(.text)
    DMA2_Channel3_IRQHandler                 0x0800029b   Thumb Code     0  startup_stm32l431xx.o(.text)
    DMA2_Channel4_IRQHandler                 0x0800029b   Thumb Code     0  startup_stm32l431xx.o(.text)
    DMA2_Channel5_IRQHandler                 0x0800029b   Thumb Code     0  startup_stm32l431xx.o(.text)
    DMA2_Channel6_IRQHandler                 0x0800029b   Thumb Code     0  startup_stm32l431xx.o(.text)
    DMA2_Channel7_IRQHandler                 0x0800029b   Thumb Code     0  startup_stm32l431xx.o(.text)
    EXTI15_10_IRQHandler                     0x0800029b   Thumb Code     0  startup_stm32l431xx.o(.text)
    EXTI1_IRQHandler                         0x0800029b   Thumb Code     0  startup_stm32l431xx.o(.text)
    EXTI2_IRQHandler                         0x0800029b   Thumb Code     0  startup_stm32l431xx.o(.text)
    EXTI9_5_IRQHandler                       0x0800029b   Thumb Code     0  startup_stm32l431xx.o(.text)
    FLASH_IRQHandler                         0x0800029b   Thumb Code     0  startup_stm32l431xx.o(.text)
    FPU_IRQHandler                           0x0800029b   Thumb Code     0  startup_stm32l431xx.o(.text)
    I2C1_ER_IRQHandler                       0x0800029b   Thumb Code     0  startup_stm32l431xx.o(.text)
    I2C1_EV_IRQHandler                       0x0800029b   Thumb Code     0  startup_stm32l431xx.o(.text)
    I2C2_ER_IRQHandler                       0x0800029b   Thumb Code     0  startup_stm32l431xx.o(.text)
    I2C2_EV_IRQHandler                       0x0800029b   Thumb Code     0  startup_stm32l431xx.o(.text)
    I2C3_ER_IRQHandler                       0x0800029b   Thumb Code     0  startup_stm32l431xx.o(.text)
    I2C3_EV_IRQHandler                       0x0800029b   Thumb Code     0  startup_stm32l431xx.o(.text)
    LPTIM1_IRQHandler                        0x0800029b   Thumb Code     0  startup_stm32l431xx.o(.text)
    LPTIM2_IRQHandler                        0x0800029b   Thumb Code     0  startup_stm32l431xx.o(.text)
    LPUART1_IRQHandler                       0x0800029b   Thumb Code     0  startup_stm32l431xx.o(.text)
    QUADSPI_IRQHandler                       0x0800029b   Thumb Code     0  startup_stm32l431xx.o(.text)
    RCC_IRQHandler                           0x0800029b   Thumb Code     0  startup_stm32l431xx.o(.text)
    RNG_IRQHandler                           0x0800029b   Thumb Code     0  startup_stm32l431xx.o(.text)
    RTC_WKUP_IRQHandler                      0x0800029b   Thumb Code     0  startup_stm32l431xx.o(.text)
    SAI1_IRQHandler                          0x0800029b   Thumb Code     0  startup_stm32l431xx.o(.text)
    SDMMC1_IRQHandler                        0x0800029b   Thumb Code     0  startup_stm32l431xx.o(.text)
    SPI1_IRQHandler                          0x0800029b   Thumb Code     0  startup_stm32l431xx.o(.text)
    SPI2_IRQHandler                          0x0800029b   Thumb Code     0  startup_stm32l431xx.o(.text)
    SPI3_IRQHandler                          0x0800029b   Thumb Code     0  startup_stm32l431xx.o(.text)
    SWPMI1_IRQHandler                        0x0800029b   Thumb Code     0  startup_stm32l431xx.o(.text)
    TAMP_STAMP_IRQHandler                    0x0800029b   Thumb Code     0  startup_stm32l431xx.o(.text)
    TIM1_BRK_TIM15_IRQHandler                0x0800029b   Thumb Code     0  startup_stm32l431xx.o(.text)
    TIM1_TRG_COM_IRQHandler                  0x0800029b   Thumb Code     0  startup_stm32l431xx.o(.text)
    TSC_IRQHandler                           0x0800029b   Thumb Code     0  startup_stm32l431xx.o(.text)
    USART1_IRQHandler                        0x0800029b   Thumb Code     0  startup_stm32l431xx.o(.text)
    USART3_IRQHandler                        0x0800029b   Thumb Code     0  startup_stm32l431xx.o(.text)
    __aeabi_uldivmod                         0x080002a5   Thumb Code    98  uldiv.o(.text)
    __aeabi_memcpy                           0x0800030d   Thumb Code    36  memcpya.o(.text)
    __aeabi_memcpy4                          0x0800030d   Thumb Code     0  memcpya.o(.text)
    __aeabi_memcpy8                          0x0800030d   Thumb Code     0  memcpya.o(.text)
    __aeabi_memset                           0x08000331   Thumb Code    14  memseta.o(.text)
    __aeabi_memset4                          0x08000331   Thumb Code     0  memseta.o(.text)
    __aeabi_memset8                          0x08000331   Thumb Code     0  memseta.o(.text)
    __aeabi_memclr                           0x0800033f   Thumb Code     4  memseta.o(.text)
    __aeabi_memclr4                          0x0800033f   Thumb Code     0  memseta.o(.text)
    __aeabi_memclr8                          0x0800033f   Thumb Code     0  memseta.o(.text)
    memset                                   0x08000343   Thumb Code    18  memseta.o(.text)
    strlen                                   0x08000355   Thumb Code    14  strlen.o(.text)
    strcmp                                   0x08000363   Thumb Code    28  strcmp.o(.text)
    strcpy                                   0x0800037f   Thumb Code    18  strcpy.o(.text)
    __aeabi_dadd                             0x08000391   Thumb Code   322  dadd.o(.text)
    __aeabi_dsub                             0x080004d3   Thumb Code     6  dadd.o(.text)
    __aeabi_drsub                            0x080004d9   Thumb Code     6  dadd.o(.text)
    __aeabi_dmul                             0x080004ef   Thumb Code   228  dmul.o(.text)
    __aeabi_ddiv                             0x080005d9   Thumb Code   222  ddiv.o(.text)
    __aeabi_ui2d                             0x080006b7   Thumb Code    26  dfltui.o(.text)
    __aeabi_f2d                              0x080006d1   Thumb Code    38  f2d.o(.text)
    __aeabi_cdrcmple                         0x080006f9   Thumb Code    48  cdrcmple.o(.text)
    __aeabi_d2f                              0x08000729   Thumb Code    56  d2f.o(.text)
    __aeabi_uidiv                            0x08000761   Thumb Code     0  uidiv.o(.text)
    __aeabi_uidivmod                         0x08000761   Thumb Code    44  uidiv.o(.text)
    __aeabi_llsl                             0x0800078d   Thumb Code    30  llshl.o(.text)
    _ll_shift_l                              0x0800078d   Thumb Code     0  llshl.o(.text)
    __aeabi_llsr                             0x080007ab   Thumb Code    32  llushr.o(.text)
    _ll_ushift_r                             0x080007ab   Thumb Code     0  llushr.o(.text)
    __aeabi_lasr                             0x080007cb   Thumb Code    36  llsshr.o(.text)
    _ll_sshift_r                             0x080007cb   Thumb Code     0  llsshr.o(.text)
    __I$use$fp                               0x080007ef   Thumb Code     0  iusefp.o(.text)
    _float_round                             0x080007ef   Thumb Code    18  fepilogue.o(.text)
    _float_epilogue                          0x08000801   Thumb Code    92  fepilogue.o(.text)
    _double_round                            0x0800085d   Thumb Code    30  depilogue.o(.text)
    _double_epilogue                         0x0800087b   Thumb Code   156  depilogue.o(.text)
    __ARM_scalbn                             0x08000917   Thumb Code    46  dscalb.o(.text)
    scalbn                                   0x08000917   Thumb Code     0  dscalb.o(.text)
    __aeabi_i2d                              0x08000945   Thumb Code    34  dflti.o(.text)
    __aeabi_d2ulz                            0x08000967   Thumb Code    48  dfixul.o(.text)
    __scatterload                            0x08000999   Thumb Code    28  init.o(.text)
    __scatterload_rt2                        0x08000999   Thumb Code     0  init.o(.text)
    _dsqrt                                   0x080009bd   Thumb Code   162  dsqrt.o(.text)
    __decompress                             0x08000a5f   Thumb Code     0  __dczerorl2.o(.text)
    __decompress1                            0x08000a5f   Thumb Code    86  __dczerorl2.o(.text)
    ADC_ConversionStop                       0x08000ab5   Thumb Code   220  stm32l4xx_hal_adc.o(i.ADC_ConversionStop)
    ADC_Disable                              0x08000b99   Thumb Code   106  stm32l4xx_hal_adc.o(i.ADC_Disable)
    ADC_Enable                               0x08000c09   Thumb Code   154  stm32l4xx_hal_adc.o(i.ADC_Enable)
    BusFault_Handler                         0x08000cb5   Thumb Code     2  stm32l4xx_it.o(i.BusFault_Handler)
    DMA1_Channel3_IRQHandler                 0x08000cb9   Thumb Code     6  dma.o(i.DMA1_Channel3_IRQHandler)
    DMA1_Channel6_IRQHandler                 0x08000cc5   Thumb Code     6  dma.o(i.DMA1_Channel6_IRQHandler)
    DMA1_Channel7_IRQHandler                 0x08000cd1   Thumb Code     6  dma.o(i.DMA1_Channel7_IRQHandler)
    DebugMon_Handler                         0x08000cdd   Thumb Code     2  stm32l4xx_it.o(i.DebugMon_Handler)
    EXTI0_IRQHandler                         0x08000cdf   Thumb Code     6  pwr.o(i.EXTI0_IRQHandler)
    EXTI3_IRQHandler                         0x08000ce5   Thumb Code    28  borad.o(i.EXTI3_IRQHandler)
    EXTI4_IRQHandler                         0x08000d09   Thumb Code    22  borad.o(i.EXTI4_IRQHandler)
    Error_Handler                            0x08000d29   Thumb Code     4  main.o(i.Error_Handler)
    HAL_ADCEx_Calibration_Start              0x08000d2d   Thumb Code   140  stm32l4xx_hal_adc_ex.o(i.HAL_ADCEx_Calibration_Start)
    HAL_ADC_ConfigChannel                    0x08000dbd   Thumb Code   958  stm32l4xx_hal_adc.o(i.HAL_ADC_ConfigChannel)
    HAL_ADC_GetValue                         0x080011af   Thumb Code     6  stm32l4xx_hal_adc.o(i.HAL_ADC_GetValue)
    HAL_ADC_Init                             0x080011b5   Thumb Code   400  stm32l4xx_hal_adc.o(i.HAL_ADC_Init)
    HAL_ADC_MspInit                          0x08001365   Thumb Code   258  adc.o(i.HAL_ADC_MspInit)
    HAL_ADC_PollForConversion                0x08001487   Thumb Code   174  stm32l4xx_hal_adc.o(i.HAL_ADC_PollForConversion)
    HAL_ADC_Start                            0x08001535   Thumb Code   130  stm32l4xx_hal_adc.o(i.HAL_ADC_Start)
    HAL_ADC_Stop                             0x080015bd   Thumb Code    62  stm32l4xx_hal_adc.o(i.HAL_ADC_Stop)
    HAL_DMA_Abort                            0x080015fb   Thumb Code    74  stm32l4xx_hal_dma.o(i.HAL_DMA_Abort)
    HAL_DMA_Abort_IT                         0x08001645   Thumb Code    78  stm32l4xx_hal_dma.o(i.HAL_DMA_Abort_IT)
    HAL_DMA_IRQHandler                       0x08001693   Thumb Code   186  stm32l4xx_hal_dma.o(i.HAL_DMA_IRQHandler)
    HAL_Delay                                0x0800174d   Thumb Code    32  stm32l4xx_hal.o(i.HAL_Delay)
    HAL_GPIO_EXTI_Callback                   0x08001771   Thumb Code     2  stm32l4xx_hal_gpio.o(i.HAL_GPIO_EXTI_Callback)
    HAL_GPIO_EXTI_IRQHandler                 0x08001775   Thumb Code    18  stm32l4xx_hal_gpio.o(i.HAL_GPIO_EXTI_IRQHandler)
    HAL_GPIO_Init                            0x0800178d   Thumb Code   434  stm32l4xx_hal_gpio.o(i.HAL_GPIO_Init)
    HAL_GPIO_ReadPin                         0x08001963   Thumb Code    10  stm32l4xx_hal_gpio.o(i.HAL_GPIO_ReadPin)
    HAL_GPIO_TogglePin                       0x0800196d   Thumb Code    16  stm32l4xx_hal_gpio.o(i.HAL_GPIO_TogglePin)
    HAL_GPIO_WritePin                        0x0800197d   Thumb Code    10  stm32l4xx_hal_gpio.o(i.HAL_GPIO_WritePin)
    HAL_GetTick                              0x08001989   Thumb Code     6  stm32l4xx_hal.o(i.HAL_GetTick)
    HAL_I2C_Init                             0x08001995   Thumb Code   178  stm32l4xx_hal_i2c.o(i.HAL_I2C_Init)
    HAL_I2C_Master_Receive                   0x08001a4d   Thumb Code   282  stm32l4xx_hal_i2c.o(i.HAL_I2C_Master_Receive)
    HAL_I2C_Mem_Read                         0x08001b79   Thumb Code   346  stm32l4xx_hal_i2c.o(i.HAL_I2C_Mem_Read)
    HAL_I2C_Mem_Write                        0x08001ce5   Thumb Code   340  stm32l4xx_hal_i2c.o(i.HAL_I2C_Mem_Write)
    HAL_I2C_MspInit                          0x08001e43   Thumb Code     2  stm32l4xx_hal_i2c.o(i.HAL_I2C_MspInit)
    HAL_IncTick                              0x08001e45   Thumb Code    12  stm32l4xx_hal.o(i.HAL_IncTick)
    HAL_Init                                 0x08001e55   Thumb Code    30  stm32l4xx_hal.o(i.HAL_Init)
    HAL_InitTick                             0x08001e75   Thumb Code   132  stm32l4xx_hal_timebase_tim.o(i.HAL_InitTick)
    HAL_MspInit                              0x08001f0d   Thumb Code    48  stm32l4xx_hal_msp.o(i.HAL_MspInit)
    HAL_NVIC_EnableIRQ                       0x08001f41   Thumb Code    26  stm32l4xx_hal_cortex.o(i.HAL_NVIC_EnableIRQ)
    HAL_NVIC_SetPriority                     0x08001f5d   Thumb Code    60  stm32l4xx_hal_cortex.o(i.HAL_NVIC_SetPriority)
    HAL_NVIC_SetPriorityGrouping             0x08001f9d   Thumb Code    26  stm32l4xx_hal_cortex.o(i.HAL_NVIC_SetPriorityGrouping)
    HAL_PWREx_GetVoltageRange                0x08001fc1   Thumb Code    10  stm32l4xx_hal_pwr_ex.o(i.HAL_PWREx_GetVoltageRange)
    HAL_PWREx_PVD_PVM_IRQHandler             0x08001fd1   Thumb Code    54  stm32l4xx_hal_pwr_ex.o(i.HAL_PWREx_PVD_PVM_IRQHandler)
    HAL_PWREx_PVM3Callback                   0x0800200d   Thumb Code     2  stm32l4xx_hal_pwr_ex.o(i.HAL_PWREx_PVM3Callback)
    HAL_PWREx_PVM4Callback                   0x0800200f   Thumb Code     2  stm32l4xx_hal_pwr_ex.o(i.HAL_PWREx_PVM4Callback)
    HAL_PWR_PVDCallback                      0x08002011   Thumb Code    18  pwr.o(i.HAL_PWR_PVDCallback)
    HAL_RCC_ClockConfig                      0x08002049   Thumb Code   304  stm32l4xx_hal_rcc.o(i.HAL_RCC_ClockConfig)
    HAL_RCC_GetClockConfig                   0x0800218d   Thumb Code    54  stm32l4xx_hal_rcc.o(i.HAL_RCC_GetClockConfig)
    HAL_RCC_GetPCLK1Freq                     0x080021cd   Thumb Code    24  stm32l4xx_hal_rcc.o(i.HAL_RCC_GetPCLK1Freq)
    HAL_RCC_GetPCLK2Freq                     0x080021f1   Thumb Code    24  stm32l4xx_hal_rcc.o(i.HAL_RCC_GetPCLK2Freq)
    HAL_RCC_GetSysClockFreq                  0x08002215   Thumb Code   150  stm32l4xx_hal_rcc.o(i.HAL_RCC_GetSysClockFreq)
    HAL_RCC_OscConfig                        0x080022b9   Thumb Code  1366  stm32l4xx_hal_rcc.o(i.HAL_RCC_OscConfig)
    HAL_RTCEx_AlarmBEventCallback            0x08002819   Thumb Code     2  stm32l4xx_hal_rtc_ex.o(i.HAL_RTCEx_AlarmBEventCallback)
    HAL_RTC_AlarmAEventCallback              0x0800281d   Thumb Code    32  rtc.o(i.HAL_RTC_AlarmAEventCallback)
    HAL_RTC_AlarmIRQHandler                  0x08002861   Thumb Code    84  stm32l4xx_hal_rtc.o(i.HAL_RTC_AlarmIRQHandler)
    HAL_RTC_GetDate                          0x080028b9   Thumb Code    62  stm32l4xx_hal_rtc.o(i.HAL_RTC_GetDate)
    HAL_RTC_GetTime                          0x080028fd   Thumb Code    78  stm32l4xx_hal_rtc.o(i.HAL_RTC_GetTime)
    HAL_TIMEx_Break2Callback                 0x08002951   Thumb Code     2  stm32l4xx_hal_tim_ex.o(i.HAL_TIMEx_Break2Callback)
    HAL_TIMEx_BreakCallback                  0x08002953   Thumb Code     2  stm32l4xx_hal_tim_ex.o(i.HAL_TIMEx_BreakCallback)
    HAL_TIMEx_CommutCallback                 0x08002955   Thumb Code     2  stm32l4xx_hal_tim_ex.o(i.HAL_TIMEx_CommutCallback)
    HAL_TIMEx_PWMN_Start                     0x08002959   Thumb Code   140  stm32l4xx_hal_tim_ex.o(i.HAL_TIMEx_PWMN_Start)
    HAL_TIM_Base_Init                        0x080029f1   Thumb Code    98  stm32l4xx_hal_tim.o(i.HAL_TIM_Base_Init)
    HAL_TIM_Base_MspInit                     0x08002a55   Thumb Code   158  timer.o(i.HAL_TIM_Base_MspInit)
    HAL_TIM_Base_Start_IT                    0x08002b05   Thumb Code    76  stm32l4xx_hal_tim.o(i.HAL_TIM_Base_Start_IT)
    HAL_TIM_GenerateEvent                    0x08002b5d   Thumb Code    38  stm32l4xx_hal_tim.o(i.HAL_TIM_GenerateEvent)
    HAL_TIM_IC_CaptureCallback               0x08002b85   Thumb Code   150  timer.o(i.HAL_TIM_IC_CaptureCallback)
    HAL_TIM_IRQHandler                       0x08002c29   Thumb Code   388  stm32l4xx_hal_tim.o(i.HAL_TIM_IRQHandler)
    HAL_TIM_OC_DelayElapsedCallback          0x08002dad   Thumb Code     2  stm32l4xx_hal_tim.o(i.HAL_TIM_OC_DelayElapsedCallback)
    HAL_TIM_PWM_ConfigChannel                0x08002daf   Thumb Code   292  stm32l4xx_hal_tim.o(i.HAL_TIM_PWM_ConfigChannel)
    HAL_TIM_PWM_Init                         0x08002ed3   Thumb Code    98  stm32l4xx_hal_tim.o(i.HAL_TIM_PWM_Init)
    HAL_TIM_PWM_MspInit                      0x08002f35   Thumb Code   158  timer.o(i.HAL_TIM_PWM_MspInit)
    HAL_TIM_PWM_PulseFinishedCallback        0x08002fdd   Thumb Code     2  stm32l4xx_hal_tim.o(i.HAL_TIM_PWM_PulseFinishedCallback)
    HAL_TIM_PWM_Start                        0x08002fe1   Thumb Code   190  stm32l4xx_hal_tim.o(i.HAL_TIM_PWM_Start)
    HAL_TIM_PeriodElapsedCallback            0x080030b1   Thumb Code   126  timer.o(i.HAL_TIM_PeriodElapsedCallback)
    HAL_TIM_ReadCapturedValue                0x08003149   Thumb Code    42  stm32l4xx_hal_tim.o(i.HAL_TIM_ReadCapturedValue)
    HAL_TIM_TriggerCallback                  0x08003173   Thumb Code     2  stm32l4xx_hal_tim.o(i.HAL_TIM_TriggerCallback)
    HAL_UARTEx_RxEventCallback               0x08003175   Thumb Code     2  stm32l4xx_hal_uart.o(i.HAL_UARTEx_RxEventCallback)
    HAL_UARTEx_WakeupCallback                0x08003177   Thumb Code     2  stm32l4xx_hal_uart_ex.o(i.HAL_UARTEx_WakeupCallback)
    HAL_UART_ErrorCallback                   0x08003179   Thumb Code    24  usart.o(i.HAL_UART_ErrorCallback)
    HAL_UART_IRQHandler                      0x0800319d   Thumb Code   652  stm32l4xx_hal_uart.o(i.HAL_UART_IRQHandler)
    HAL_UART_Init                            0x08003431   Thumb Code   102  stm32l4xx_hal_uart.o(i.HAL_UART_Init)
    HAL_UART_MspInit                         0x08003499   Thumb Code   126  usart.o(i.HAL_UART_MspInit)
    HAL_UART_Receive_IT                      0x08003521   Thumb Code    78  stm32l4xx_hal_uart.o(i.HAL_UART_Receive_IT)
    HAL_UART_RxCpltCallback                  0x08003575   Thumb Code    62  usart.o(i.HAL_UART_RxCpltCallback)
    HAL_UART_TxCpltCallback                  0x080035c5   Thumb Code     2  stm32l4xx_hal_uart.o(i.HAL_UART_TxCpltCallback)
    HAL_WWDG_EarlyWakeupCallback             0x080035c9   Thumb Code     6  wdg.o(i.HAL_WWDG_EarlyWakeupCallback)
    HAL_WWDG_IRQHandler                      0x080035d5   Thumb Code    30  stm32l4xx_hal_wwdg.o(i.HAL_WWDG_IRQHandler)
    HAL_WWDG_Refresh                         0x080035f3   Thumb Code    10  stm32l4xx_hal_wwdg.o(i.HAL_WWDG_Refresh)
    HardFault_Handler                        0x080035fd   Thumb Code     2  stm32l4xx_it.o(i.HardFault_Handler)
    LCD_GPIO_Init                            0x080039c5   Thumb Code   170  lcd.o(i.LCD_GPIO_Init)
    LCD_LockScreen                           0x08003a79   Thumb Code   342  lcd_interface.o(i.LCD_LockScreen)
    LCD_RuningScreen                         0x08003d71   Thumb Code   164  lcd_interface.o(i.LCD_RuningScreen)
    LCD_Scrolling_display                    0x08003e21   Thumb Code   238  lcd_interface.o(i.LCD_Scrolling_display)
    LCD_StartScreen                          0x08003f21   Thumb Code   116  lcd_interface.o(i.LCD_StartScreen)
    LED_Init                                 0x0800402d   Thumb Code    60  borad.o(i.LED_Init)
    MPU_Get_Accelerometer                    0x08004119   Thumb Code   196  mpu6050.o(i.MPU_Get_Accelerometer)
    MPU_Get_Gyroscope                        0x080041f9   Thumb Code   196  mpu6050.o(i.MPU_Get_Gyroscope)
    MPU_Get_Temperature                      0x080042d9   Thumb Code    50  mpu6050.o(i.MPU_Get_Temperature)
    MPU_I2C_GPIO_Init                        0x08004311   Thumb Code    62  mpu6050.o(i.MPU_I2C_GPIO_Init)
    MPU_Init                                 0x08004359   Thumb Code   310  mpu6050.o(i.MPU_Init)
    MPU_Read_Byte                            0x08004699   Thumb Code    38  mpu6050.o(i.MPU_Read_Byte)
    MPU_Set_Accel_Fsr                        0x080046c5   Thumb Code    44  mpu6050.o(i.MPU_Set_Accel_Fsr)
    MPU_Set_Gyro_Fsr                         0x080046f5   Thumb Code    50  mpu6050.o(i.MPU_Set_Gyro_Fsr)
    MPU_Set_LPF                              0x0800472d   Thumb Code    48  mpu6050.o(i.MPU_Set_LPF)
    MPU_Set_Rate                             0x0800475d   Thumb Code    46  mpu6050.o(i.MPU_Set_Rate)
    MPU_Write_Byte                           0x0800478d   Thumb Code    36  mpu6050.o(i.MPU_Write_Byte)
    MX_FREERTOS_Init                         0x080047b5   Thumb Code   202  freertos.o(i.MX_FREERTOS_Init)
    Matrix_keyboard_init                     0x080048e9   Thumb Code   254  matrix_keyboard.o(i.Matrix_keyboard_init)
    Matrix_keyboard_scan                     0x080049f1   Thumb Code   140  matrix_keyboard.o(i.Matrix_keyboard_scan)
    MemManage_Handler                        0x08004a85   Thumb Code     2  stm32l4xx_it.o(i.MemManage_Handler)
    NMI_Handler                              0x08004a87   Thumb Code     2  stm32l4xx_it.o(i.NMI_Handler)
    PVD_PVM_IRQHandler                       0x08004a89   Thumb Code     4  pwr.o(i.PVD_PVM_IRQHandler)
    RTC_Alarm_IRQHandler                     0x08004b09   Thumb Code     6  rtc.o(i.RTC_Alarm_IRQHandler)
    RTC_Bcd2ToByte                           0x08004b15   Thumb Code    18  stm32l4xx_hal_rtc.o(i.RTC_Bcd2ToByte)
    Runing_Page_1                            0x08004b29   Thumb Code   124  lcd_interface.o(i.Runing_Page_1)
    Runing_Page_2                            0x08004bbd   Thumb Code   126  lcd_interface.o(i.Runing_Page_2)
    Runing_Page_3                            0x08004c49   Thumb Code    82  lcd_interface.o(i.Runing_Page_3)
    Runing_Page_4                            0x08004ca1   Thumb Code   144  lcd_interface.o(i.Runing_Page_4)
    Runing_Page_5                            0x08004d89   Thumb Code    76  lcd_interface.o(i.Runing_Page_5)
    Runing_Page_6                            0x08004e11   Thumb Code   202  lcd_interface.o(i.Runing_Page_6)
    Runing_Page_7                            0x08004f39   Thumb Code    14  lcd_interface.o(i.Runing_Page_7)
    Runing_Page_8                            0x08004f47   Thumb Code    14  lcd_interface.o(i.Runing_Page_8)
    SysTick_Handler                          0x08004f85   Thumb Code    38  port.o(i.SysTick_Handler)
    SystemInit                               0x08004fb1   Thumb Code    12  system_stm32l4xx.o(i.SystemInit)
    TIM1_CC_IRQHandler                       0x08004fc1   Thumb Code     6  timer.o(i.TIM1_CC_IRQHandler)
    TIM1_UP_TIM16_IRQHandler                 0x08004fcd   Thumb Code   100  timer.o(i.TIM1_UP_TIM16_IRQHandler)
    TIM2_IRQHandler                          0x0800503d   Thumb Code     6  timer.o(i.TIM2_IRQHandler)
    TIM6_DAC_IRQHandler                      0x08005049   Thumb Code     6  timer.o(i.TIM6_DAC_IRQHandler)
    TIM7_IRQHandler                          0x08005055   Thumb Code     6  stm32l4xx_it.o(i.TIM7_IRQHandler)
    TIM_Base_SetConfig                       0x08005061   Thumb Code    94  stm32l4xx_hal_tim.o(i.TIM_Base_SetConfig)
    TIM_CCxChannelCmd                        0x080050cd   Thumb Code    26  stm32l4xx_hal_tim.o(i.TIM_CCxChannelCmd)
    TIM_OC2_SetConfig                        0x08005179   Thumb Code   102  stm32l4xx_hal_tim.o(i.TIM_OC2_SetConfig)
    TaskDefulat                              0x0800537d   Thumb Code   112  freertos.o(i.TaskDefulat)
    TaskLCDRunfunc                           0x08005441   Thumb Code    76  lcd_interface.o(i.TaskLCDRunfunc)
    TaskMatrix_keyboard                      0x080054cd   Thumb Code    72  freertos.o(i.TaskMatrix_keyboard)
    Timx_Set_TIM6_Callback                   0x08005539   Thumb Code     6  timer.o(i.Timx_Set_TIM6_Callback)
    Timx_baseStart_Init                      0x08005545   Thumb Code   136  timer.o(i.Timx_baseStart_Init)
    UART_AdvFeatureConfig                    0x080055d9   Thumb Code   200  stm32l4xx_hal_uart.o(i.UART_AdvFeatureConfig)
    UART_CheckIdleState                      0x080056a1   Thumb Code    92  stm32l4xx_hal_uart.o(i.UART_CheckIdleState)
    UART_SetConfig                           0x08005899   Thumb Code   478  stm32l4xx_hal_uart.o(i.UART_SetConfig)
    UART_Start_Receive_IT                    0x08005a99   Thumb Code   176  stm32l4xx_hal_uart.o(i.UART_Start_Receive_IT)
    UART_WaitOnFlagUntilTimeout              0x08005b51   Thumb Code   198  stm32l4xx_hal_uart.o(i.UART_WaitOnFlagUntilTimeout)
    USART2_IRQHandler                        0x08005c19   Thumb Code     6  usart.o(i.USART2_IRQHandler)
    UsageFault_Handler                       0x08005c25   Thumb Code     2  stm32l4xx_it.o(i.UsageFault_Handler)
    WWDG_IRQHandler                          0x08005c29   Thumb Code     6  wdg.o(i.WWDG_IRQHandler)
    __0printf                                0x08005c35   Thumb Code    22  printfa.o(i.__0printf)
    __1printf                                0x08005c35   Thumb Code     0  printfa.o(i.__0printf)
    __2printf                                0x08005c35   Thumb Code     0  printfa.o(i.__0printf)
    __c89printf                              0x08005c35   Thumb Code     0  printfa.o(i.__0printf)
    printf                                   0x08005c35   Thumb Code     0  printfa.o(i.__0printf)
    __0vsnprintf                             0x08005c55   Thumb Code    32  printfa.o(i.__0vsnprintf)
    __1vsnprintf                             0x08005c55   Thumb Code     0  printfa.o(i.__0vsnprintf)
    __2vsnprintf                             0x08005c55   Thumb Code     0  printfa.o(i.__0vsnprintf)
    __c89vsnprintf                           0x08005c55   Thumb Code     0  printfa.o(i.__0vsnprintf)
    vsnprintf                                0x08005c55   Thumb Code     0  printfa.o(i.__0vsnprintf)
    __ARM_fpclassify                         0x08005c79   Thumb Code    48  fpclassify.o(i.__ARM_fpclassify)
    __ARM_fpclassifyf                        0x08005ca9   Thumb Code    38  fpclassifyf.o(i.__ARM_fpclassifyf)
    __hardfp_cosf                            0x08005cf1   Thumb Code   280  cosf.o(i.__hardfp_cosf)
    __hardfp_pow                             0x08005e41   Thumb Code  3072  pow.o(i.__hardfp_pow)
    __hardfp_sinf                            0x08006ac1   Thumb Code   344  sinf.o(i.__hardfp_sinf)
    __kernel_poly                            0x08006c51   Thumb Code   248  poly.o(i.__kernel_poly)
    __mathlib_dbl_divzero                    0x08006d49   Thumb Code    28  dunder.o(i.__mathlib_dbl_divzero)
    __mathlib_dbl_infnan2                    0x08006d79   Thumb Code    20  dunder.o(i.__mathlib_dbl_infnan2)
    __mathlib_dbl_invalid                    0x08006d91   Thumb Code    24  dunder.o(i.__mathlib_dbl_invalid)
    __mathlib_dbl_overflow                   0x08006db1   Thumb Code    24  dunder.o(i.__mathlib_dbl_overflow)
    __mathlib_dbl_underflow                  0x08006dd1   Thumb Code    24  dunder.o(i.__mathlib_dbl_underflow)
    __mathlib_flt_infnan                     0x08006df1   Thumb Code     6  funder.o(i.__mathlib_flt_infnan)
    __mathlib_flt_invalid                    0x08006df9   Thumb Code    10  funder.o(i.__mathlib_flt_invalid)
    __mathlib_flt_underflow                  0x08006e09   Thumb Code    10  funder.o(i.__mathlib_flt_underflow)
    __mathlib_rredf2                         0x08006e19   Thumb Code   316  rredf.o(i.__mathlib_rredf2)
    __scatterload_copy                       0x08006f6d   Thumb Code    14  handlers.o(i.__scatterload_copy)
    __scatterload_null                       0x08006f7b   Thumb Code     2  handlers.o(i.__scatterload_null)
    __scatterload_zeroinit                   0x08006f7d   Thumb Code    14  handlers.o(i.__scatterload_zeroinit)
    __set_errno                              0x08006f8d   Thumb Code     6  errno.o(i.__set_errno)
    adc_add_channel                          0x08007851   Thumb Code    34  adc.o(i.adc_add_channel)
    adc_get_value                            0x0800787d   Thumb Code    80  adc.o(i.adc_get_value)
    adc_init_channels                        0x080078d1   Thumb Code   166  adc.o(i.adc_init_channels)
    atim1_npwmStart_init                     0x08007985   Thumb Code   146  timer.o(i.atim1_npwmStart_init)
    buzzer_init                              0x08007a25   Thumb Code    26  buzzer.o(i.buzzer_init)
    buzzer_play_poweron_sound                0x08007a45   Thumb Code    94  buzzer.o(i.buzzer_play_poweron_sound)
    buzzer_play_tone                         0x08007aa9   Thumb Code   104  buzzer.o(i.buzzer_play_tone)
    buzzer_play_twinkle_star                 0x08007b1d   Thumb Code   108  buzzer.o(i.buzzer_play_twinkle_star)
    buzzer_play_wind_rises                   0x08007bb9   Thumb Code   108  buzzer.o(i.buzzer_play_wind_rises)
    delay_ms                                 0x08007c69   Thumb Code    50  delay.o(i.delay_ms)
    fabs                                     0x08007c9b   Thumb Code    24  fabs.o(i.fabs)
    fputc                                    0x08007cb5   Thumb Code    18  usart.o(i.fputc)
    lcd_clear                                0x08007e29   Thumb Code    72  lcd.o(i.lcd_clear)
    lcd_display_dir                          0x08007e75   Thumb Code    26  lcd.o(i.lcd_display_dir)
    lcd_draw_line                            0x080081e5   Thumb Code   152  lcd.o(i.lcd_draw_line)
    lcd_draw_point                           0x08008283   Thumb Code    26  lcd.o(i.lcd_draw_point)
    lcd_fill                                 0x0800829d   Thumb Code    70  lcd.o(i.lcd_fill)
    lcd_init                                 0x080082e9   Thumb Code   596  lcd.o(i.lcd_init)
    lcd_printf                               0x08008541   Thumb Code    98  lcd.o(i.lcd_printf)
    lcd_scan_dir                             0x080085a9   Thumb Code   120  lcd.o(i.lcd_scan_dir)
    lcd_show_char                            0x08008681   Thumb Code   226  lcd.o(i.lcd_show_char)
    lcd_show_chinese                         0x08008781   Thumb Code   174  lcd.o(i.lcd_show_chinese)
    lcd_show_chinese_char                    0x08008845   Thumb Code   186  lcd.o(i.lcd_show_chinese_char)
    lcd_show_pic                             0x08008909   Thumb Code   100  lcd.o(i.lcd_show_pic)
    lcd_show_string                          0x08008971   Thumb Code   132  lcd.o(i.lcd_show_string)
    led_control                              0x08008a49   Thumb Code    10  borad.o(i.led_control)
    led_control_Toggle                       0x08008a53   Thumb Code     6  borad.o(i.led_control_Toggle)
    led_init                                 0x08008a59   Thumb Code   122  borad.o(i.led_init)
    main                                     0x08008ae1   Thumb Code    32  main.o(i.main)
    osKernelStart                            0x08008b0d   Thumb Code    10  cmsis_os.o(i.osKernelStart)
    osThreadCreate                           0x08008b17   Thumb Code    84  cmsis_os.o(i.osThreadCreate)
    pvPortMalloc                             0x08009001   Thumb Code   216  heap_4.o(i.pvPortMalloc)
    pvTaskIncrementMutexHeldCount            0x080090dd   Thumb Code    18  tasks.o(i.pvTaskIncrementMutexHeldCount)
    pxPortInitialiseStack                    0x080090f5   Thumb Code    40  port.o(i.pxPortInitialiseStack)
    rtc_get_time                             0x08009121   Thumb Code    94  rtc.o(i.rtc_get_time)
    sqrt                                     0x080091bd   Thumb Code   110  sqrt.o(i.sqrt)
    sys_stm32_clock_init                     0x0800922d   Thumb Code   128  sys.o(i.sys_stm32_clock_init)
    timx_pwmSetCompare                       0x080092b1   Thumb Code   178  timer.o(i.timx_pwmSetCompare)
    uart_read_line                           0x08009371   Thumb Code   252  usart.o(i.uart_read_line)
    usart_init                               0x08009471   Thumb Code    54  usart.o(i.usart_init)
    uxListRemove                             0x080094b5   Thumb Code    38  list.o(i.uxListRemove)
    uxQueueSpacesAvailable                   0x080094db   Thumb Code    40  queue.o(i.uxQueueSpacesAvailable)
    vApplicationGetIdleTaskMemory            0x08009505   Thumb Code    16  freertos.o(i.vApplicationGetIdleTaskMemory)
    vListInitialise                          0x08009519   Thumb Code    22  list.o(i.vListInitialise)
    vListInitialiseItem                      0x0800952f   Thumb Code     6  list.o(i.vListInitialiseItem)
    vListInsert                              0x08009535   Thumb Code    48  list.o(i.vListInsert)
    vListInsertEnd                           0x08009565   Thumb Code    24  list.o(i.vListInsertEnd)
    vPortEnterCritical                       0x0800957d   Thumb Code    54  port.o(i.vPortEnterCritical)
    vPortExitCritical                        0x080095bd   Thumb Code    34  port.o(i.vPortExitCritical)
    vPortFree                                0x080095e5   Thumb Code    94  heap_4.o(i.vPortFree)
    vPortSetupTimerInterrupt                 0x08009649   Thumb Code    32  port.o(i.vPortSetupTimerInterrupt)
    vTaskDelay                               0x0800966d   Thumb Code    66  tasks.o(i.vTaskDelay)
    vTaskInternalSetTimeOutState             0x080096b9   Thumb Code    12  tasks.o(i.vTaskInternalSetTimeOutState)
    vTaskMissedYield                         0x080096c9   Thumb Code     8  tasks.o(i.vTaskMissedYield)
    vTaskPlaceOnEventList                    0x080096d5   Thumb Code    44  tasks.o(i.vTaskPlaceOnEventList)
    vTaskPriorityDisinheritAfterTimeout      0x08009705   Thumb Code   152  tasks.o(i.vTaskPriorityDisinheritAfterTimeout)
    vTaskStartScheduler                      0x080097a5   Thumb Code    90  tasks.o(i.vTaskStartScheduler)
    vTaskSuspendAll                          0x08009811   Thumb Code    10  tasks.o(i.vTaskSuspendAll)
    vTaskSwitchContext                       0x08009821   Thumb Code    82  tasks.o(i.vTaskSwitchContext)
    xPortStartScheduler                      0x0800987d   Thumb Code   222  port.o(i.xPortStartScheduler)
    xQueueCreateMutex                        0x08009971   Thumb Code    22  queue.o(i.xQueueCreateMutex)
    xQueueGenericCreate                      0x08009987   Thumb Code    66  queue.o(i.xQueueGenericCreate)
    xQueueGenericReset                       0x080099c9   Thumb Code   132  queue.o(i.xQueueGenericReset)
    xQueueGenericSend                        0x08009a51   Thumb Code   346  queue.o(i.xQueueGenericSend)
    xQueueReceive                            0x08009bb1   Thumb Code   308  queue.o(i.xQueueReceive)
    xQueueSemaphoreTake                      0x08009ce9   Thumb Code   372  queue.o(i.xQueueSemaphoreTake)
    xTaskCheckForTimeOut                     0x08009e61   Thumb Code   112  tasks.o(i.xTaskCheckForTimeOut)
    xTaskCreate                              0x08009ed5   Thumb Code    90  tasks.o(i.xTaskCreate)
    xTaskCreateStatic                        0x08009f35   Thumb Code    86  tasks.o(i.xTaskCreateStatic)
    xTaskGetSchedulerState                   0x08009f8d   Thumb Code    22  tasks.o(i.xTaskGetSchedulerState)
    xTaskIncrementTick                       0x08009fa9   Thumb Code   194  tasks.o(i.xTaskIncrementTick)
    xTaskPriorityDisinherit                  0x0800a075   Thumb Code   144  tasks.o(i.xTaskPriorityDisinherit)
    xTaskPriorityInherit                     0x0800a10d   Thumb Code   130  tasks.o(i.xTaskPriorityInherit)
    xTaskRemoveFromEventList                 0x0800a199   Thumb Code   108  tasks.o(i.xTaskRemoveFromEventList)
    xTaskResumeAll                           0x0800a20d   Thumb Code   182  tasks.o(i.xTaskResumeAll)
    AHBPrescTable                            0x0800a2d0   Data          16  system_stm32l4xx.o(.constdata)
    MSIRangeTable                            0x0800a2e0   Data          48  system_stm32l4xx.o(.constdata)
    APBPrescTable                            0x0800a310   Data           8  system_stm32l4xx.o(.constdata)
    gImageArray                              0x0800a36c   Data          20  imagedata.o(.constdata)
    gImage                                   0x0800a380   Data       20000  imagedata.o(.constdata)
    gImage_8                                 0x0800f1a0   Data       20000  imagedata.o(.constdata)
    gImage_9                                 0x08013fc0   Data       20000  imagedata.o(.constdata)
    gImage_10                                0x08018de0   Data       20000  imagedata.o(.constdata)
    gImage_11                                0x0801dc00   Data       20000  imagedata.o(.constdata)
    gImage_12                                0x08022a20   Data       20000  imagedata.o(.constdata)
    font_1206                                0x080278a8   Data        1140  lcd.o(.constdata)
    font_1608                                0x08027d1c   Data        1520  lcd.o(.constdata)
    font_2412                                0x0802830c   Data        4560  lcd.o(.constdata)
    font_3216                                0x080294dc   Data        6080  lcd.o(.constdata)
    OLED_CF16x16                             0x0802ad9c   Data        2484  oled_data.o(.constdata)
    LED                                      0x0802b750   Data           8  borad.o(.constdata)
    __mathlib_zero                           0x0802ba78   Data           8  qnan.o(.constdata)
    Region$$Table$$Base                      0x0802bb94   Number         0  anon$$obj.o(Region$$Table)
    Region$$Table$$Limit                     0x0802bbb4   Number         0  anon$$obj.o(Region$$Table)
    SystemCoreClock                          0x20000004   Data           4  system_stm32l4xx.o(.data)
    g_timxchy_cap_sta                        0x20000008   Data           1  timer.o(.data)
    g_timxchy_cap_val                        0x2000000a   Data           2  timer.o(.data)
    RuningScreenMutex                        0x20000018   Data           4  freertos.o(.data)
    xKeyQueue                                0x2000001c   Data           4  freertos.o(.data)
    taskDefulatLedHandle                     0x20000020   Data           4  freertos.o(.data)
    taskMatrix_keyboardHandle                0x20000024   Data           4  freertos.o(.data)
    taskLCDRunfuncHandle                     0x20000028   Data           4  freertos.o(.data)
    Student_ID                               0x20000034   Data           4  lcd_interface.o(.data)
    Student_Name                             0x20000038   Data           4  lcd_interface.o(.data)
    Professional                             0x2000003c   Data           4  lcd_interface.o(.data)
    Product_Name                             0x20000040   Data           4  lcd_interface.o(.data)
    xLCDFuncMutex                            0x2000004c   Data           4  lcd_interface.o(.data)
    __stdout                                 0x200000a0   Data           4  usart.o(.data)
    spilcd_dir                               0x200000a4   Data           1  lcd.o(.data)
    spilcd_width                             0x200000a6   Data           2  lcd.o(.data)
    spilcd_height                            0x200000a8   Data           2  lcd.o(.data)
    g_point_color                            0x200000ac   Data           4  lcd.o(.data)
    g_back_color                             0x200000b0   Data           4  lcd.o(.data)
    LCD_SCL_PIN                              0x200000b4   Data           8  lcd.o(.data)
    LCD_SDA_PIN                              0x200000bc   Data           8  lcd.o(.data)
    LCD_RES_PIN                              0x200000c4   Data           8  lcd.o(.data)
    LCD_DC_PIN                               0x200000cc   Data           8  lcd.o(.data)
    LCD_CS_PIN                               0x200000d4   Data           8  lcd.o(.data)
    LCD_BLK_PIN                              0x200000dc   Data           8  lcd.o(.data)
    KEY_NUMCHARS                             0x200000e4   Data          16  matrix_keyboard.o(.data)
    uwTickFreq                               0x20000100   Data           1  stm32l4xx_hal.o(.data)
    uwTickPrio                               0x20000104   Data           4  stm32l4xx_hal.o(.data)
    uwTick                                   0x20000108   Data           4  stm32l4xx_hal.o(.data)
    pxCurrentTCB                             0x2000010c   Data           4  tasks.o(.data)
    htim7                                    0x20000178   Data          76  stm32l4xx_hal_timebase_tim.o(.bss)
    hadc1                                    0x200001c4   Data         100  adc.o(.bss)
    g_dma_tx_handle                          0x200002e8   Data          72  dma.o(.bss)
    g_dma_rx_handle                          0x20000330   Data          72  dma.o(.bss)
    g_rx_buffer                              0x20000378   Data          64  dma.o(.bss)
    g_rtc_handle                             0x20000400   Data          36  rtc.o(.bss)
    calendar                                 0x20000424   Data          10  rtc.o(.bss)
    timer_configs                            0x20000430   Data         828  timer.o(.bss)
    g_uart_handle                            0x20000ae8   Data         132  usart.o(.bss)
    g_wwdg_handle                            0x20000b6c   Data          20  wdg.o(.bss)
    hi2c1                                    0x20000b80   Data          84  mpu6050.o(.bss)
    __initial_sp                             0x20003cc8   Data           0  startup_stm32l431xx.o(STACK)



==============================================================================

Memory Map of the image

  Image Entry point : 0x0800018d

  Load Region LR_IROM1 (Base: 0x08000000, Size: 0x0002bd2c, Max: 0x00040000, ABSOLUTE, COMPRESSED[0x0002bc44])

    Execution Region ER_IROM1 (Base: 0x08000000, Size: 0x0002bbb4, Max: 0x00040000, ABSOLUTE)

    Base Addr    Size         Type   Attr      Idx    E Section Name        Object

    0x08000000   0x0000018c   Data   RO            3    RESET               startup_stm32l431xx.o
    0x0800018c   0x00000000   Code   RO         8208  * .ARM.Collect$$$$00000000  mc_w.l(entry.o)
    0x0800018c   0x00000004   Code   RO         8562    .ARM.Collect$$$$00000001  mc_w.l(entry2.o)
    0x08000190   0x00000004   Code   RO         8565    .ARM.Collect$$$$00000004  mc_w.l(entry5.o)
    0x08000194   0x00000000   Code   RO         8567    .ARM.Collect$$$$00000008  mc_w.l(entry7b.o)
    0x08000194   0x00000000   Code   RO         8569    .ARM.Collect$$$$0000000A  mc_w.l(entry8b.o)
    0x08000194   0x00000008   Code   RO         8570    .ARM.Collect$$$$0000000B  mc_w.l(entry9a.o)
    0x0800019c   0x00000000   Code   RO         8572    .ARM.Collect$$$$0000000D  mc_w.l(entry10a.o)
    0x0800019c   0x00000000   Code   RO         8574    .ARM.Collect$$$$0000000F  mc_w.l(entry11a.o)
    0x0800019c   0x00000004   Code   RO         8563    .ARM.Collect$$$$00002712  mc_w.l(entry2.o)
    0x080001a0   0x000000de   Code   RO         8089    .emb_text           port.o
    0x0800027e   0x00000002   PAD
    0x08000280   0x00000024   Code   RO            4    .text               startup_stm32l431xx.o
    0x080002a4   0x00000068   Code   RO         8211    .text               mc_w.l(uldiv.o)
    0x0800030c   0x00000024   Code   RO         8213    .text               mc_w.l(memcpya.o)
    0x08000330   0x00000024   Code   RO         8217    .text               mc_w.l(memseta.o)
    0x08000354   0x0000000e   Code   RO         8219    .text               mc_w.l(strlen.o)
    0x08000362   0x0000001c   Code   RO         8221    .text               mc_w.l(strcmp.o)
    0x0800037e   0x00000012   Code   RO         8223    .text               mc_w.l(strcpy.o)
    0x08000390   0x0000015e   Code   RO         8488    .text               mf_w.l(dadd.o)
    0x080004ee   0x000000ea   Code   RO         8490    .text               mf_w.l(dmul.o)
    0x080005d8   0x000000de   Code   RO         8492    .text               mf_w.l(ddiv.o)
    0x080006b6   0x0000001a   Code   RO         8496    .text               mf_w.l(dfltui.o)
    0x080006d0   0x00000026   Code   RO         8500    .text               mf_w.l(f2d.o)
    0x080006f6   0x00000002   PAD
    0x080006f8   0x00000030   Code   RO         8502    .text               mf_w.l(cdrcmple.o)
    0x08000728   0x00000038   Code   RO         8504    .text               mf_w.l(d2f.o)
    0x08000760   0x0000002c   Code   RO         8576    .text               mc_w.l(uidiv.o)
    0x0800078c   0x0000001e   Code   RO         8578    .text               mc_w.l(llshl.o)
    0x080007aa   0x00000020   Code   RO         8580    .text               mc_w.l(llushr.o)
    0x080007ca   0x00000024   Code   RO         8582    .text               mc_w.l(llsshr.o)
    0x080007ee   0x00000000   Code   RO         8591    .text               mc_w.l(iusefp.o)
    0x080007ee   0x0000006e   Code   RO         8592    .text               mf_w.l(fepilogue.o)
    0x0800085c   0x000000ba   Code   RO         8594    .text               mf_w.l(depilogue.o)
    0x08000916   0x0000002e   Code   RO         8596    .text               mf_w.l(dscalb.o)
    0x08000944   0x00000022   Code   RO         8600    .text               mf_w.l(dflti.o)
    0x08000966   0x00000030   Code   RO         8602    .text               mf_w.l(dfixul.o)
    0x08000996   0x00000002   PAD
    0x08000998   0x00000024   Code   RO         8606    .text               mc_w.l(init.o)
    0x080009bc   0x000000a2   Code   RO         8608    .text               mf_w.l(dsqrt.o)
    0x08000a5e   0x00000056   Code   RO         8618    .text               mc_w.l(__dczerorl2.o)
    0x08000ab4   0x000000e4   Code   RO         5096    i.ADC_ConversionStop  stm32l4xx_hal_adc.o
    0x08000b98   0x00000070   Code   RO         5100    i.ADC_Disable       stm32l4xx_hal_adc.o
    0x08000c08   0x000000ac   Code   RO         5101    i.ADC_Enable        stm32l4xx_hal_adc.o
    0x08000cb4   0x00000002   Code   RO           13    i.BusFault_Handler  stm32l4xx_it.o
    0x08000cb6   0x00000002   PAD
    0x08000cb8   0x0000000c   Code   RO          398    i.DMA1_Channel3_IRQHandler  dma.o
    0x08000cc4   0x0000000c   Code   RO          399    i.DMA1_Channel6_IRQHandler  dma.o
    0x08000cd0   0x0000000c   Code   RO          400    i.DMA1_Channel7_IRQHandler  dma.o
    0x08000cdc   0x00000002   Code   RO           14    i.DebugMon_Handler  stm32l4xx_it.o
    0x08000cde   0x00000006   Code   RO          523    i.EXTI0_IRQHandler  pwr.o
    0x08000ce4   0x00000024   Code   RO         2015    i.EXTI3_IRQHandler  borad.o
    0x08000d08   0x00000020   Code   RO         2016    i.EXTI4_IRQHandler  borad.o
    0x08000d28   0x00000004   Code   RO          963    i.Error_Handler     main.o
    0x08000d2c   0x00000090   Code   RO         5327    i.HAL_ADCEx_Calibration_Start  stm32l4xx_hal_adc_ex.o
    0x08000dbc   0x000003f2   Code   RO         5103    i.HAL_ADC_ConfigChannel  stm32l4xx_hal_adc.o
    0x080011ae   0x00000006   Code   RO         5110    i.HAL_ADC_GetValue  stm32l4xx_hal_adc.o
    0x080011b4   0x000001b0   Code   RO         5112    i.HAL_ADC_Init      stm32l4xx_hal_adc.o
    0x08001364   0x00000122   Code   RO          272    i.HAL_ADC_MspInit   adc.o
    0x08001486   0x000000ae   Code   RO         5116    i.HAL_ADC_PollForConversion  stm32l4xx_hal_adc.o
    0x08001534   0x00000088   Code   RO         5118    i.HAL_ADC_Start     stm32l4xx_hal_adc.o
    0x080015bc   0x0000003e   Code   RO         5121    i.HAL_ADC_Stop      stm32l4xx_hal_adc.o
    0x080015fa   0x0000004a   Code   RO         3470    i.HAL_DMA_Abort     stm32l4xx_hal_dma.o
    0x08001644   0x0000004e   Code   RO         3471    i.HAL_DMA_Abort_IT  stm32l4xx_hal_dma.o
    0x08001692   0x000000ba   Code   RO         3475    i.HAL_DMA_IRQHandler  stm32l4xx_hal_dma.o
    0x0800174c   0x00000024   Code   RO         2157    i.HAL_Delay         stm32l4xx_hal.o
    0x08001770   0x00000002   Code   RO         3404    i.HAL_GPIO_EXTI_Callback  stm32l4xx_hal_gpio.o
    0x08001772   0x00000002   PAD
    0x08001774   0x00000018   Code   RO         3405    i.HAL_GPIO_EXTI_IRQHandler  stm32l4xx_hal_gpio.o
    0x0800178c   0x000001d6   Code   RO         3406    i.HAL_GPIO_Init     stm32l4xx_hal_gpio.o
    0x08001962   0x0000000a   Code   RO         3408    i.HAL_GPIO_ReadPin  stm32l4xx_hal_gpio.o
    0x0800196c   0x00000010   Code   RO         3409    i.HAL_GPIO_TogglePin  stm32l4xx_hal_gpio.o
    0x0800197c   0x0000000a   Code   RO         3410    i.HAL_GPIO_WritePin  stm32l4xx_hal_gpio.o
    0x08001986   0x00000002   PAD
    0x08001988   0x0000000c   Code   RO         2161    i.HAL_GetTick       stm32l4xx_hal.o
    0x08001994   0x000000b8   Code   RO         2395    i.HAL_I2C_Init      stm32l4xx_hal_i2c.o
    0x08001a4c   0x0000012a   Code   RO         2401    i.HAL_I2C_Master_Receive  stm32l4xx_hal_i2c.o
    0x08001b76   0x00000002   PAD
    0x08001b78   0x0000016a   Code   RO         2413    i.HAL_I2C_Mem_Read  stm32l4xx_hal_i2c.o
    0x08001ce2   0x00000002   PAD
    0x08001ce4   0x0000015e   Code   RO         2416    i.HAL_I2C_Mem_Write  stm32l4xx_hal_i2c.o
    0x08001e42   0x00000002   Code   RO         2420    i.HAL_I2C_MspInit   stm32l4xx_hal_i2c.o
    0x08001e44   0x00000010   Code   RO         2167    i.HAL_IncTick       stm32l4xx_hal.o
    0x08001e54   0x0000001e   Code   RO         2168    i.HAL_Init          stm32l4xx_hal.o
    0x08001e72   0x00000002   PAD
    0x08001e74   0x00000098   Code   RO          232    i.HAL_InitTick      stm32l4xx_hal_timebase_tim.o
    0x08001f0c   0x00000034   Code   RO          208    i.HAL_MspInit       stm32l4xx_hal_msp.o
    0x08001f40   0x0000001a   Code   RO         3893    i.HAL_NVIC_EnableIRQ  stm32l4xx_hal_cortex.o
    0x08001f5a   0x00000002   PAD
    0x08001f5c   0x00000040   Code   RO         3899    i.HAL_NVIC_SetPriority  stm32l4xx_hal_cortex.o
    0x08001f9c   0x00000024   Code   RO         3900    i.HAL_NVIC_SetPriorityGrouping  stm32l4xx_hal_cortex.o
    0x08001fc0   0x00000010   Code   RO         3720    i.HAL_PWREx_GetVoltageRange  stm32l4xx_hal_pwr_ex.o
    0x08001fd0   0x0000003c   Code   RO         3721    i.HAL_PWREx_PVD_PVM_IRQHandler  stm32l4xx_hal_pwr_ex.o
    0x0800200c   0x00000002   Code   RO         3722    i.HAL_PWREx_PVM3Callback  stm32l4xx_hal_pwr_ex.o
    0x0800200e   0x00000002   Code   RO         3723    i.HAL_PWREx_PVM4Callback  stm32l4xx_hal_pwr_ex.o
    0x08002010   0x00000038   Code   RO          524    i.HAL_PWR_PVDCallback  pwr.o
    0x08002048   0x00000144   Code   RO         2911    i.HAL_RCC_ClockConfig  stm32l4xx_hal_rcc.o
    0x0800218c   0x00000040   Code   RO         2914    i.HAL_RCC_GetClockConfig  stm32l4xx_hal_rcc.o
    0x080021cc   0x00000024   Code   RO         2917    i.HAL_RCC_GetPCLK1Freq  stm32l4xx_hal_rcc.o
    0x080021f0   0x00000024   Code   RO         2918    i.HAL_RCC_GetPCLK2Freq  stm32l4xx_hal_rcc.o
    0x08002214   0x000000a4   Code   RO         2920    i.HAL_RCC_GetSysClockFreq  stm32l4xx_hal_rcc.o
    0x080022b8   0x00000560   Code   RO         2923    i.HAL_RCC_OscConfig  stm32l4xx_hal_rcc.o
    0x08002818   0x00000002   Code   RO         5826    i.HAL_RTCEx_AlarmBEventCallback  stm32l4xx_hal_rtc_ex.o
    0x0800281a   0x00000002   PAD
    0x0800281c   0x00000044   Code   RO          689    i.HAL_RTC_AlarmAEventCallback  rtc.o
    0x08002860   0x00000058   Code   RO         5654    i.HAL_RTC_AlarmIRQHandler  stm32l4xx_hal_rtc.o
    0x080028b8   0x00000044   Code   RO         5663    i.HAL_RTC_GetDate   stm32l4xx_hal_rtc.o
    0x080028fc   0x00000054   Code   RO         5665    i.HAL_RTC_GetTime   stm32l4xx_hal_rtc.o
    0x08002950   0x00000002   Code   RO         4811    i.HAL_TIMEx_Break2Callback  stm32l4xx_hal_tim_ex.o
    0x08002952   0x00000002   Code   RO         4812    i.HAL_TIMEx_BreakCallback  stm32l4xx_hal_tim_ex.o
    0x08002954   0x00000002   Code   RO         4813    i.HAL_TIMEx_CommutCallback  stm32l4xx_hal_tim_ex.o
    0x08002956   0x00000002   PAD
    0x08002958   0x00000098   Code   RO         4844    i.HAL_TIMEx_PWMN_Start  stm32l4xx_hal_tim_ex.o
    0x080029f0   0x00000062   Code   RO         4097    i.HAL_TIM_Base_Init  stm32l4xx_hal_tim.o
    0x08002a52   0x00000002   PAD
    0x08002a54   0x000000b0   Code   RO          825    i.HAL_TIM_Base_MspInit  timer.o
    0x08002b04   0x00000058   Code   RO         4102    i.HAL_TIM_Base_Start_IT  stm32l4xx_hal_tim.o
    0x08002b5c   0x00000026   Code   RO         4128    i.HAL_TIM_GenerateEvent  stm32l4xx_hal_tim.o
    0x08002b82   0x00000002   PAD
    0x08002b84   0x000000a4   Code   RO          826    i.HAL_TIM_IC_CaptureCallback  timer.o
    0x08002c28   0x00000184   Code   RO         4145    i.HAL_TIM_IRQHandler  stm32l4xx_hal_tim.o
    0x08002dac   0x00000002   Code   RO         4148    i.HAL_TIM_OC_DelayElapsedCallback  stm32l4xx_hal_tim.o
    0x08002dae   0x00000124   Code   RO         4169    i.HAL_TIM_PWM_ConfigChannel  stm32l4xx_hal_tim.o
    0x08002ed2   0x00000062   Code   RO         4172    i.HAL_TIM_PWM_Init  stm32l4xx_hal_tim.o
    0x08002f34   0x000000a8   Code   RO          828    i.HAL_TIM_PWM_MspInit  timer.o
    0x08002fdc   0x00000002   Code   RO         4175    i.HAL_TIM_PWM_PulseFinishedCallback  stm32l4xx_hal_tim.o
    0x08002fde   0x00000002   PAD
    0x08002fe0   0x000000d0   Code   RO         4177    i.HAL_TIM_PWM_Start  stm32l4xx_hal_tim.o
    0x080030b0   0x00000098   Code   RO          829    i.HAL_TIM_PeriodElapsedCallback  timer.o
    0x08003148   0x0000002a   Code   RO         4185    i.HAL_TIM_ReadCapturedValue  stm32l4xx_hal_tim.o
    0x08003172   0x00000002   Code   RO         4188    i.HAL_TIM_TriggerCallback  stm32l4xx_hal_tim.o
    0x08003174   0x00000002   Code   RO         6075    i.HAL_UARTEx_RxEventCallback  stm32l4xx_hal_uart.o
    0x08003176   0x00000002   Code   RO         6468    i.HAL_UARTEx_WakeupCallback  stm32l4xx_hal_uart_ex.o
    0x08003178   0x00000024   Code   RO         1386    i.HAL_UART_ErrorCallback  usart.o
    0x0800319c   0x00000294   Code   RO         6094    i.HAL_UART_IRQHandler  stm32l4xx_hal_uart.o
    0x08003430   0x00000066   Code   RO         6095    i.HAL_UART_Init     stm32l4xx_hal_uart.o
    0x08003496   0x00000002   PAD
    0x08003498   0x00000088   Code   RO         1387    i.HAL_UART_MspInit  usart.o
    0x08003520   0x00000054   Code   RO         6100    i.HAL_UART_Receive_IT  stm32l4xx_hal_uart.o
    0x08003574   0x00000050   Code   RO         1388    i.HAL_UART_RxCpltCallback  usart.o
    0x080035c4   0x00000002   Code   RO         6107    i.HAL_UART_TxCpltCallback  stm32l4xx_hal_uart.o
    0x080035c6   0x00000002   PAD
    0x080035c8   0x0000000c   Code   RO         1504    i.HAL_WWDG_EarlyWakeupCallback  wdg.o
    0x080035d4   0x0000001e   Code   RO         6579    i.HAL_WWDG_IRQHandler  stm32l4xx_hal_wwdg.o
    0x080035f2   0x0000000a   Code   RO         6582    i.HAL_WWDG_Refresh  stm32l4xx_hal_wwdg.o
    0x080035fc   0x00000002   Code   RO           15    i.HardFault_Handler  stm32l4xx_it.o
    0x080035fe   0x00000022   Code   RO         2442    i.I2C_Flush_TXDR    stm32l4xx_hal_i2c.o
    0x08003620   0x0000011c   Code   RO         2450    i.I2C_IsErrorOccurred  stm32l4xx_hal_i2c.o
    0x0800373c   0x00000064   Code   RO         2455    i.I2C_RequestMemoryRead  stm32l4xx_hal_i2c.o
    0x080037a0   0x00000064   Code   RO         2456    i.I2C_RequestMemoryWrite  stm32l4xx_hal_i2c.o
    0x08003804   0x00000030   Code   RO         2459    i.I2C_TransferConfig  stm32l4xx_hal_i2c.o
    0x08003834   0x00000058   Code   RO         2461    i.I2C_WaitOnFlagUntilTimeout  stm32l4xx_hal_i2c.o
    0x0800388c   0x0000009c   Code   RO         2462    i.I2C_WaitOnRXNEFlagUntilTimeout  stm32l4xx_hal_i2c.o
    0x08003928   0x0000004c   Code   RO         2463    i.I2C_WaitOnSTOPFlagUntilTimeout  stm32l4xx_hal_i2c.o
    0x08003974   0x00000050   Code   RO         2464    i.I2C_WaitOnTXISFlagUntilTimeout  stm32l4xx_hal_i2c.o
    0x080039c4   0x000000b4   Code   RO         1564    i.LCD_GPIO_Init     lcd.o
    0x08003a78   0x000001aa   Code   RO         1117    i.LCD_LockScreen    lcd_interface.o
    0x08003c22   0x00000002   PAD
    0x08003c24   0x000000a0   Code   RO         1118    i.LCD_LockStaticScreen  lcd_interface.o
    0x08003cc4   0x000000ac   Code   RO         1119    i.LCD_RuningPagePrintf  lcd_interface.o
    0x08003d70   0x000000b0   Code   RO         1120    i.LCD_RuningScreen  lcd_interface.o
    0x08003e20   0x00000100   Code   RO         1121    i.LCD_Scrolling_display  lcd_interface.o
    0x08003f20   0x000000c0   Code   RO         1122    i.LCD_StartScreen   lcd_interface.o
    0x08003fe0   0x0000001c   Code   RO         1123    i.LCD_TIM6_Callbask  lcd_interface.o
    0x08003ffc   0x00000030   Code   RO         1565    i.LCD_WriteData_16Bit  lcd.o
    0x0800402c   0x00000044   Code   RO         2017    i.LED_Init          borad.o
    0x08004070   0x0000004c   Code   RO         1124    i.LED_Startshow     lcd_interface.o
    0x080040bc   0x0000000c   Code   RO         5125    i.LL_ADC_GetOffsetChannel  stm32l4xx_hal_adc.o
    0x080040c8   0x00000008   Code   RO         5126    i.LL_ADC_INJ_IsConversionOngoing  stm32l4xx_hal_adc.o
    0x080040d0   0x00000008   Code   RO         5127    i.LL_ADC_REG_IsConversionOngoing  stm32l4xx_hal_adc.o
    0x080040d8   0x00000010   Code   RO         5128    i.LL_ADC_REG_IsTriggerSourceSWStart  stm32l4xx_hal_adc.o
    0x080040e8   0x0000001e   Code   RO         5130    i.LL_ADC_SetChannelSamplingTime  stm32l4xx_hal_adc.o
    0x08004106   0x00000010   Code   RO         5131    i.LL_ADC_SetOffsetState  stm32l4xx_hal_adc.o
    0x08004116   0x00000002   PAD
    0x08004118   0x000000e0   Code   RO         1774    i.MPU_Get_Accelerometer  mpu6050.o
    0x080041f8   0x000000e0   Code   RO         1775    i.MPU_Get_Gyroscope  mpu6050.o
    0x080042d8   0x00000038   Code   RO         1776    i.MPU_Get_Temperature  mpu6050.o
    0x08004310   0x00000048   Code   RO         1777    i.MPU_I2C_GPIO_Init  mpu6050.o
    0x08004358   0x00000340   Code   RO         1778    i.MPU_Init          mpu6050.o
    0x08004698   0x0000002c   Code   RO         1779    i.MPU_Read_Byte     mpu6050.o
    0x080046c4   0x00000030   Code   RO         1780    i.MPU_Set_Accel_Fsr  mpu6050.o
    0x080046f4   0x00000038   Code   RO         1782    i.MPU_Set_Gyro_Fsr  mpu6050.o
    0x0800472c   0x00000030   Code   RO         1783    i.MPU_Set_LPF       mpu6050.o
    0x0800475c   0x0000002e   Code   RO         1784    i.MPU_Set_Rate      mpu6050.o
    0x0800478a   0x00000002   PAD
    0x0800478c   0x00000028   Code   RO         1785    i.MPU_Write_Byte    mpu6050.o
    0x080047b4   0x00000134   Code   RO         1011    i.MX_FREERTOS_Init  freertos.o
    0x080048e8   0x00000108   Code   RO         1740    i.Matrix_keyboard_init  matrix_keyboard.o
    0x080049f0   0x00000094   Code   RO         1741    i.Matrix_keyboard_scan  matrix_keyboard.o
    0x08004a84   0x00000002   Code   RO           16    i.MemManage_Handler  stm32l4xx_it.o
    0x08004a86   0x00000002   Code   RO           17    i.NMI_Handler       stm32l4xx_it.o
    0x08004a88   0x00000004   Code   RO          525    i.PVD_PVM_IRQHandler  pwr.o
    0x08004a8c   0x0000007c   Code   RO         2924    i.RCC_SetFlashLatencyFromMSIRange  stm32l4xx_hal_rcc.o
    0x08004b08   0x0000000c   Code   RO          691    i.RTC_Alarm_IRQHandler  rtc.o
    0x08004b14   0x00000012   Code   RO         5675    i.RTC_Bcd2ToByte    stm32l4xx_hal_rtc.o
    0x08004b26   0x00000002   PAD
    0x08004b28   0x00000094   Code   RO         1125    i.Runing_Page_1     lcd_interface.o
    0x08004bbc   0x0000008c   Code   RO         1126    i.Runing_Page_2     lcd_interface.o
    0x08004c48   0x00000058   Code   RO         1127    i.Runing_Page_3     lcd_interface.o
    0x08004ca0   0x000000e8   Code   RO         1128    i.Runing_Page_4     lcd_interface.o
    0x08004d88   0x00000088   Code   RO         1129    i.Runing_Page_5     lcd_interface.o
    0x08004e10   0x00000128   Code   RO         1130    i.Runing_Page_6     lcd_interface.o
    0x08004f38   0x0000000e   Code   RO         1131    i.Runing_Page_7     lcd_interface.o
    0x08004f46   0x0000000e   Code   RO         1132    i.Runing_Page_8     lcd_interface.o
    0x08004f54   0x00000030   Code   RO         1566    i.SPI_WriteData     lcd.o
    0x08004f84   0x0000002c   Code   RO         8090    i.SysTick_Handler   port.o
    0x08004fb0   0x00000010   Code   RO          788    i.SystemInit        system_stm32l4xx.o
    0x08004fc0   0x0000000c   Code   RO          830    i.TIM1_CC_IRQHandler  timer.o
    0x08004fcc   0x00000070   Code   RO          831    i.TIM1_UP_TIM16_IRQHandler  timer.o
    0x0800503c   0x0000000c   Code   RO          832    i.TIM2_IRQHandler   timer.o
    0x08005048   0x0000000c   Code   RO          833    i.TIM6_DAC_IRQHandler  timer.o
    0x08005054   0x0000000c   Code   RO           18    i.TIM7_IRQHandler   stm32l4xx_it.o
    0x08005060   0x0000006c   Code   RO         4190    i.TIM_Base_SetConfig  stm32l4xx_hal_tim.o
    0x080050cc   0x0000001a   Code   RO         4191    i.TIM_CCxChannelCmd  stm32l4xx_hal_tim.o
    0x080050e6   0x0000001a   Code   RO         4853    i.TIM_CCxNChannelCmd  stm32l4xx_hal_tim_ex.o
    0x08005100   0x00000078   Code   RO         4203    i.TIM_OC1_SetConfig  stm32l4xx_hal_tim.o
    0x08005178   0x00000078   Code   RO         4204    i.TIM_OC2_SetConfig  stm32l4xx_hal_tim.o
    0x080051f0   0x00000074   Code   RO         4205    i.TIM_OC3_SetConfig  stm32l4xx_hal_tim.o
    0x08005264   0x00000060   Code   RO         4206    i.TIM_OC4_SetConfig  stm32l4xx_hal_tim.o
    0x080052c4   0x0000005c   Code   RO         4207    i.TIM_OC5_SetConfig  stm32l4xx_hal_tim.o
    0x08005320   0x0000005c   Code   RO         4208    i.TIM_OC6_SetConfig  stm32l4xx_hal_tim.o
    0x0800537c   0x000000c4   Code   RO         1012    i.TaskDefulat       freertos.o
    0x08005440   0x0000008c   Code   RO         1133    i.TaskLCDRunfunc    lcd_interface.o
    0x080054cc   0x0000006c   Code   RO         1013    i.TaskMatrix_keyboard  freertos.o
    0x08005538   0x0000000c   Code   RO          836    i.Timx_Set_TIM6_Callback  timer.o
    0x08005544   0x00000094   Code   RO          837    i.Timx_baseStart_Init  timer.o
    0x080055d8   0x000000c8   Code   RO         6109    i.UART_AdvFeatureConfig  stm32l4xx_hal_uart.o
    0x080056a0   0x0000005c   Code   RO         6110    i.UART_CheckIdleState  stm32l4xx_hal_uart.o
    0x080056fc   0x00000014   Code   RO         6111    i.UART_DMAAbortOnError  stm32l4xx_hal_uart.o
    0x08005710   0x0000004a   Code   RO         6121    i.UART_EndRxTransfer  stm32l4xx_hal_uart.o
    0x0800575a   0x0000009e   Code   RO         6123    i.UART_RxISR_16BIT  stm32l4xx_hal_uart.o
    0x080057f8   0x0000009e   Code   RO         6124    i.UART_RxISR_8BIT   stm32l4xx_hal_uart.o
    0x08005896   0x00000002   PAD
    0x08005898   0x00000200   Code   RO         6125    i.UART_SetConfig    stm32l4xx_hal_uart.o
    0x08005a98   0x000000b8   Code   RO         6127    i.UART_Start_Receive_IT  stm32l4xx_hal_uart.o
    0x08005b50   0x000000c6   Code   RO         6130    i.UART_WaitOnFlagUntilTimeout  stm32l4xx_hal_uart.o
    0x08005c16   0x00000002   PAD
    0x08005c18   0x0000000c   Code   RO         1389    i.USART2_IRQHandler  usart.o
    0x08005c24   0x00000002   Code   RO           19    i.UsageFault_Handler  stm32l4xx_it.o
    0x08005c26   0x00000002   PAD
    0x08005c28   0x0000000c   Code   RO         1506    i.WWDG_IRQHandler   wdg.o
    0x08005c34   0x00000020   Code   RO         8460    i.__0printf         mc_w.l(printfa.o)
    0x08005c54   0x00000024   Code   RO         8465    i.__0vsnprintf      mc_w.l(printfa.o)
    0x08005c78   0x00000030   Code   RO         8526    i.__ARM_fpclassify  m_wm.l(fpclassify.o)
    0x08005ca8   0x00000026   Code   RO         8528    i.__ARM_fpclassifyf  m_wm.l(fpclassifyf.o)
    0x08005cce   0x00000020   Code   RO         3906    i.__NVIC_SetPriority  stm32l4xx_hal_cortex.o
    0x08005cee   0x00000002   PAD
    0x08005cf0   0x00000150   Code   RO         8166    i.__hardfp_cosf     m_wm.l(cosf.o)
    0x08005e40   0x00000c80   Code   RO         8178    i.__hardfp_pow      m_wm.l(pow.o)
    0x08006ac0   0x00000190   Code   RO         8196    i.__hardfp_sinf     m_wm.l(sinf.o)
    0x08006c50   0x000000f8   Code   RO         8544    i.__kernel_poly     m_wm.l(poly.o)
    0x08006d48   0x00000030   Code   RO         8506    i.__mathlib_dbl_divzero  m_wm.l(dunder.o)
    0x08006d78   0x00000014   Code   RO         8508    i.__mathlib_dbl_infnan2  m_wm.l(dunder.o)
    0x08006d8c   0x00000004   PAD
    0x08006d90   0x00000020   Code   RO         8509    i.__mathlib_dbl_invalid  m_wm.l(dunder.o)
    0x08006db0   0x00000020   Code   RO         8510    i.__mathlib_dbl_overflow  m_wm.l(dunder.o)
    0x08006dd0   0x00000020   Code   RO         8512    i.__mathlib_dbl_underflow  m_wm.l(dunder.o)
    0x08006df0   0x00000006   Code   RO         8531    i.__mathlib_flt_infnan  m_wm.l(funder.o)
    0x08006df6   0x00000002   PAD
    0x08006df8   0x00000010   Code   RO         8533    i.__mathlib_flt_invalid  m_wm.l(funder.o)
    0x08006e08   0x00000010   Code   RO         8536    i.__mathlib_flt_underflow  m_wm.l(funder.o)
    0x08006e18   0x00000154   Code   RO         8547    i.__mathlib_rredf2  m_wm.l(rredf.o)
    0x08006f6c   0x0000000e   Code   RO         8612    i.__scatterload_copy  mc_w.l(handlers.o)
    0x08006f7a   0x00000002   Code   RO         8613    i.__scatterload_null  mc_w.l(handlers.o)
    0x08006f7c   0x0000000e   Code   RO         8614    i.__scatterload_zeroinit  mc_w.l(handlers.o)
    0x08006f8a   0x00000002   PAD
    0x08006f8c   0x0000000c   Code   RO         8586    i.__set_errno       mc_w.l(errno.o)
    0x08006f98   0x0000016a   Code   RO         8467    i._fp_digits        mc_w.l(printfa.o)
    0x08007102   0x00000002   PAD
    0x08007104   0x000006e2   Code   RO         8468    i._printf_core      mc_w.l(printfa.o)
    0x080077e6   0x00000024   Code   RO         8469    i._printf_post_padding  mc_w.l(printfa.o)
    0x0800780a   0x0000002e   Code   RO         8470    i._printf_pre_padding  mc_w.l(printfa.o)
    0x08007838   0x00000016   Code   RO         8471    i._snputc           mc_w.l(printfa.o)
    0x0800784e   0x00000002   PAD
    0x08007850   0x0000002c   Code   RO          273    i.adc_add_channel   adc.o
    0x0800787c   0x00000054   Code   RO          277    i.adc_get_value     adc.o
    0x080078d0   0x000000b4   Code   RO          278    i.adc_init_channels  adc.o
    0x08007984   0x000000a0   Code   RO          838    i.atim1_npwmStart_init  timer.o
    0x08007a24   0x00000020   Code   RO         2095    i.buzzer_init       buzzer.o
    0x08007a44   0x00000064   Code   RO         2096    i.buzzer_play_poweron_sound  buzzer.o
    0x08007aa8   0x00000074   Code   RO         2097    i.buzzer_play_tone  buzzer.o
    0x08007b1c   0x0000009c   Code   RO         2098    i.buzzer_play_twinkle_star  buzzer.o
    0x08007bb8   0x000000b0   Code   RO         2099    i.buzzer_play_wind_rises  buzzer.o
    0x08007c68   0x00000032   Code   RO         1277    i.delay_ms          delay.o
    0x08007c9a   0x00000018   Code   RO         8522    i.fabs              m_wm.l(fabs.o)
    0x08007cb2   0x00000002   PAD
    0x08007cb4   0x00000018   Code   RO         1393    i.fputc             usart.o
    0x08007ccc   0x000000e8   Code   RO         1134    i.lCD_RuningErrorStaticScreen  lcd_interface.o
    0x08007db4   0x00000054   Code   RO         1135    i.lCD_RuningPageStaticScreen  lcd_interface.o
    0x08007e08   0x00000020   Code   RO         1136    i.last_digit_student_ID_is_even  lcd_interface.o
    0x08007e28   0x0000004c   Code   RO         1567    i.lcd_clear         lcd.o
    0x08007e74   0x00000020   Code   RO         1568    i.lcd_display_dir   lcd.o
    0x08007e94   0x00000350   Code   RO         1137    i.lcd_draw_3d_cube  lcd_interface.o
    0x080081e4   0x0000009e   Code   RO         1571    i.lcd_draw_line     lcd.o
    0x08008282   0x0000001a   Code   RO         1572    i.lcd_draw_point    lcd.o
    0x0800829c   0x0000004c   Code   RO         1574    i.lcd_fill          lcd.o
    0x080082e8   0x00000258   Code   RO         1576    i.lcd_init          lcd.o
    0x08008540   0x00000068   Code   RO         1577    i.lcd_printf        lcd.o
    0x080085a8   0x0000007c   Code   RO         1578    i.lcd_scan_dir      lcd.o
    0x08008624   0x0000005a   Code   RO         1579    i.lcd_set_address   lcd.o
    0x0800867e   0x00000002   PAD
    0x08008680   0x000000fe   Code   RO         1580    i.lcd_show_char     lcd.o
    0x0800877e   0x00000002   PAD
    0x08008780   0x000000c2   Code   RO         1581    i.lcd_show_chinese  lcd.o
    0x08008842   0x00000002   PAD
    0x08008844   0x000000c4   Code   RO         1582    i.lcd_show_chinese_char  lcd.o
    0x08008908   0x00000068   Code   RO         1585    i.lcd_show_pic      lcd.o
    0x08008970   0x0000008e   Code   RO         1586    i.lcd_show_string   lcd.o
    0x080089fe   0x00000002   PAD
    0x08008a00   0x00000024   Code   RO         1587    i.lcd_write_cmd     lcd.o
    0x08008a24   0x00000024   Code   RO         1588    i.lcd_write_data    lcd.o
    0x08008a48   0x0000000a   Code   RO         2019    i.led_control       borad.o
    0x08008a52   0x00000006   Code   RO         2020    i.led_control_Toggle  borad.o
    0x08008a58   0x00000088   Code   RO         2021    i.led_init          borad.o
    0x08008ae0   0x00000020   Code   RO          964    i.main              main.o
    0x08008b00   0x0000000c   Code   RO         7655    i.makeFreeRtosPriority  cmsis_os.o
    0x08008b0c   0x0000000a   Code   RO         7660    i.osKernelStart     cmsis_os.o
    0x08008b16   0x00000054   Code   RO         7694    i.osThreadCreate    cmsis_os.o
    0x08008b6a   0x00000002   PAD
    0x08008b6c   0x00000070   Code   RO         7337    i.prvAddCurrentTaskToDelayedList  tasks.o
    0x08008bdc   0x000000d0   Code   RO         7338    i.prvAddNewTaskToReadyList  tasks.o
    0x08008cac   0x00000026   Code   RO         7013    i.prvCopyDataFromQueue  queue.o
    0x08008cd2   0x0000006c   Code   RO         7014    i.prvCopyDataToQueue  queue.o
    0x08008d3e   0x00000034   Code   RO         7339    i.prvDeleteTCB      tasks.o
    0x08008d72   0x00000002   PAD
    0x08008d74   0x0000004c   Code   RO         8022    i.prvHeapInit       heap_4.o
    0x08008dc0   0x00000060   Code   RO         7340    i.prvIdleTask       tasks.o
    0x08008e20   0x00000016   Code   RO         7015    i.prvInitialiseMutex  queue.o
    0x08008e36   0x00000016   Code   RO         7016    i.prvInitialiseNewQueue  queue.o
    0x08008e4c   0x00000098   Code   RO         7341    i.prvInitialiseNewTask  tasks.o
    0x08008ee4   0x0000004c   Code   RO         8023    i.prvInsertBlockIntoFreeList  heap_4.o
    0x08008f30   0x0000001c   Code   RO         7017    i.prvIsQueueEmpty   queue.o
    0x08008f4c   0x00000020   Code   RO         7342    i.prvResetNextTaskUnblockTime  tasks.o
    0x08008f6c   0x00000028   Code   RO         8091    i.prvTaskExitError  port.o
    0x08008f94   0x0000006a   Code   RO         7018    i.prvUnlockQueue    queue.o
    0x08008ffe   0x00000002   PAD
    0x08009000   0x000000dc   Code   RO         8024    i.pvPortMalloc      heap_4.o
    0x080090dc   0x00000018   Code   RO         7344    i.pvTaskIncrementMutexHeldCount  tasks.o
    0x080090f4   0x0000002c   Code   RO         8092    i.pxPortInitialiseStack  port.o
    0x08009120   0x0000009c   Code   RO          693    i.rtc_get_time      rtc.o
    0x080091bc   0x0000006e   Code   RO         8552    i.sqrt              m_wm.l(sqrt.o)
    0x0800922a   0x00000002   PAD
    0x0800922c   0x00000084   Code   RO         1314    i.sys_stm32_clock_init  sys.o
    0x080092b0   0x000000c0   Code   RO          840    i.timx_pwmSetCompare  timer.o
    0x08009370   0x00000100   Code   RO         1395    i.uart_read_line    usart.o
    0x08009470   0x00000044   Code   RO         1399    i.usart_init        usart.o
    0x080094b4   0x00000026   Code   RO         6973    i.uxListRemove      list.o
    0x080094da   0x00000028   Code   RO         7021    i.uxQueueSpacesAvailable  queue.o
    0x08009502   0x00000002   PAD
    0x08009504   0x00000014   Code   RO         1014    i.vApplicationGetIdleTaskMemory  freertos.o
    0x08009518   0x00000016   Code   RO         6974    i.vListInitialise   list.o
    0x0800952e   0x00000006   Code   RO         6975    i.vListInitialiseItem  list.o
    0x08009534   0x00000030   Code   RO         6976    i.vListInsert       list.o
    0x08009564   0x00000018   Code   RO         6977    i.vListInsertEnd    list.o
    0x0800957c   0x00000040   Code   RO         8094    i.vPortEnterCritical  port.o
    0x080095bc   0x00000028   Code   RO         8095    i.vPortExitCritical  port.o
    0x080095e4   0x00000064   Code   RO         8025    i.vPortFree         heap_4.o
    0x08009648   0x00000024   Code   RO         8096    i.vPortSetupTimerInterrupt  port.o
    0x0800966c   0x0000004c   Code   RO         7351    i.vTaskDelay        tasks.o
    0x080096b8   0x00000010   Code   RO         7354    i.vTaskInternalSetTimeOutState  tasks.o
    0x080096c8   0x0000000c   Code   RO         7355    i.vTaskMissedYield  tasks.o
    0x080096d4   0x00000030   Code   RO         7357    i.vTaskPlaceOnEventList  tasks.o
    0x08009704   0x000000a0   Code   RO         7359    i.vTaskPriorityDisinheritAfterTimeout  tasks.o
    0x080097a4   0x0000006c   Code   RO         7364    i.vTaskStartScheduler  tasks.o
    0x08009810   0x00000010   Code   RO         7366    i.vTaskSuspendAll   tasks.o
    0x08009820   0x0000005c   Code   RO         7367    i.vTaskSwitchContext  tasks.o
    0x0800987c   0x000000f4   Code   RO         8098    i.xPortStartScheduler  port.o
    0x08009970   0x00000016   Code   RO         7025    i.xQueueCreateMutex  queue.o
    0x08009986   0x00000042   Code   RO         7027    i.xQueueGenericCreate  queue.o
    0x080099c8   0x00000088   Code   RO         7029    i.xQueueGenericReset  queue.o
    0x08009a50   0x00000160   Code   RO         7030    i.xQueueGenericSend  queue.o
    0x08009bb0   0x00000138   Code   RO         7037    i.xQueueReceive     queue.o
    0x08009ce8   0x00000178   Code   RO         7039    i.xQueueSemaphoreTake  queue.o
    0x08009e60   0x00000074   Code   RO         7369    i.xTaskCheckForTimeOut  tasks.o
    0x08009ed4   0x00000060   Code   RO         7370    i.xTaskCreate       tasks.o
    0x08009f34   0x00000056   Code   RO         7371    i.xTaskCreateStatic  tasks.o
    0x08009f8a   0x00000002   PAD
    0x08009f8c   0x0000001c   Code   RO         7375    i.xTaskGetSchedulerState  tasks.o
    0x08009fa8   0x000000cc   Code   RO         7378    i.xTaskIncrementTick  tasks.o
    0x0800a074   0x00000098   Code   RO         7381    i.xTaskPriorityDisinherit  tasks.o
    0x0800a10c   0x0000008c   Code   RO         7382    i.xTaskPriorityInherit  tasks.o
    0x0800a198   0x00000074   Code   RO         7383    i.xTaskRemoveFromEventList  tasks.o
    0x0800a20c   0x000000c4   Code   RO         7384    i.xTaskResumeAll    tasks.o
    0x0800a2d0   0x00000040   Data   RO          789    .constdata          system_stm32l4xx.o
    0x0800a310   0x00000008   Data   RO          790    .constdata          system_stm32l4xx.o
    0x0800a318   0x00000054   Data   RO         1016    .constdata          freertos.o
    0x0800a36c   0x00000014   Data   RO         1087    .constdata          imagedata.o
    0x0800a380   0x00004e20   Data   RO         1088    .constdata          imagedata.o
    0x0800f1a0   0x00004e20   Data   RO         1089    .constdata          imagedata.o
    0x08013fc0   0x00004e20   Data   RO         1090    .constdata          imagedata.o
    0x08018de0   0x00004e20   Data   RO         1091    .constdata          imagedata.o
    0x0801dc00   0x00004e20   Data   RO         1092    .constdata          imagedata.o
    0x08022a20   0x00004e20   Data   RO         1093    .constdata          imagedata.o
    0x08027840   0x00000068   Data   RO         1139    .constdata          lcd_interface.o
    0x080278a8   0x000033f4   Data   RO         1589    .constdata          lcd.o
    0x0802ac9c   0x00000100   Data   RO         1742    .constdata          matrix_keyboard.o
    0x0802ad9c   0x000009b4   Data   RO         1999    .constdata          oled_data.o
    0x0802b750   0x00000008   Data   RO         2024    .constdata          borad.o
    0x0802b758   0x00000098   Data   RO         2025    .constdata          borad.o
    0x0802b7f0   0x00000200   Data   RO         2101    .constdata          buzzer.o
    0x0802b9f0   0x00000088   Data   RO         8181    .constdata          m_wm.l(pow.o)
    0x0802ba78   0x00000008   Data   RO         8546    .constdata          m_wm.l(qnan.o)
    0x0802ba80   0x00000020   Data   RO         8548    .constdata          m_wm.l(rredf.o)
    0x0802baa0   0x00000024   Data   RO         1017    .conststring        freertos.o
    0x0802bac4   0x000000cf   Data   RO         1140    .conststring        lcd_interface.o
    0x0802bb93   0x00000001   PAD
    0x0802bb94   0x00000020   Data   RO         8610    Region$$Table       anon$$obj.o


    Execution Region RW_IRAM2 (Base: 0x10000000, Size: 0x00000000, Max: 0x00004000, ABSOLUTE)

    **** No section assigned to this execution region ****


    Execution Region RW_IRAM1 (Base: 0x20000000, Size: 0x00003cc8, Max: 0x0000c000, ABSOLUTE, COMPRESSED[0x00000090])

    Base Addr    Size         Type   Attr      Idx    E Section Name        Object

    0x20000000   0x00000001   Data   RW          280    .data               adc.o
    0x20000001   0x00000003   PAD
    0x20000004   0x00000004   Data   RW          791    .data               system_stm32l4xx.o
    0x20000008   0x00000010   Data   RW          843    .data               timer.o
    0x20000018   0x00000014   Data   RW         1018    .data               freertos.o
    0x2000002c   0x00000070   Data   RW         1141    .data               lcd_interface.o
    0x2000009c   0x00000003   Data   RW         1401    .data               usart.o
    0x2000009f   0x00000001   PAD
    0x200000a0   0x00000004   Data   RW         1402    .data               usart.o
    0x200000a4   0x00000040   Data   RW         1590    .data               lcd.o
    0x200000e4   0x00000010   Data   RW         1743    .data               matrix_keyboard.o
    0x200000f4   0x0000000c   Data   RW         1787    .data               mpu6050.o
    0x20000100   0x0000000c   Data   RW         2185    .data               stm32l4xx_hal.o
    0x2000010c   0x0000003c   Data   RW         7387    .data               tasks.o
    0x20000148   0x00000020   Data   RW         8031    .data               heap_4.o
    0x20000168   0x0000000c   Data   RW         8099    .data               port.o
    0x20000174   0x00000004   Data   RW         8587    .data               mc_w.l(errno.o)
    0x20000178   0x0000004c   Zero   RW          235    .bss                stm32l4xx_hal_timebase_tim.o
    0x200001c4   0x00000124   Zero   RW          279    .bss                adc.o
    0x200002e8   0x00000118   Zero   RW          413    .bss                dma.o
    0x20000400   0x0000002e   Zero   RW          701    .bss                rtc.o
    0x2000042e   0x00000002   PAD
    0x20000430   0x0000033c   Zero   RW          842    .bss                timer.o
    0x2000076c   0x00000254   Zero   RW         1015    .bss                freertos.o
    0x200009c0   0x0000001e   Zero   RW         1138    .bss                lcd_interface.o
    0x200009de   0x00000002   PAD
    0x200009e0   0x0000018c   Zero   RW         1400    .bss                usart.o
    0x20000b6c   0x00000014   Zero   RW         1510    .bss                wdg.o
    0x20000b80   0x00000054   Zero   RW         1786    .bss                mpu6050.o
    0x20000bd4   0x000000f0   Zero   RW         7386    .bss                tasks.o
    0x20000cc4   0x00002800   Zero   RW         8030    .bss                heap_4.o
    0x200034c4   0x00000004   PAD
    0x200034c8   0x00000800   Zero   RW            1    STACK               startup_stm32l431xx.o


==============================================================================

Image component sizes


      Code (inc. data)   RO Data    RW Data    ZI Data      Debug   Object Name

       598         54          0          1        292       4728   adc.o
       288         40        160          0          0       4061   borad.o
       580        140        512          0          0       4653   buzzer.o
       106          0          0          0          0      22695   cmsis_os.o
        50          0          0          0          0        611   delay.o
        36         18          0          0        280       2287   dma.o
         0          0          0          0          0      20044   event_groups.o
       632        230        120         20        596       8405   freertos.o
       472         24          0         32      10240       7455   heap_4.o
         0          0     120020          0          0        869   imagedata.o
      2524        120      13300         64          0      19341   lcd.o
      3890        814        311        112         30      16329   lcd_interface.o
       138          0          0          0          0       3582   list.o
        36          0          0          0          0        915   main.o
       412         18        256         16          0       2253   matrix_keyboard.o
      1690        614          0         12         84       8200   mpu6050.o
         0          0       2484          0          0       1180   oled_data.o
       734         72          0         12          0      11036   port.o
        66         38          0          0          0       1382   pwr.o
      1628         18          0          0          0      17598   queue.o
         0          0          0          0          0      27196   rng.o
       236        104          0          0         46       2841   rtc.o
        36          8        396          0       2048        840   startup_stm32l431xx.o
        94         14          0         12          0      11974   stm32l4xx_hal.o
      2422        116          0          0          0      65721   stm32l4xx_hal_adc.o
       144          4          0          0          0      52242   stm32l4xx_hal_adc_ex.o
       158         14          0          0          0      33086   stm32l4xx_hal_cortex.o
       338          0          0          0          0       2744   stm32l4xx_hal_dma.o
       532         36          0          0          0       4772   stm32l4xx_hal_gpio.o
      2162         56          0          0          0      14957   stm32l4xx_hal_i2c.o
        52          4          0          0          0        898   stm32l4xx_hal_msp.o
        80         12          0          0          0       2309   stm32l4xx_hal_pwr_ex.o
      2124        108          0          0          0       7677   stm32l4xx_hal_rcc.o
       258         16          0          0          0       3354   stm32l4xx_hal_rtc.o
         2          0          0          0          0        972   stm32l4xx_hal_rtc_ex.o
      2028        144          0          0          0      15563   stm32l4xx_hal_tim.o
       184         12          0          0          0       3711   stm32l4xx_hal_tim_ex.o
       152         20          0          0         76       1491   stm32l4xx_hal_timebase_tim.o
      2446         76          0          0          0      13004   stm32l4xx_hal_uart.o
         2          0          0          0          0       1020   stm32l4xx_hal_uart_ex.o
        40          0          0          0          0       1585   stm32l4xx_hal_wwdg.o
        24          6          0          0          0     733947   stm32l4xx_it.o
         0          0          0          0          0        416   stream_buffer.o
       132          4          0          0          0       1047   sys.o
        16          4         72          4          0       1197   system_stm32l4xx.o
      2338        174          0         60        240      27839   tasks.o
      1320        144          0         16        828      10379   timer.o
       612         70          0          7        396       6956   usart.o
        24         12          0          0         20       1561   wdg.o

    ----------------------------------------------------------------------
     31900       3358     137664        372      15184    1208923   Object Totals
         0          0         32          0          0          0   (incl. Generated)
        64          0          1          4          8          0   (incl. Padding)

    ----------------------------------------------------------------------

      Code (inc. data)   RO Data    RW Data    ZI Data      Debug   Library Member Name

       336         56          0          0          0        136   cosf.o
       164         44          0          0          0        620   dunder.o
        24          0          0          0          0        124   fabs.o
        48          0          0          0          0        124   fpclassify.o
        38          0          0          0          0        116   fpclassifyf.o
        38         12          0          0          0        348   funder.o
       248          0          0          0          0        152   poly.o
      3200        296        136          0          0        352   pow.o
         0          0          8          0          0          0   qnan.o
       340         24         32          0          0        160   rredf.o
       400         56          0          0          0        212   sinf.o
       110          0          0          0          0        148   sqrt.o
        86          0          0          0          0          0   __dczerorl2.o
         0          0          0          0          0          0   entry.o
         0          0          0          0          0          0   entry10a.o
         0          0          0          0          0          0   entry11a.o
         8          4          0          0          0          0   entry2.o
         4          0          0          0          0          0   entry5.o
         0          0          0          0          0          0   entry7b.o
         0          0          0          0          0          0   entry8b.o
         8          4          0          0          0          0   entry9a.o
        12          6          0          4          0         68   errno.o
        30          0          0          0          0          0   handlers.o
        36          8          0          0          0         68   init.o
         0          0          0          0          0          0   iusefp.o
        30          0          0          0          0         68   llshl.o
        36          0          0          0          0         68   llsshr.o
        32          0          0          0          0         68   llushr.o
        36          0          0          0          0         68   memcpya.o
        36          0          0          0          0        108   memseta.o
      2296         94          0          0          0        592   printfa.o
        28          0          0          0          0         76   strcmp.o
        18          0          0          0          0         68   strcpy.o
        14          0          0          0          0         68   strlen.o
        44          0          0          0          0         80   uidiv.o
       104          0          0          0          0         92   uldiv.o
        48          0          0          0          0         68   cdrcmple.o
        56          0          0          0          0         88   d2f.o
       350          0          0          0          0        148   dadd.o
       222          0          0          0          0        100   ddiv.o
       186          0          0          0          0        176   depilogue.o
        48          0          0          0          0         68   dfixul.o
        34          0          0          0          0         76   dflti.o
        26          0          0          0          0         76   dfltui.o
       234          0          0          0          0         96   dmul.o
        46          0          0          0          0         80   dscalb.o
       162          0          0          0          0        100   dsqrt.o
        38          0          0          0          0         68   f2d.o
       110          0          0          0          0        168   fepilogue.o

    ----------------------------------------------------------------------
      9384        604        176          4          0       5296   Library Totals
        20          0          0          0          0          0   (incl. Padding)

    ----------------------------------------------------------------------

      Code (inc. data)   RO Data    RW Data    ZI Data      Debug   Library Name

      4946        488        176          0          0       2492   m_wm.l
      2858        116          0          4          0       1492   mc_w.l
      1560          0          0          0          0       1312   mf_w.l

    ----------------------------------------------------------------------
      9384        604        176          4          0       5296   Library Totals

    ----------------------------------------------------------------------

==============================================================================


      Code (inc. data)   RO Data    RW Data    ZI Data      Debug   

     41284       3962     137840        376      15184    1184295   Grand Totals
     41284       3962     137840        144      15184    1184295   ELF Image Totals (compressed)
     41284       3962     137840        144          0          0   ROM Totals

==============================================================================

    Total RO  Size (Code + RO Data)               179124 ( 174.93kB)
    Total RW  Size (RW Data + ZI Data)             15560 (  15.20kB)
    Total ROM Size (Code + RO Data + RW Data)     179268 ( 175.07kB)

==============================================================================

