Component: ARM Compiler 5.06 update 1 (build 61) Tool: armlink [4d35a8]

==============================================================================

Section Cross References

    adc.o(i.HAL_ADC_MspDeInit) refers to stm32l4xx_hal_gpio.o(i.HAL_GPIO_DeInit) for HAL_GPIO_DeInit
    adc.o(i.HAL_ADC_MspDeInit) refers to adc.o(.bss) for .bss
    adc.o(i.HAL_ADC_MspDeInit) refers to adc.o(.data) for .data
    adc.o(i.HAL_ADC_MspInit) refers to memseta.o(.text) for __aeabi_memclr4
    adc.o(i.HAL_ADC_MspInit) refers to stm32l4xx_hal_gpio.o(i.HAL_GPIO_Init) for HAL_GPIO_Init
    adc.o(i.HAL_ADC_MspInit) refers to adc.o(.data) for .data
    adc.o(i.HAL_ADC_MspInit) refers to adc.o(.bss) for .bss
    adc.o(i.adc_add_channel) refers to adc.o(.data) for .data
    adc.o(i.adc_add_channel) refers to adc.o(.bss) for .bss
    adc.o(i.adc_get_average_value) refers to adc.o(i.adc_get_value) for adc_get_value
    adc.o(i.adc_get_average_value) refers to stm32l4xx_hal.o(i.HAL_Delay) for HAL_Delay
    adc.o(i.adc_get_ewma_value) refers to adc.o(i.adc_get_value) for adc_get_value
    adc.o(i.adc_get_median_value) refers to adc.o(i.adc_get_value) for adc_get_value
    adc.o(i.adc_get_median_value) refers to stm32l4xx_hal.o(i.HAL_Delay) for HAL_Delay
    adc.o(i.adc_get_value) refers to memseta.o(.text) for __aeabi_memclr4
    adc.o(i.adc_get_value) refers to stm32l4xx_hal_adc.o(i.HAL_ADC_ConfigChannel) for HAL_ADC_ConfigChannel
    adc.o(i.adc_get_value) refers to sys.o(i.Error_Handler) for Error_Handler
    adc.o(i.adc_get_value) refers to stm32l4xx_hal_adc.o(i.HAL_ADC_Start) for HAL_ADC_Start
    adc.o(i.adc_get_value) refers to stm32l4xx_hal_adc.o(i.HAL_ADC_PollForConversion) for HAL_ADC_PollForConversion
    adc.o(i.adc_get_value) refers to stm32l4xx_hal_adc.o(i.HAL_ADC_GetValue) for HAL_ADC_GetValue
    adc.o(i.adc_get_value) refers to stm32l4xx_hal_adc.o(i.HAL_ADC_Stop) for HAL_ADC_Stop
    adc.o(i.adc_get_value) refers to adc.o(.bss) for .bss
    adc.o(i.adc_init_channels) refers to stm32l4xx_hal_adc.o(i.HAL_ADC_Init) for HAL_ADC_Init
    adc.o(i.adc_init_channels) refers to sys.o(i.Error_Handler) for Error_Handler
    adc.o(i.adc_init_channels) refers to memseta.o(.text) for __aeabi_memclr4
    adc.o(i.adc_init_channels) refers to stm32l4xx_hal_adc.o(i.HAL_ADC_ConfigChannel) for HAL_ADC_ConfigChannel
    adc.o(i.adc_init_channels) refers to stm32l4xx_hal_adc_ex.o(i.HAL_ADCEx_Calibration_Start) for HAL_ADCEx_Calibration_Start
    adc.o(i.adc_init_channels) refers to adc.o(.bss) for .bss
    adc.o(i.adc_init_channels) refers to adc.o(.data) for .data
    borad.o(i.EXTI3_IRQHandler) refers to stm32l4xx_hal_gpio.o(i.HAL_GPIO_EXTI_IRQHandler) for HAL_GPIO_EXTI_IRQHandler
    borad.o(i.EXTI3_IRQHandler) refers to borad.o(.constdata) for .constdata
    borad.o(i.EXTI4_IRQHandler) refers to stm32l4xx_hal_gpio.o(i.HAL_GPIO_EXTI_IRQHandler) for HAL_GPIO_EXTI_IRQHandler
    borad.o(i.EXTI4_IRQHandler) refers to borad.o(.constdata) for .constdata
    borad.o(i.LED_Init) refers to stm32l4xx_hal_gpio.o(i.HAL_GPIO_Init) for HAL_GPIO_Init
    borad.o(i.LED_Init) refers to stm32l4xx_hal_gpio.o(i.HAL_GPIO_WritePin) for HAL_GPIO_WritePin
    borad.o(i.key_init) refers to stm32l4xx_hal_gpio.o(i.HAL_GPIO_Init) for HAL_GPIO_Init
    borad.o(i.key_init) refers to stm32l4xx_hal_cortex.o(i.HAL_NVIC_SetPriority) for HAL_NVIC_SetPriority
    borad.o(i.key_init) refers to stm32l4xx_hal_cortex.o(i.HAL_NVIC_EnableIRQ) for HAL_NVIC_EnableIRQ
    borad.o(i.key_init) refers to borad.o(.constdata) for .constdata
    borad.o(i.led_control) refers to stm32l4xx_hal_gpio.o(i.HAL_GPIO_WritePin) for HAL_GPIO_WritePin
    borad.o(i.led_init) refers to stm32l4xx_hal_gpio.o(i.HAL_GPIO_Init) for HAL_GPIO_Init
    borad.o(i.led_init) refers to stm32l4xx_hal_gpio.o(i.HAL_GPIO_WritePin) for HAL_GPIO_WritePin
    borad.o(i.led_init) refers to borad.o(.constdata) for .constdata
    borad.o(i.led_rgb565) refers to borad.o(i.led_control) for led_control
    borad.o(i.led_rgb565) refers to borad.o(.data) for .data
    borad.o(i.led_rgb565) refers to borad.o(.constdata) for .constdata
    dac.o(i.dac_init) refers to stm32l4xx_hal_dac.o(i.HAL_DAC_Init) for HAL_DAC_Init
    dac.o(i.dac_init) refers to memseta.o(.text) for __aeabi_memclr4
    dac.o(i.dac_init) refers to stm32l4xx_hal_dac.o(i.HAL_DAC_ConfigChannel) for HAL_DAC_ConfigChannel
    dac.o(i.dac_init) refers to stm32l4xx_hal_gpio.o(i.HAL_GPIO_Init) for HAL_GPIO_Init
    dac.o(i.dac_init) refers to stm32l4xx_hal_dac.o(i.HAL_DAC_Start) for HAL_DAC_Start
    dac.o(i.dac_init) refers to dac.o(.bss) for .bss
    dac.o(i.dac_set_voltage_ch1) refers to stm32l4xx_hal_dac.o(i.HAL_DAC_SetValue) for HAL_DAC_SetValue
    dac.o(i.dac_set_voltage_ch1) refers to dac.o(.bss) for .bss
    dac.o(i.dac_set_voltage_ch2) refers to stm32l4xx_hal_dac.o(i.HAL_DAC_SetValue) for HAL_DAC_SetValue
    dac.o(i.dac_set_voltage_ch2) refers to dac.o(.bss) for .bss
[...]
    .\\..\\Core\\Src\\timer.c                0x00000000   Number         0  timer.o ABSOLUTE
    .\\..\\Core\\main.c                      0x00000000   Number         0  main.o ABSOLUTE
    .\\..\\Drivers\\FreeRTOS\\port\\port.c   0x00000000   Number         0  port.o ABSOLUTE
    .\\..\\Drivers\\STM32L4xx_HAL_Driver\\Src\\stm32l4xx_hal.c 0x00000000   Number         0  stm32l4xx_hal.o ABSOLUTE
    .\\..\\Drivers\\STM32L4xx_HAL_Driver\\Src\\stm32l4xx_hal_adc.c 0x00000000   Number         0  stm32l4xx_hal_adc.o ABSOLUTE
    .\\..\\Drivers\\STM32L4xx_HAL_Driver\\Src\\stm32l4xx_hal_adc_ex.c 0x00000000   Number         0  stm32l4xx_hal_adc_ex.o ABSOLUTE
    .\\..\\Drivers\\STM32L4xx_HAL_Driver\\Src\\stm32l4xx_hal_cortex.c 0x00000000   Number         0  stm32l4xx_hal_cortex.o ABSOLUTE
    .\\..\\Drivers\\STM32L4xx_HAL_Driver\\Src\\stm32l4xx_hal_dac.c 0x00000000   Number         0  stm32l4xx_hal_dac.o ABSOLUTE
    .\\..\\Drivers\\STM32L4xx_HAL_Driver\\Src\\stm32l4xx_hal_dac_ex.c 0x00000000   Number         0  stm32l4xx_hal_dac_ex.o ABSOLUTE
    .\\..\\Drivers\\STM32L4xx_HAL_Driver\\Src\\stm32l4xx_hal_dma.c 0x00000000   Number         0  stm32l4xx_hal_dma.o ABSOLUTE
    .\\..\\Drivers\\STM32L4xx_HAL_Driver\\Src\\stm32l4xx_hal_dma_ex.c 0x00000000   Number         0  stm32l4xx_hal_dma_ex.o ABSOLUTE
    .\\..\\Drivers\\STM32L4xx_HAL_Driver\\Src\\stm32l4xx_hal_exti.c 0x00000000   Number         0  stm32l4xx_hal_exti.o ABSOLUTE
    .\\..\\Drivers\\STM32L4xx_HAL_Driver\\Src\\stm32l4xx_hal_flash.c 0x00000000   Number         0  stm32l4xx_hal_flash.o ABSOLUTE
    .\\..\\Drivers\\STM32L4xx_HAL_Driver\\Src\\stm32l4xx_hal_flash_ex.c 0x00000000   Number         0  stm32l4xx_hal_flash_ex.o ABSOLUTE
    .\\..\\Drivers\\STM32L4xx_HAL_Driver\\Src\\stm32l4xx_hal_flash_ramfunc.c 0x00000000   Number         0  stm32l4xx_hal_flash_ramfunc.o ABSOLUTE
    .\\..\\Drivers\\STM32L4xx_HAL_Driver\\Src\\stm32l4xx_hal_gpio.c 0x00000000   Number         0  stm32l4xx_hal_gpio.o ABSOLUTE
    .\\..\\Drivers\\STM32L4xx_HAL_Driver\\Src\\stm32l4xx_hal_i2c.c 0x00000000   Number         0  stm32l4xx_hal_i2c.o ABSOLUTE
    .\\..\\Drivers\\STM32L4xx_HAL_Driver\\Src\\stm32l4xx_hal_i2c_ex.c 0x00000000   Number         0  stm32l4xx_hal_i2c_ex.o ABSOLUTE
    .\\..\\Drivers\\STM32L4xx_HAL_Driver\\Src\\stm32l4xx_hal_iwdg.c 0x00000000   Number         0  stm32l4xx_hal_iwdg.o ABSOLUTE
    .\\..\\Drivers\\STM32L4xx_HAL_Driver\\Src\\stm32l4xx_hal_pwr.c 0x00000000   Number         0  stm32l4xx_hal_pwr.o ABSOLUTE
    .\\..\\Drivers\\STM32L4xx_HAL_Driver\\Src\\stm32l4xx_hal_pwr_ex.c 0x00000000   Number         0  stm32l4xx_hal_pwr_ex.o ABSOLUTE
    .\\..\\Drivers\\STM32L4xx_HAL_Driver\\Src\\stm32l4xx_hal_rcc.c 0x00000000   Number         0  stm32l4xx_hal_rcc.o ABSOLUTE
    .\\..\\Drivers\\STM32L4xx_HAL_Driver\\Src\\stm32l4xx_hal_rcc_ex.c 0x00000000   Number         0  stm32l4xx_hal_rcc_ex.o ABSOLUTE
    .\\..\\Drivers\\STM32L4xx_HAL_Driver\\Src\\stm32l4xx_hal_rng.c 0x00000000   Number         0  stm32l4xx_hal_rng.o ABSOLUTE
    .\\..\\Drivers\\STM32L4xx_HAL_Driver\\Src\\stm32l4xx_hal_rng_ex.c 0x00000000   Number         0  stm32l4xx_hal_rng_ex.o ABSOLUTE
    .\\..\\Drivers\\STM32L4xx_HAL_Driver\\Src\\stm32l4xx_hal_rtc.c 0x00000000   Number         0  stm32l4xx_hal_rtc.o ABSOLUTE
    .\\..\\Drivers\\STM32L4xx_HAL_Driver\\Src\\stm32l4xx_hal_rtc_ex.c 0x00000000   Number         0  stm32l4xx_hal_rtc_ex.o ABSOLUTE
    .\\..\\Drivers\\STM32L4xx_HAL_Driver\\Src\\stm32l4xx_hal_tim.c 0x00000000   Number         0  stm32l4xx_hal_tim.o ABSOLUTE
    .\\..\\Drivers\\STM32L4xx_HAL_Driver\\Src\\stm32l4xx_hal_tim_ex.c 0x00000000   Number         0  stm32l4xx_hal_tim_ex.o ABSOLUTE
    .\\..\\Drivers\\STM32L4xx_HAL_Driver\\Src\\stm32l4xx_hal_uart.c 0x00000000   Number         0  stm32l4xx_hal_uart.o ABSOLUTE
    .\\..\\Drivers\\STM32L4xx_HAL_Driver\\Src\\stm32l4xx_hal_uart_ex.c 0x00000000   Number         0  stm32l4xx_hal_uart_ex.o ABSOLUTE
    .\\..\\Drivers\\STM32L4xx_HAL_Driver\\Src\\stm32l4xx_hal_wwdg.c 0x00000000   Number         0  stm32l4xx_hal_wwdg.o ABSOLUTE
    .\\..\\Drivers\\SYSTEM\\delay.c          0x00000000   Number         0  delay.o ABSOLUTE
    .\\..\\Drivers\\SYSTEM\\sys.c            0x00000000   Number         0  sys.o ABSOLUTE
    .\\..\\Drivers\\SYSTEM\\usart.c          0x00000000   Number         0  usart.o ABSOLUTE
    .\\..\\Hardware\\Src\\LCD.c              0x00000000   Number         0  LCD.o ABSOLUTE
    .\\..\\Hardware\\Src\\Matrix_keyboard.c  0x00000000   Number         0  Matrix_keyboard.o ABSOLUTE
    .\\..\\Hardware\\Src\\OLED.c             0x00000000   Number         0  OLED.o ABSOLUTE
    .\\..\\Hardware\\Src\\mpu6050.c          0x00000000   Number         0  mpu6050.o ABSOLUTE
    .\startup_stm32l431xx.s                  0x00000000   Number         0  startup_stm32l431xx.o ABSOLUTE
    cdcmple.s                                0x00000000   Number         0  cdcmple.o ABSOLUTE
    cdrcmple.s                               0x00000000   Number         0  cdrcmple.o ABSOLUTE
    dc.s                                     0x00000000   Number         0  dc.o ABSOLUTE
    handlers.s                               0x00000000   Number         0  handlers.o ABSOLUTE
    init.s                                   0x00000000   Number         0  init.o ABSOLUTE
    RESET                                    0x08000000   Section      396  startup_stm32l431xx.o(RESET)
    .ARM.Collect$$$$00000000                 0x0800018c   Section        0  entry.o(.ARM.Collect$$$$00000000)
    .ARM.Collect$$$$00000001                 0x0800018c   Section        4  entry2.o(.ARM.Collect$$$$00000001)
    .ARM.Collect$$$$00000004                 0x08000190   Section        4  entry5.o(.ARM.Collect$$$$00000004)
    .ARM.Collect$$$$00000008                 0x08000194   Section        0  entry7b.o(.ARM.Collect$$$$00000008)
    .ARM.Collect$$$$0000000A                 0x08000194   Section        0  entry8b.o(.ARM.Collect$$$$0000000A)
    .ARM.Collect$$$$0000000B                 0x08000194   Section        8  entry9a.o(.ARM.Collect$$$$0000000B)
    .ARM.Collect$$$$0000000D                 0x0800019c   Section        0  entry10a.o(.ARM.Collect$$$$0000000D)
    .ARM.Collect$$$$0000000F                 0x0800019c   Section        0  entry11a.o(.ARM.Collect$$$$0000000F)
    .ARM.Collect$$$$00002712                 0x0800019c   Section        4  entry2.o(.ARM.Collect$$$$00002712)
    __lit__00000000                          0x0800019c   Data           4  entry2.o(.ARM.Collect$$$$00002712)
    .emb_text                                0x080001a0   Section      190  port.o(.emb_text)
    $v0                                      0x080001a0   Number         0  port.o(.emb_text)
    .text                                    0x08000260   Section       36  startup_stm32l431xx.o(.text)
    $v0                                      0x08000260   Number         0  startup_stm32l431xx.o(.text)
    .text                                    0x08000284   Section        0  uldiv.o(.text)
    .text                                    0x080002e6   Section        0  memcpya.o(.text)
    .text                                    0x0800030a   Section        0  memseta.o(.text)
    .text                                    0x0800032e   Section        0  strcmp.o(.text)
    .text                                    0x0800034a   Section        0  dadd.o(.text)
    .text                                    0x08000498   Section        0  dmul.o(.text)
    .text                                    0x0800057c   Section        0  ddiv.o(.text)
    .text                                    0x0800065a   Section        0  dfltui.o(.text)
    .text                                    0x08000674   Section        0  f2d.o(.text)
    .text                                    0x0800069c   Section       48  cdrcmple.o(.text)
    .text                                    0x080006cc   Section        0  d2f.o(.text)
    .text                                    0x08000704   Section        0  uidiv.o(.text)
    .text                                    0x08000730   Section        0  llshl.o(.text)
    .text                                    0x0800074e   Section        0  llushr.o(.text)
    .text                                    0x0800076e   Section        0  llsshr.o(.text)
    .text                                    0x08000792   Section        0  fepilogue.o(.text)
    .text                                    0x08000792   Section        0  iusefp.o(.text)
    .text                                    0x08000800   Section        0  depilogue.o(.text)
    .text                                    0x080008ba   Section        0  dflti.o(.text)
    .text                                    0x080008dc   Section        0  dfixul.o(.text)
    .text                                    0x0800090c   Section       36  init.o(.text)
    .text                                    0x08000930   Section        0  dfixi.o(.text)
    i.BusFault_Handler                       0x0800096e   Section        0  stm32l4xx_it.o(i.BusFault_Handler)
    i.DMA1_Channel3_IRQHandler               0x08000970   Section        0  dma.o(i.DMA1_Channel3_IRQHandler)
    i.DMA1_Channel6_IRQHandler               0x0800097c   Section        0  dma.o(i.DMA1_Channel6_IRQHandler)
    i.DMA1_Channel7_IRQHandler               0x08000988   Section        0  dma.o(i.DMA1_Channel7_IRQHandler)
    i.DebugMon_Handler                       0x08000994   Section        0  stm32l4xx_it.o(i.DebugMon_Handler)
    i.EXTI0_IRQHandler                       0x08000996   Section        0  pwr.o(i.EXTI0_IRQHandler)
    i.EXTI3_IRQHandler                       0x0800099c   Section        0  borad.o(i.EXTI3_IRQHandler)
    i.EXTI4_IRQHandler                       0x080009c0   Section        0  borad.o(i.EXTI4_IRQHandler)
    i.Error_Handler                          0x080009e0   Section        0  sys.o(i.Error_Handler)
    i.HAL_DMA_Abort                          0x080009e4   Section        0  stm32l4xx_hal_dma.o(i.HAL_DMA_Abort)
    i.HAL_DMA_Abort_IT                       0x08000a2e   Section        0  stm32l4xx_hal_dma.o(i.HAL_DMA_Abort_IT)
    i.HAL_DMA_IRQHandler                     0x08000a7c   Section        0  stm32l4xx_hal_dma.o(i.HAL_DMA_IRQHandler)
    i.HAL_Delay                              0x08000b38   Section        0  stm32l4xx_hal.o(i.HAL_Delay)
    i.HAL_GPIO_EXTI_Callback                 0x08000b5c   Section        0  stm32l4xx_hal_gpio.o(i.HAL_GPIO_EXTI_Callback)
    i.HAL_GPIO_EXTI_IRQHandler               0x08000b60   Section        0  stm32l4xx_hal_gpio.o(i.HAL_GPIO_EXTI_IRQHandler)
    i.HAL_GPIO_Init                          0x08000b78   Section        0  stm32l4xx_hal_gpio.o(i.HAL_GPIO_Init)
    i.HAL_GPIO_TogglePin                     0x08000d48   Section        0  stm32l4xx_hal_gpio.o(i.HAL_GPIO_TogglePin)
    i.HAL_GPIO_WritePin                      0x08000d58   Section        0  stm32l4xx_hal_gpio.o(i.HAL_GPIO_WritePin)
    i.HAL_GetTick                            0x08000d64   Section        0  stm32l4xx_hal.o(i.HAL_GetTick)
    i.HAL_Init                               0x08000d70   Section        0  stm32l4xx_hal.o(i.HAL_Init)
    i.HAL_InitTick                           0x08000d90   Section        0  stm32l4xx_hal.o(i.HAL_InitTick)
    i.HAL_MspInit                            0x08000dd4   Section        0  stm32l4xx_hal_msp.o(i.HAL_MspInit)
    i.HAL_NVIC_EnableIRQ                     0x08000e00   Section        0  stm32l4xx_hal_cortex.o(i.HAL_NVIC_EnableIRQ)
    i.HAL_NVIC_SetPriority                   0x08000e1c   Section        0  stm32l4xx_hal_cortex.o(i.HAL_NVIC_SetPriority)
    i.HAL_NVIC_SetPriorityGrouping           0x08000e5c   Section        0  stm32l4xx_hal_cortex.o(i.HAL_NVIC_SetPriorityGrouping)
    i.HAL_PWREx_GetVoltageRange              0x08000e80   Section        0  stm32l4xx_hal_pwr_ex.o(i.HAL_PWREx_GetVoltageRange)
    i.HAL_PWREx_PVD_PVM_IRQHandler           0x08000e90   Section        0  stm32l4xx_hal_pwr_ex.o(i.HAL_PWREx_PVD_PVM_IRQHandler)
    i.HAL_PWREx_PVM3Callback                 0x08000ecc   Section        0  stm32l4xx_hal_pwr_ex.o(i.HAL_PWREx_PVM3Callback)
    i.HAL_PWREx_PVM4Callback                 0x08000ece   Section        0  stm32l4xx_hal_pwr_ex.o(i.HAL_PWREx_PVM4Callback)
    i.HAL_PWR_PVDCallback                    0x08000ed0   Section        0  pwr.o(i.HAL_PWR_PVDCallback)
    i.HAL_RCC_ClockConfig                    0x08000f08   Section        0  stm32l4xx_hal_rcc.o(i.HAL_RCC_ClockConfig)
    i.HAL_RCC_GetPCLK1Freq                   0x0800104c   Section        0  stm32l4xx_hal_rcc.o(i.HAL_RCC_GetPCLK1Freq)
    i.HAL_RCC_GetPCLK2Freq                   0x08001070   Section        0  stm32l4xx_hal_rcc.o(i.HAL_RCC_GetPCLK2Freq)
    i.HAL_RCC_GetSysClockFreq                0x08001094   Section        0  stm32l4xx_hal_rcc.o(i.HAL_RCC_GetSysClockFreq)
    i.HAL_RCC_OscConfig                      0x08001138   Section        0  stm32l4xx_hal_rcc.o(i.HAL_RCC_OscConfig)
    i.HAL_RTCEx_AlarmBEventCallback          0x08001698   Section        0  stm32l4xx_hal_rtc_ex.o(i.HAL_RTCEx_AlarmBEventCallback)
    i.HAL_RTC_AlarmAEventCallback            0x0800169c   Section        0  rtc.o(i.HAL_RTC_AlarmAEventCallback)
    i.HAL_RTC_AlarmIRQHandler                0x080016e0   Section        0  stm32l4xx_hal_rtc.o(i.HAL_RTC_AlarmIRQHandler)
    i.HAL_RTC_GetDate                        0x08001738   Section        0  stm32l4xx_hal_rtc.o(i.HAL_RTC_GetDate)
    i.HAL_RTC_GetTime                        0x0800177c   Section        0  stm32l4xx_hal_rtc.o(i.HAL_RTC_GetTime)
    i.HAL_SYSTICK_Config                     0x080017d0   Section        0  stm32l4xx_hal_cortex.o(i.HAL_SYSTICK_Config)
    i.HAL_TIMEx_Break2Callback               0x080017f8   Section        0  stm32l4xx_hal_tim_ex.o(i.HAL_TIMEx_Break2Callback)
    i.HAL_TIMEx_BreakCallback                0x080017fa   Section        0  stm32l4xx_hal_tim_ex.o(i.HAL_TIMEx_BreakCallback)
    i.HAL_TIMEx_CommutCallback               0x080017fc   Section        0  stm32l4xx_hal_tim_ex.o(i.HAL_TIMEx_CommutCallback)
    i.HAL_TIM_GenerateEvent                  0x080017fe   Section        0  stm32l4xx_hal_tim.o(i.HAL_TIM_GenerateEvent)
    i.HAL_TIM_IC_CaptureCallback             0x08001824   Section        0  timer.o(i.HAL_TIM_IC_CaptureCallback)
    i.HAL_TIM_IRQHandler                     0x080018c8   Section        0  stm32l4xx_hal_tim.o(i.HAL_TIM_IRQHandler)
    i.HAL_TIM_OC_DelayElapsedCallback        0x08001a4c   Section        0  stm32l4xx_hal_tim.o(i.HAL_TIM_OC_DelayElapsedCallback)
    i.HAL_TIM_PWM_PulseFinishedCallback      0x08001a4e   Section        0  stm32l4xx_hal_tim.o(i.HAL_TIM_PWM_PulseFinishedCallback)
    i.HAL_TIM_PeriodElapsedCallback          0x08001a50   Section        0  timer.o(i.HAL_TIM_PeriodElapsedCallback)
    i.HAL_TIM_ReadCapturedValue              0x08001ae4   Section        0  stm32l4xx_hal_tim.o(i.HAL_TIM_ReadCapturedValue)
    i.HAL_TIM_TriggerCallback                0x08001b0e   Section        0  stm32l4xx_hal_tim.o(i.HAL_TIM_TriggerCallback)
    i.HAL_UARTEx_RxEventCallback             0x08001b10   Section        0  stm32l4xx_hal_uart.o(i.HAL_UARTEx_RxEventCallback)
    i.HAL_UARTEx_WakeupCallback              0x08001b12   Section        0  stm32l4xx_hal_uart_ex.o(i.HAL_UARTEx_WakeupCallback)
    i.HAL_UART_ErrorCallback                 0x08001b14   Section        0  usart.o(i.HAL_UART_ErrorCallback)
    i.HAL_UART_IRQHandler                    0x08001b38   Section        0  stm32l4xx_hal_uart.o(i.HAL_UART_IRQHandler)
    i.HAL_UART_Init                          0x08001dcc   Section        0  stm32l4xx_hal_uart.o(i.HAL_UART_Init)
    i.HAL_UART_MspInit                       0x08001e34   Section        0  usart.o(i.HAL_UART_MspInit)
    i.HAL_UART_Receive_IT                    0x08001ebc   Section        0  stm32l4xx_hal_uart.o(i.HAL_UART_Receive_IT)
    i.HAL_UART_RxCpltCallback                0x08001f10   Section        0  usart.o(i.HAL_UART_RxCpltCallback)
    i.HAL_UART_TxCpltCallback                0x08001f60   Section        0  stm32l4xx_hal_uart.o(i.HAL_UART_TxCpltCallback)
    i.HardFault_Handler                      0x08001f62   Section        0  stm32l4xx_it.o(i.HardFault_Handler)
    i.LCD_GPIO_Init                          0x08001f64   Section        0  LCD.o(i.LCD_GPIO_Init)
    i.LCD_WriteData_16Bit                    0x08002018   Section        0  LCD.o(i.LCD_WriteData_16Bit)
    LCD_WriteData_16Bit                      0x08002019   Thumb Code    42  LCD.o(i.LCD_WriteData_16Bit)
    i.MemManage_Handler                      0x08002048   Section        0  stm32l4xx_it.o(i.MemManage_Handler)
    i.NMI_Handler                            0x0800204a   Section        0  stm32l4xx_it.o(i.NMI_Handler)
    i.OLED_Draw3DCube                        0x0800204c   Section        0  main.o(i.OLED_Draw3DCube)
    i.PVD_PVM_IRQHandler                     0x08002360   Section        0  pwr.o(i.PVD_PVM_IRQHandler)
    i.RCC_SetFlashLatencyFromMSIRange        0x08002364   Section        0  stm32l4xx_hal_rcc.o(i.RCC_SetFlashLatencyFromMSIRange)
    RCC_SetFlashLatencyFromMSIRange          0x08002365   Thumb Code   116  stm32l4xx_hal_rcc.o(i.RCC_SetFlashLatencyFromMSIRange)
    i.RTC_Alarm_IRQHandler                   0x080023e0   Section        0  rtc.o(i.RTC_Alarm_IRQHandler)
    i.RTC_Bcd2ToByte                         0x080023ec   Section        0  stm32l4xx_hal_rtc.o(i.RTC_Bcd2ToByte)
    i.SPI_WriteData                          0x08002400   Section        0  LCD.o(i.SPI_WriteData)
    SPI_WriteData                            0x08002401   Thumb Code    44  LCD.o(i.SPI_WriteData)
    i.SysTick_Handler                        0x08002430   Section        0  port.o(i.SysTick_Handler)
    i.SystemInit                             0x0800245c   Section        0  system_stm32l4xx.o(i.SystemInit)
    i.TIM1_CC_IRQHandler                     0x0800246c   Section        0  timer.o(i.TIM1_CC_IRQHandler)
    i.TIM1_UP_TIM16_IRQHandler               0x08002478   Section        0  timer.o(i.TIM1_UP_TIM16_IRQHandler)
    i.TIM2_IRQHandler                        0x080024e8   Section        0  timer.o(i.TIM2_IRQHandler)
    i.TIM6_DAC_IRQHandler                    0x080024f4   Section        0  timer.o(i.TIM6_DAC_IRQHandler)
    i.TIM7_IRQHandler                        0x08002500   Section        0  timer.o(i.TIM7_IRQHandler)
    i.UART_AdvFeatureConfig                  0x0800250c   Section        0  stm32l4xx_hal_uart.o(i.UART_AdvFeatureConfig)
    i.UART_CheckIdleState                    0x080025d4   Section        0  stm32l4xx_hal_uart.o(i.UART_CheckIdleState)
    i.UART_DMAAbortOnError                   0x08002630   Section        0  stm32l4xx_hal_uart.o(i.UART_DMAAbortOnError)
    UART_DMAAbortOnError                     0x08002631   Thumb Code    20  stm32l4xx_hal_uart.o(i.UART_DMAAbortOnError)
    i.UART_EndRxTransfer                     0x08002644   Section        0  stm32l4xx_hal_uart.o(i.UART_EndRxTransfer)
    UART_EndRxTransfer                       0x08002645   Thumb Code    74  stm32l4xx_hal_uart.o(i.UART_EndRxTransfer)
    i.UART_RxISR_16BIT                       0x0800268e   Section        0  stm32l4xx_hal_uart.o(i.UART_RxISR_16BIT)
    UART_RxISR_16BIT                         0x0800268f   Thumb Code   158  stm32l4xx_hal_uart.o(i.UART_RxISR_16BIT)
    i.UART_RxISR_8BIT                        0x0800272c   Section        0  stm32l4xx_hal_uart.o(i.UART_RxISR_8BIT)
    UART_RxISR_8BIT                          0x0800272d   Thumb Code   158  stm32l4xx_hal_uart.o(i.UART_RxISR_8BIT)
    i.UART_SetConfig                         0x080027cc   Section        0  stm32l4xx_hal_uart.o(i.UART_SetConfig)
    i.UART_Start_Receive_IT                  0x080029cc   Section        0  stm32l4xx_hal_uart.o(i.UART_Start_Receive_IT)
    i.UART_WaitOnFlagUntilTimeout            0x08002a84   Section        0  stm32l4xx_hal_uart.o(i.UART_WaitOnFlagUntilTimeout)
    i.USART2_IRQHandler                      0x08002b4c   Section        0  usart.o(i.USART2_IRQHandler)
    i.UsageFault_Handler                     0x08002b58   Section        0  stm32l4xx_it.o(i.UsageFault_Handler)
    i.__0printf                              0x08002b5c   Section        0  printfa.o(i.__0printf)
    i.__0vsnprintf                           0x08002b7c   Section        0  printfa.o(i.__0vsnprintf)
    i.__ARM_fpclassify                       0x08002ba0   Section        0  fpclassify.o(i.__ARM_fpclassify)
    i.__NVIC_SetPriority                     0x08002bd0   Section        0  stm32l4xx_hal_cortex.o(i.__NVIC_SetPriority)
    __NVIC_SetPriority                       0x08002bd1   Thumb Code    32  stm32l4xx_hal_cortex.o(i.__NVIC_SetPriority)
    i.__hardfp_cos                           0x08002bf0   Section        0  cos.o(i.__hardfp_cos)
    i.__hardfp_sin                           0x08002cb8   Section        0  sin.o(i.__hardfp_sin)
    i.__ieee754_rem_pio2                     0x08002d80   Section        0  rred.o(i.__ieee754_rem_pio2)
    i.__kernel_cos                           0x080031b8   Section        0  cos_i.o(i.__kernel_cos)
    i.__kernel_poly                          0x08003328   Section        0  poly.o(i.__kernel_poly)
    i.__kernel_sin                           0x08003420   Section        0  sin_i.o(i.__kernel_sin)
    i.__mathlib_dbl_infnan                   0x08003550   Section        0  dunder.o(i.__mathlib_dbl_infnan)
    i.__mathlib_dbl_invalid                  0x08003568   Section        0  dunder.o(i.__mathlib_dbl_invalid)
    i.__mathlib_dbl_underflow                0x08003588   Section        0  dunder.o(i.__mathlib_dbl_underflow)
    i.__scatterload_copy                     0x080035a8   Section       14  handlers.o(i.__scatterload_copy)
    i.__scatterload_null                     0x080035b6   Section        2  handlers.o(i.__scatterload_null)
    i.__scatterload_zeroinit                 0x080035b8   Section       14  handlers.o(i.__scatterload_zeroinit)
    i.__set_errno                            0x080035c8   Section        0  errno.o(i.__set_errno)
    i._fp_digits                             0x080035d4   Section        0  printfa.o(i._fp_digits)
    _fp_digits                               0x080035d5   Thumb Code   334  printfa.o(i._fp_digits)
    i._printf_core                           0x08003738   Section        0  printfa.o(i._printf_core)
    _printf_core                             0x08003739   Thumb Code  1744  printfa.o(i._printf_core)
    i._printf_post_padding                   0x08003e14   Section        0  printfa.o(i._printf_post_padding)
    _printf_post_padding                     0x08003e15   Thumb Code    36  printfa.o(i._printf_post_padding)
    i._printf_pre_padding                    0x08003e38   Section        0  printfa.o(i._printf_pre_padding)
    _printf_pre_padding                      0x08003e39   Thumb Code    46  printfa.o(i._printf_pre_padding)
    i._snputc                                0x08003e66   Section        0  printfa.o(i._snputc)
    _snputc                                  0x08003e67   Thumb Code    22  printfa.o(i._snputc)
    i.delay_init                             0x08003e7c   Section        0  delay.o(i.delay_init)
    i.delay_ms                               0x08003e88   Section        0  delay.o(i.delay_ms)
    i.delay_us                               0x08003e94   Section        0  delay.o(i.delay_us)
    i.fabs                                   0x08003ec8   Section        0  fabs.o(i.fabs)
    i.fputc                                  0x08003ee0   Section        0  usart.o(i.fputc)
    i.key_init                               0x08003ef8   Section        0  borad.o(i.key_init)
    i.lcd_clear                              0x08003f70   Section        0  LCD.o(i.lcd_clear)
    i.lcd_display_dir                        0x08003fbc   Section        0  LCD.o(i.lcd_display_dir)
    i.lcd_draw_line                          0x08003fdc   Section        0  LCD.o(i.lcd_draw_line)
    i.lcd_draw_point                         0x08004074   Section        0  LCD.o(i.lcd_draw_point)
    i.lcd_fill                               0x08004090   Section        0  LCD.o(i.lcd_fill)
    i.lcd_init                               0x080040dc   Section        0  LCD.o(i.lcd_init)
    i.lcd_printf                             0x08004334   Section        0  LCD.o(i.lcd_printf)
    i.lcd_scan_dir                           0x0800439c   Section        0  LCD.o(i.lcd_scan_dir)
    i.lcd_set_address                        0x08004418   Section        0  LCD.o(i.lcd_set_address)
    lcd_set_address                          0x08004419   Thumb Code    90  LCD.o(i.lcd_set_address)
    i.lcd_show_char                          0x08004474   Section        0  LCD.o(i.lcd_show_char)
    i.lcd_show_chinese                       0x0800456c   Section        0  LCD.o(i.lcd_show_chinese)
    i.lcd_show_chinese_char                  0x08004628   Section        0  LCD.o(i.lcd_show_chinese_char)
    i.lcd_show_string                        0x08004700   Section        0  LCD.o(i.lcd_show_string)
    i.lcd_write_cmd                          0x08004788   Section        0  LCD.o(i.lcd_write_cmd)
    lcd_write_cmd                            0x08004789   Thumb Code    32  LCD.o(i.lcd_write_cmd)
    i.lcd_write_data                         0x080047ac   Section        0  LCD.o(i.lcd_write_data)
    lcd_write_data                           0x080047ad   Thumb Code    32  LCD.o(i.lcd_write_data)
    i.led_init                               0x080047d0   Section        0  borad.o(i.led_init)
    i.main                                   0x08004858   Section        0  main.o(i.main)
    i.prvResetNextTaskUnblockTime            0x080049cc   Section        0  tasks.o(i.prvResetNextTaskUnblockTime)
    prvResetNextTaskUnblockTime              0x080049cd   Thumb Code    26  tasks.o(i.prvResetNextTaskUnblockTime)
    i.rtc_get_time                           0x080049ec   Section        0  rtc.o(i.rtc_get_time)
    i.sys_stm32_clock_init                   0x08004a88   Section        0  sys.o(i.sys_stm32_clock_init)
    i.usart_init                             0x08004b0c   Section        0  usart.o(i.usart_init)
    i.uxListRemove                           0x08004b50   Section        0  list.o(i.uxListRemove)
    i.vListInsertEnd                         0x08004b76   Section        0  list.o(i.vListInsertEnd)
    i.vTaskSwitchContext                     0x08004b90   Section        0  tasks.o(i.vTaskSwitchContext)
    i.xTaskIncrementTick                     0x08004bec   Section        0  tasks.o(i.xTaskIncrementTick)
    .constdata                               0x08004cb8   Section        8  borad.o(.constdata)
    .constdata                               0x08004cc0   Section      152  borad.o(.constdata)
    .constdata                               0x08004d58   Section       64  system_stm32l4xx.o(.constdata)
    .constdata                               0x08004d98   Section        8  system_stm32l4xx.o(.constdata)
    .constdata                               0x08004da0   Section       96  main.o(.constdata)
    .constdata                               0x08004e00   Section    13300  LCD.o(.constdata)
    .constdata                               0x080081f4   Section      864  OLED_Data.o(.constdata)
    .constdata                               0x08008558   Section       48  cos_i.o(.constdata)
    C                                        0x08008558   Data          48  cos_i.o(.constdata)
    .constdata                               0x08008588   Section      200  rred.o(.constdata)
    pio2s                                    0x08008588   Data          48  rred.o(.constdata)
    twooverpi                                0x080085b8   Data         152  rred.o(.constdata)
    .constdata                               0x08008650   Section       40  sin_i.o(.constdata)
    S                                        0x08008650   Data          40  sin_i.o(.constdata)
    .data                                    0x20000000   Section        4  system_stm32l4xx.o(.data)
    .data                                    0x20000004   Section       12  timer.o(.data)
    time                                     0x20000008   Data           2  timer.o(.data)
    g_npwm_remain                            0x2000000c   Data           4  timer.o(.data)
    .data                                    0x20000010   Section       60  tasks.o(.data)
    uxDeletedTasksWaitingCleanUp             0x20000014   Data           4  tasks.o(.data)
    uxCurrentNumberOfTasks                   0x20000018   Data           4  tasks.o(.data)
    xTickCount                               0x2000001c   Data           4  tasks.o(.data)
    uxTopReadyPriority                       0x20000020   Data           4  tasks.o(.data)
    xSchedulerRunning                        0x20000024   Data           4  tasks.o(.data)
    xPendedTicks                             0x20000028   Data           4  tasks.o(.data)
    xYieldPending                            0x2000002c   Data           4  tasks.o(.data)
    xNumOfOverflows                          0x20000030   Data           4  tasks.o(.data)
    uxTaskNumber                             0x20000034   Data           4  tasks.o(.data)
    xNextTaskUnblockTime                     0x20000038   Data           4  tasks.o(.data)
    xIdleTaskHandle                          0x2000003c   Data           4  tasks.o(.data)
    uxSchedulerSuspended                     0x20000040   Data           4  tasks.o(.data)
    pxDelayedTaskList                        0x20000044   Data           4  tasks.o(.data)
    pxOverflowDelayedTaskList                0x20000048   Data           4  tasks.o(.data)
    .data                                    0x2000004c   Section       12  stm32l4xx_hal.o(.data)
    .data                                    0x20000058   Section        4  delay.o(.data)
    g_fac_us                                 0x20000058   Data           4  delay.o(.data)
    .data                                    0x2000005c   Section        3  usart.o(.data)
    rx_buffer                                0x2000005c   Data           1  usart.o(.data)
    rx_buffer                                0x2000005d   Data           1  usart.o(.data)
    interrupt_buffer                         0x2000005e   Data           1  usart.o(.data)
    .data                                    0x20000060   Section        4  usart.o(.data)
    .data                                    0x20000064   Section       64  LCD.o(.data)
    .data                                    0x200000a4   Section        4  errno.o(.data)
    _errno                                   0x200000a4   Data           4  errno.o(.data)
    .bss                                     0x200000a8   Section      280  dma.o(.bss)
    g_dma_mem2mem_handle                     0x20000178   Data          72  dma.o(.bss)
    .bss                                     0x200001c0   Section       46  rtc.o(.bss)
    .bss                                     0x200001f0   Section      828  timer.o(.bss)
    .bss                                     0x2000052c   Section      240  tasks.o(.bss)
    pxReadyTasksLists                        0x2000052c   Data         140  tasks.o(.bss)
    xDelayedTaskList1                        0x200005b8   Data          20  tasks.o(.bss)
    xDelayedTaskList2                        0x200005cc   Data          20  tasks.o(.bss)
    xPendingReadyList                        0x200005e0   Data          20  tasks.o(.bss)
    xTasksWaitingTermination                 0x200005f4   Data          20  tasks.o(.bss)
    xSuspendedTaskList                       0x20000608   Data          20  tasks.o(.bss)
    .bss                                     0x2000061c   Section      396  usart.o(.bss)
    g_uart_rx_buf                            0x2000061c   Data         262  usart.o(.bss)
    STACK                                    0x200007a8   Section     1024  startup_stm32l431xx.o(STACK)

    Global Symbols

    Symbol Name                              Value     Ov Type        Size  Object(Section)

    BuildAttributes$$THM_ISAv4$E$P$D$K$B$S$7EM$VFPi3$EXTD16$VFPS$VFMA$PE$A:L22UL41UL21$X:L11$S22US41US21$IEEE1$IW$USESV6$~STKCKD$USESV7$~SHL$OTIME$ROPI$IEEEX$EBA8$MICROLIB$REQ8$PRES8$EABIv2 0x00000000   Number         0  anon$$obj.o ABSOLUTE
    __ARM_use_no_argv                        0x00000000   Number         0  main.o ABSOLUTE
    __use_no_errno                           0x00000000   Number         0  useno.o ABSOLUTE
    __use_no_exception_handling              0x00000000   Number         0  useno.o ABSOLUTE
    __use_no_fp                              0x00000000   Number         0  useno.o ABSOLUTE
    __use_no_heap                            0x00000000   Number         0  useno.o ABSOLUTE
    __use_no_heap_region                     0x00000000   Number         0  useno.o ABSOLUTE
    __use_no_semihosting                     0x00000000   Number         0  useno.o ABSOLUTE
    __use_no_semihosting_swi                 0x00000000   Number         0  useno.o ABSOLUTE
    __use_no_signal_handling                 0x00000000   Number         0  useno.o ABSOLUTE
    _printf_a                                0x00000000   Number         0  stubs.o ABSOLUTE
    _printf_c                                0x00000000   Number         0  stubs.o ABSOLUTE
    _printf_charcount                        0x00000000   Number         0  stubs.o ABSOLUTE
    _printf_d                                0x00000000   Number         0  stubs.o ABSOLUTE
    _printf_e                                0x00000000   Number         0  stubs.o ABSOLUTE
    _printf_f                                0x00000000   Number         0  stubs.o ABSOLUTE
    _printf_flags                            0x00000000   Number         0  stubs.o ABSOLUTE
    _printf_fp_dec                           0x00000000   Number         0  stubs.o ABSOLUTE
    _printf_fp_hex                           0x00000000   Number         0  stubs.o ABSOLUTE
    _printf_g                                0x00000000   Number         0  stubs.o ABSOLUTE
    _printf_i                                0x00000000   Number         0  stubs.o ABSOLUTE
    _printf_int_dec                          0x00000000   Number         0  stubs.o ABSOLUTE
    _printf_l                                0x00000000   Number         0  stubs.o ABSOLUTE
    _printf_lc                               0x00000000   Number         0  stubs.o ABSOLUTE
    _printf_ll                               0x00000000   Number         0  stubs.o ABSOLUTE
    _printf_lld                              0x00000000   Number         0  stubs.o ABSOLUTE
    _printf_lli                              0x00000000   Number         0  stubs.o ABSOLUTE
    _printf_llo                              0x00000000   Number         0  stubs.o ABSOLUTE
    _printf_llu                              0x00000000   Number         0  stubs.o ABSOLUTE
    _printf_llx                              0x00000000   Number         0  stubs.o ABSOLUTE
    _printf_longlong_dec                     0x00000000   Number         0  stubs.o ABSOLUTE
    _printf_longlong_hex                     0x00000000   Number         0  stubs.o ABSOLUTE
    _printf_longlong_oct                     0x00000000   Number         0  stubs.o ABSOLUTE
    _printf_ls                               0x00000000   Number         0  stubs.o ABSOLUTE
    _printf_mbtowc                           0x00000000   Number         0  stubs.o ABSOLUTE
    _printf_n                                0x00000000   Number         0  stubs.o ABSOLUTE
    _printf_o                                0x00000000   Number         0  stubs.o ABSOLUTE
    _printf_p                                0x00000000   Number         0  stubs.o ABSOLUTE
    _printf_percent                          0x00000000   Number         0  stubs.o ABSOLUTE
    _printf_pre_padding                      0x00000000   Number         0  stubs.o ABSOLUTE
    _printf_return_value                     0x00000000   Number         0  stubs.o ABSOLUTE
    _printf_s                                0x00000000   Number         0  stubs.o ABSOLUTE
    _printf_sizespec                         0x00000000   Number         0  stubs.o ABSOLUTE
    _printf_str                              0x00000000   Number         0  stubs.o ABSOLUTE
    _printf_truncate_signed                  0x00000000   Number         0  stubs.o ABSOLUTE
    _printf_truncate_unsigned                0x00000000   Number         0  stubs.o ABSOLUTE
    _printf_u                                0x00000000   Number         0  stubs.o ABSOLUTE
    _printf_wc                               0x00000000   Number         0  stubs.o ABSOLUTE
    _printf_wctomb                           0x00000000   Number         0  stubs.o ABSOLUTE
    _printf_widthprec                        0x00000000   Number         0  stubs.o ABSOLUTE
    _printf_x                                0x00000000   Number         0  stubs.o ABSOLUTE
    __cpp_initialize__aeabi_                  - Undefined Weak Reference
    __cxa_finalize                            - Undefined Weak Reference
    __decompress                              - Undefined Weak Reference
    _clock_init                               - Undefined Weak Reference
    _microlib_exit                            - Undefined Weak Reference
    __Vectors_Size                           0x0000018c   Number         0  startup_stm32l431xx.o ABSOLUTE
    __Vectors                                0x08000000   Data           4  startup_stm32l431xx.o(RESET)
    __Vectors_End                            0x0800018c   Data           0  startup_stm32l431xx.o(RESET)
    __main                                   0x0800018d   Thumb Code     0  entry.o(.ARM.Collect$$$$00000000)
    _main_stk                                0x0800018d   Thumb Code     0  entry2.o(.ARM.Collect$$$$00000001)
    _main_scatterload                        0x08000191   Thumb Code     0  entry5.o(.ARM.Collect$$$$00000004)
    __main_after_scatterload                 0x08000195   Thumb Code     0  entry5.o(.ARM.Collect$$$$00000004)
    _main_clock                              0x08000195   Thumb Code     0  entry7b.o(.ARM.Collect$$$$00000008)
    _main_cpp_init                           0x08000195   Thumb Code     0  entry8b.o(.ARM.Collect$$$$0000000A)
    _main_init                               0x08000195   Thumb Code     0  entry9a.o(.ARM.Collect$$$$0000000B)
    __rt_final_cpp                           0x0800019d   Thumb Code     0  entry10a.o(.ARM.Collect$$$$0000000D)
    __rt_final_exit                          0x0800019d   Thumb Code     0  entry11a.o(.ARM.Collect$$$$0000000F)
    SVC_Handler                              0x080001a1   Thumb Code    28  port.o(.emb_text)
    __asm___6_port_c_39a90d8d__prvStartFirstTask 0x080001c1   Thumb Code    36  port.o(.emb_text)
    __asm___6_port_c_39a90d8d__prvEnableVFP  0x080001e9   Thumb Code    16  port.o(.emb_text)
    PendSV_Handler                           0x080001fd   Thumb Code    88  port.o(.emb_text)
    vPortGetIPSR                             0x08000259   Thumb Code     6  port.o(.emb_text)
    Reset_Handler                            0x08000261   Thumb Code     8  startup_stm32l431xx.o(.text)
    ADC1_IRQHandler                          0x0800027b   Thumb Code     0  startup_stm32l431xx.o(.text)
    CAN1_RX0_IRQHandler                      0x0800027b   Thumb Code     0  startup_stm32l431xx.o(.text)
    CAN1_RX1_IRQHandler                      0x0800027b   Thumb Code     0  startup_stm32l431xx.o(.text)
    CAN1_SCE_IRQHandler                      0x0800027b   Thumb Code     0  startup_stm32l431xx.o(.text)
    CAN1_TX_IRQHandler                       0x0800027b   Thumb Code     0  startup_stm32l431xx.o(.text)
    COMP_IRQHandler                          0x0800027b   Thumb Code     0  startup_stm32l431xx.o(.text)
    CRS_IRQHandler                           0x0800027b   Thumb Code     0  startup_stm32l431xx.o(.text)
    DMA1_Channel1_IRQHandler                 0x0800027b   Thumb Code     0  startup_stm32l431xx.o(.text)
    DMA1_Channel2_IRQHandler                 0x0800027b   Thumb Code     0  startup_stm32l431xx.o(.text)
    DMA1_Channel4_IRQHandler                 0x0800027b   Thumb Code     0  startup_stm32l431xx.o(.text)
    DMA1_Channel5_IRQHandler                 0x0800027b   Thumb Code     0  startup_stm32l431xx.o(.text)
    DMA2_Channel1_IRQHandler                 0x0800027b   Thumb Code     0  startup_stm32l431xx.o(.text)
    DMA2_Channel2_IRQHandler                 0x0800027b   Thumb Code     0  startup_stm32l431xx.o(.text)
    DMA2_Channel3_IRQHandler                 0x0800027b   Thumb Code     0  startup_stm32l431xx.o(.text)
    DMA2_Channel4_IRQHandler                 0x0800027b   Thumb Code     0  startup_stm32l431xx.o(.text)
    DMA2_Channel5_IRQHandler                 0x0800027b   Thumb Code     0  startup_stm32l431xx.o(.text)
    DMA2_Channel6_IRQHandler                 0x0800027b   Thumb Code     0  startup_stm32l431xx.o(.text)
    DMA2_Channel7_IRQHandler                 0x0800027b   Thumb Code     0  startup_stm32l431xx.o(.text)
    EXTI15_10_IRQHandler                     0x0800027b   Thumb Code     0  startup_stm32l431xx.o(.text)
    EXTI1_IRQHandler                         0x0800027b   Thumb Code     0  startup_stm32l431xx.o(.text)
    EXTI2_IRQHandler                         0x0800027b   Thumb Code     0  startup_stm32l431xx.o(.text)
    EXTI9_5_IRQHandler                       0x0800027b   Thumb Code     0  startup_stm32l431xx.o(.text)
    FLASH_IRQHandler                         0x0800027b   Thumb Code     0  startup_stm32l431xx.o(.text)
    FPU_IRQHandler                           0x0800027b   Thumb Code     0  startup_stm32l431xx.o(.text)
    I2C1_ER_IRQHandler                       0x0800027b   Thumb Code     0  startup_stm32l431xx.o(.text)
    I2C1_EV_IRQHandler                       0x0800027b   Thumb Code     0  startup_stm32l431xx.o(.text)
    I2C2_ER_IRQHandler                       0x0800027b   Thumb Code     0  startup_stm32l431xx.o(.text)
    I2C2_EV_IRQHandler                       0x0800027b   Thumb Code     0  startup_stm32l431xx.o(.text)
    I2C3_ER_IRQHandler                       0x0800027b   Thumb Code     0  startup_stm32l431xx.o(.text)
    I2C3_EV_IRQHandler                       0x0800027b   Thumb Code     0  startup_stm32l431xx.o(.text)
    LPTIM1_IRQHandler                        0x0800027b   Thumb Code     0  startup_stm32l431xx.o(.text)
    LPTIM2_IRQHandler                        0x0800027b   Thumb Code     0  startup_stm32l431xx.o(.text)
    LPUART1_IRQHandler                       0x0800027b   Thumb Code     0  startup_stm32l431xx.o(.text)
    QUADSPI_IRQHandler                       0x0800027b   Thumb Code     0  startup_stm32l431xx.o(.text)
    RCC_IRQHandler                           0x0800027b   Thumb Code     0  startup_stm32l431xx.o(.text)
    RNG_IRQHandler                           0x0800027b   Thumb Code     0  startup_stm32l431xx.o(.text)
    RTC_WKUP_IRQHandler                      0x0800027b   Thumb Code     0  startup_stm32l431xx.o(.text)
    SAI1_IRQHandler                          0x0800027b   Thumb Code     0  startup_stm32l431xx.o(.text)
    SDMMC1_IRQHandler                        0x0800027b   Thumb Code     0  startup_stm32l431xx.o(.text)
    SPI1_IRQHandler                          0x0800027b   Thumb Code     0  startup_stm32l431xx.o(.text)
    SPI2_IRQHandler                          0x0800027b   Thumb Code     0  startup_stm32l431xx.o(.text)
    SPI3_IRQHandler                          0x0800027b   Thumb Code     0  startup_stm32l431xx.o(.text)
    SWPMI1_IRQHandler                        0x0800027b   Thumb Code     0  startup_stm32l431xx.o(.text)
    TAMP_STAMP_IRQHandler                    0x0800027b   Thumb Code     0  startup_stm32l431xx.o(.text)
    TIM1_BRK_TIM15_IRQHandler                0x0800027b   Thumb Code     0  startup_stm32l431xx.o(.text)
    TIM1_TRG_COM_IRQHandler                  0x0800027b   Thumb Code     0  startup_stm32l431xx.o(.text)
    TSC_IRQHandler                           0x0800027b   Thumb Code     0  startup_stm32l431xx.o(.text)
    USART1_IRQHandler                        0x0800027b   Thumb Code     0  startup_stm32l431xx.o(.text)
    USART3_IRQHandler                        0x0800027b   Thumb Code     0  startup_stm32l431xx.o(.text)
    WWDG_IRQHandler                          0x0800027b   Thumb Code     0  startup_stm32l431xx.o(.text)
    __aeabi_uldivmod                         0x08000285   Thumb Code    98  uldiv.o(.text)
    __aeabi_memcpy                           0x080002e7   Thumb Code    36  memcpya.o(.text)
    __aeabi_memcpy4                          0x080002e7   Thumb Code     0  memcpya.o(.text)
    __aeabi_memcpy8                          0x080002e7   Thumb Code     0  memcpya.o(.text)
    __aeabi_memset                           0x0800030b   Thumb Code    14  memseta.o(.text)
    __aeabi_memset4                          0x0800030b   Thumb Code     0  memseta.o(.text)
    __aeabi_memset8                          0x0800030b   Thumb Code     0  memseta.o(.text)
    __aeabi_memclr                           0x08000319   Thumb Code     4  memseta.o(.text)
    __aeabi_memclr4                          0x08000319   Thumb Code     0  memseta.o(.text)
    __aeabi_memclr8                          0x08000319   Thumb Code     0  memseta.o(.text)
    memset                                   0x0800031d   Thumb Code    18  memseta.o(.text)
    strcmp                                   0x0800032f   Thumb Code    28  strcmp.o(.text)
    __aeabi_dadd                             0x0800034b   Thumb Code   322  dadd.o(.text)
    __aeabi_dsub                             0x0800048d   Thumb Code     6  dadd.o(.text)
    __aeabi_drsub                            0x08000493   Thumb Code     6  dadd.o(.text)
    __aeabi_dmul                             0x08000499   Thumb Code   228  dmul.o(.text)
    __aeabi_ddiv                             0x0800057d   Thumb Code   222  ddiv.o(.text)
    __aeabi_ui2d                             0x0800065b   Thumb Code    26  dfltui.o(.text)
    __aeabi_f2d                              0x08000675   Thumb Code    38  f2d.o(.text)
    __aeabi_cdrcmple                         0x0800069d   Thumb Code    48  cdrcmple.o(.text)
    __aeabi_d2f                              0x080006cd   Thumb Code    56  d2f.o(.text)
    __aeabi_uidiv                            0x08000705   Thumb Code     0  uidiv.o(.text)
    __aeabi_uidivmod                         0x08000705   Thumb Code    44  uidiv.o(.text)
    __aeabi_llsl                             0x08000731   Thumb Code    30  llshl.o(.text)
    _ll_shift_l                              0x08000731   Thumb Code     0  llshl.o(.text)
    __aeabi_llsr                             0x0800074f   Thumb Code    32  llushr.o(.text)
    _ll_ushift_r                             0x0800074f   Thumb Code     0  llushr.o(.text)
    __aeabi_lasr                             0x0800076f   Thumb Code    36  llsshr.o(.text)
    _ll_sshift_r                             0x0800076f   Thumb Code     0  llsshr.o(.text)
    __I$use$fp                               0x08000793   Thumb Code     0  iusefp.o(.text)
    _float_round                             0x08000793   Thumb Code    18  fepilogue.o(.text)
    _float_epilogue                          0x080007a5   Thumb Code    92  fepilogue.o(.text)
    _double_round                            0x08000801   Thumb Code    30  depilogue.o(.text)
    _double_epilogue                         0x0800081f   Thumb Code   156  depilogue.o(.text)
    __aeabi_i2d                              0x080008bb   Thumb Code    34  dflti.o(.text)
    __aeabi_d2ulz                            0x080008dd   Thumb Code    48  dfixul.o(.text)
    __scatterload                            0x0800090d   Thumb Code    28  init.o(.text)
    __scatterload_rt2                        0x0800090d   Thumb Code     0  init.o(.text)
    __aeabi_d2iz                             0x08000931   Thumb Code    62  dfixi.o(.text)
    BusFault_Handler                         0x0800096f   Thumb Code     2  stm32l4xx_it.o(i.BusFault_Handler)
    DMA1_Channel3_IRQHandler                 0x08000971   Thumb Code     6  dma.o(i.DMA1_Channel3_IRQHandler)
    DMA1_Channel6_IRQHandler                 0x0800097d   Thumb Code     6  dma.o(i.DMA1_Channel6_IRQHandler)
    DMA1_Channel7_IRQHandler                 0x08000989   Thumb Code     6  dma.o(i.DMA1_Channel7_IRQHandler)
    DebugMon_Handler                         0x08000995   Thumb Code     2  stm32l4xx_it.o(i.DebugMon_Handler)
    EXTI0_IRQHandler                         0x08000997   Thumb Code     6  pwr.o(i.EXTI0_IRQHandler)
    EXTI3_IRQHandler                         0x0800099d   Thumb Code    28  borad.o(i.EXTI3_IRQHandler)
    EXTI4_IRQHandler                         0x080009c1   Thumb Code    22  borad.o(i.EXTI4_IRQHandler)
    Error_Handler                            0x080009e1   Thumb Code     4  sys.o(i.Error_Handler)
    HAL_DMA_Abort                            0x080009e5   Thumb Code    74  stm32l4xx_hal_dma.o(i.HAL_DMA_Abort)
    HAL_DMA_Abort_IT                         0x08000a2f   Thumb Code    78  stm32l4xx_hal_dma.o(i.HAL_DMA_Abort_IT)
    HAL_DMA_IRQHandler                       0x08000a7d   Thumb Code   186  stm32l4xx_hal_dma.o(i.HAL_DMA_IRQHandler)
    HAL_Delay                                0x08000b39   Thumb Code    32  stm32l4xx_hal.o(i.HAL_Delay)
    HAL_GPIO_EXTI_Callback                   0x08000b5d   Thumb Code     2  stm32l4xx_hal_gpio.o(i.HAL_GPIO_EXTI_Callback)
    HAL_GPIO_EXTI_IRQHandler                 0x08000b61   Thumb Code    18  stm32l4xx_hal_gpio.o(i.HAL_GPIO_EXTI_IRQHandler)
    HAL_GPIO_Init                            0x08000b79   Thumb Code   434  stm32l4xx_hal_gpio.o(i.HAL_GPIO_Init)
    HAL_GPIO_TogglePin                       0x08000d49   Thumb Code    16  stm32l4xx_hal_gpio.o(i.HAL_GPIO_TogglePin)
    HAL_GPIO_WritePin                        0x08000d59   Thumb Code    10  stm32l4xx_hal_gpio.o(i.HAL_GPIO_WritePin)
    HAL_GetTick                              0x08000d65   Thumb Code     6  stm32l4xx_hal.o(i.HAL_GetTick)
    HAL_Init                                 0x08000d71   Thumb Code    30  stm32l4xx_hal.o(i.HAL_Init)
    HAL_InitTick                             0x08000d91   Thumb Code    58  stm32l4xx_hal.o(i.HAL_InitTick)
    HAL_MspInit                              0x08000dd5   Thumb Code    38  stm32l4xx_hal_msp.o(i.HAL_MspInit)
    HAL_NVIC_EnableIRQ                       0x08000e01   Thumb Code    26  stm32l4xx_hal_cortex.o(i.HAL_NVIC_EnableIRQ)
    HAL_NVIC_SetPriority                     0x08000e1d   Thumb Code    60  stm32l4xx_hal_cortex.o(i.HAL_NVIC_SetPriority)
    HAL_NVIC_SetPriorityGrouping             0x08000e5d   Thumb Code    26  stm32l4xx_hal_cortex.o(i.HAL_NVIC_SetPriorityGrouping)
    HAL_PWREx_GetVoltageRange                0x08000e81   Thumb Code    10  stm32l4xx_hal_pwr_ex.o(i.HAL_PWREx_GetVoltageRange)
    HAL_PWREx_PVD_PVM_IRQHandler             0x08000e91   Thumb Code    54  stm32l4xx_hal_pwr_ex.o(i.HAL_PWREx_PVD_PVM_IRQHandler)
    HAL_PWREx_PVM3Callback                   0x08000ecd   Thumb Code     2  stm32l4xx_hal_pwr_ex.o(i.HAL_PWREx_PVM3Callback)
    HAL_PWREx_PVM4Callback                   0x08000ecf   Thumb Code     2  stm32l4xx_hal_pwr_ex.o(i.HAL_PWREx_PVM4Callback)
    HAL_PWR_PVDCallback                      0x08000ed1   Thumb Code    18  pwr.o(i.HAL_PWR_PVDCallback)
    HAL_RCC_ClockConfig                      0x08000f09   Thumb Code   304  stm32l4xx_hal_rcc.o(i.HAL_RCC_ClockConfig)
    HAL_RCC_GetPCLK1Freq                     0x0800104d   Thumb Code    24  stm32l4xx_hal_rcc.o(i.HAL_RCC_GetPCLK1Freq)
    HAL_RCC_GetPCLK2Freq                     0x08001071   Thumb Code    24  stm32l4xx_hal_rcc.o(i.HAL_RCC_GetPCLK2Freq)
    HAL_RCC_GetSysClockFreq                  0x08001095   Thumb Code   150  stm32l4xx_hal_rcc.o(i.HAL_RCC_GetSysClockFreq)
    HAL_RCC_OscConfig                        0x08001139   Thumb Code  1366  stm32l4xx_hal_rcc.o(i.HAL_RCC_OscConfig)
    HAL_RTCEx_AlarmBEventCallback            0x08001699   Thumb Code     2  stm32l4xx_hal_rtc_ex.o(i.HAL_RTCEx_AlarmBEventCallback)
    HAL_RTC_AlarmAEventCallback              0x0800169d   Thumb Code    32  rtc.o(i.HAL_RTC_AlarmAEventCallback)
    HAL_RTC_AlarmIRQHandler                  0x080016e1   Thumb Code    84  stm32l4xx_hal_rtc.o(i.HAL_RTC_AlarmIRQHandler)
    HAL_RTC_GetDate                          0x08001739   Thumb Code    62  stm32l4xx_hal_rtc.o(i.HAL_RTC_GetDate)
    HAL_RTC_GetTime                          0x0800177d   Thumb Code    78  stm32l4xx_hal_rtc.o(i.HAL_RTC_GetTime)
    HAL_SYSTICK_Config                       0x080017d1   Thumb Code    40  stm32l4xx_hal_cortex.o(i.HAL_SYSTICK_Config)
    HAL_TIMEx_Break2Callback                 0x080017f9   Thumb Code     2  stm32l4xx_hal_tim_ex.o(i.HAL_TIMEx_Break2Callback)
    HAL_TIMEx_BreakCallback                  0x080017fb   Thumb Code     2  stm32l4xx_hal_tim_ex.o(i.HAL_TIMEx_BreakCallback)
    HAL_TIMEx_CommutCallback                 0x080017fd   Thumb Code     2  stm32l4xx_hal_tim_ex.o(i.HAL_TIMEx_CommutCallback)
    HAL_TIM_GenerateEvent                    0x080017ff   Thumb Code    38  stm32l4xx_hal_tim.o(i.HAL_TIM_GenerateEvent)
    HAL_TIM_IC_CaptureCallback               0x08001825   Thumb Code   150  timer.o(i.HAL_TIM_IC_CaptureCallback)
    HAL_TIM_IRQHandler                       0x080018c9   Thumb Code   388  stm32l4xx_hal_tim.o(i.HAL_TIM_IRQHandler)
    HAL_TIM_OC_DelayElapsedCallback          0x08001a4d   Thumb Code     2  stm32l4xx_hal_tim.o(i.HAL_TIM_OC_DelayElapsedCallback)
    HAL_TIM_PWM_PulseFinishedCallback        0x08001a4f   Thumb Code     2  stm32l4xx_hal_tim.o(i.HAL_TIM_PWM_PulseFinishedCallback)
    HAL_TIM_PeriodElapsedCallback            0x08001a51   Thumb Code   124  timer.o(i.HAL_TIM_PeriodElapsedCallback)
    HAL_TIM_ReadCapturedValue                0x08001ae5   Thumb Code    42  stm32l4xx_hal_tim.o(i.HAL_TIM_ReadCapturedValue)
    HAL_TIM_TriggerCallback                  0x08001b0f   Thumb Code     2  stm32l4xx_hal_tim.o(i.HAL_TIM_TriggerCallback)
    HAL_UARTEx_RxEventCallback               0x08001b11   Thumb Code     2  stm32l4xx_hal_uart.o(i.HAL_UARTEx_RxEventCallback)
    HAL_UARTEx_WakeupCallback                0x08001b13   Thumb Code     2  stm32l4xx_hal_uart_ex.o(i.HAL_UARTEx_WakeupCallback)
    HAL_UART_ErrorCallback                   0x08001b15   Thumb Code    24  usart.o(i.HAL_UART_ErrorCallback)
    HAL_UART_IRQHandler                      0x08001b39   Thumb Code   652  stm32l4xx_hal_uart.o(i.HAL_UART_IRQHandler)
    HAL_UART_Init                            0x08001dcd   Thumb Code   102  stm32l4xx_hal_uart.o(i.HAL_UART_Init)
    HAL_UART_MspInit                         0x08001e35   Thumb Code   126  usart.o(i.HAL_UART_MspInit)
    HAL_UART_Receive_IT                      0x08001ebd   Thumb Code    78  stm32l4xx_hal_uart.o(i.HAL_UART_Receive_IT)
    HAL_UART_RxCpltCallback                  0x08001f11   Thumb Code    62  usart.o(i.HAL_UART_RxCpltCallback)
    HAL_UART_TxCpltCallback                  0x08001f61   Thumb Code     2  stm32l4xx_hal_uart.o(i.HAL_UART_TxCpltCallback)
    HardFault_Handler                        0x08001f63   Thumb Code     2  stm32l4xx_it.o(i.HardFault_Handler)
    LCD_GPIO_Init                            0x08001f65   Thumb Code   170  LCD.o(i.LCD_GPIO_Init)
    MemManage_Handler                        0x08002049   Thumb Code     2  stm32l4xx_it.o(i.MemManage_Handler)
    NMI_Handler                              0x0800204b   Thumb Code     2  stm32l4xx_it.o(i.NMI_Handler)
    OLED_Draw3DCube                          0x0800204d   Thumb Code   774  main.o(i.OLED_Draw3DCube)
    PVD_PVM_IRQHandler                       0x08002361   Thumb Code     4  pwr.o(i.PVD_PVM_IRQHandler)
    RTC_Alarm_IRQHandler                     0x080023e1   Thumb Code     6  rtc.o(i.RTC_Alarm_IRQHandler)
    RTC_Bcd2ToByte                           0x080023ed   Thumb Code    18  stm32l4xx_hal_rtc.o(i.RTC_Bcd2ToByte)
    SysTick_Handler                          0x08002431   Thumb Code    38  port.o(i.SysTick_Handler)
    SystemInit                               0x0800245d   Thumb Code    12  system_stm32l4xx.o(i.SystemInit)
    TIM1_CC_IRQHandler                       0x0800246d   Thumb Code     6  timer.o(i.TIM1_CC_IRQHandler)
    TIM1_UP_TIM16_IRQHandler                 0x08002479   Thumb Code   100  timer.o(i.TIM1_UP_TIM16_IRQHandler)
    TIM2_IRQHandler                          0x080024e9   Thumb Code     6  timer.o(i.TIM2_IRQHandler)
    TIM6_DAC_IRQHandler                      0x080024f5   Thumb Code     6  timer.o(i.TIM6_DAC_IRQHandler)
    TIM7_IRQHandler                          0x08002501   Thumb Code     6  timer.o(i.TIM7_IRQHandler)
    UART_AdvFeatureConfig                    0x0800250d   Thumb Code   200  stm32l4xx_hal_uart.o(i.UART_AdvFeatureConfig)
    UART_CheckIdleState                      0x080025d5   Thumb Code    92  stm32l4xx_hal_uart.o(i.UART_CheckIdleState)
    UART_SetConfig                           0x080027cd   Thumb Code   478  stm32l4xx_hal_uart.o(i.UART_SetConfig)
    UART_Start_Receive_IT                    0x080029cd   Thumb Code   176  stm32l4xx_hal_uart.o(i.UART_Start_Receive_IT)
    UART_WaitOnFlagUntilTimeout              0x08002a85   Thumb Code   198  stm32l4xx_hal_uart.o(i.UART_WaitOnFlagUntilTimeout)
    USART2_IRQHandler                        0x08002b4d   Thumb Code     6  usart.o(i.USART2_IRQHandler)
    UsageFault_Handler                       0x08002b59   Thumb Code     2  stm32l4xx_it.o(i.UsageFault_Handler)
    __0printf                                0x08002b5d   Thumb Code    22  printfa.o(i.__0printf)
    __1printf                                0x08002b5d   Thumb Code     0  printfa.o(i.__0printf)
    __2printf                                0x08002b5d   Thumb Code     0  printfa.o(i.__0printf)
    __c89printf                              0x08002b5d   Thumb Code     0  printfa.o(i.__0printf)
    printf                                   0x08002b5d   Thumb Code     0  printfa.o(i.__0printf)
    __0vsnprintf                             0x08002b7d   Thumb Code    32  printfa.o(i.__0vsnprintf)
    __1vsnprintf                             0x08002b7d   Thumb Code     0  printfa.o(i.__0vsnprintf)
    __2vsnprintf                             0x08002b7d   Thumb Code     0  printfa.o(i.__0vsnprintf)
    __c89vsnprintf                           0x08002b7d   Thumb Code     0  printfa.o(i.__0vsnprintf)
    vsnprintf                                0x08002b7d   Thumb Code     0  printfa.o(i.__0vsnprintf)
    __ARM_fpclassify                         0x08002ba1   Thumb Code    48  fpclassify.o(i.__ARM_fpclassify)
    __hardfp_cos                             0x08002bf1   Thumb Code   180  cos.o(i.__hardfp_cos)
    __hardfp_sin                             0x08002cb9   Thumb Code   180  sin.o(i.__hardfp_sin)
    __ieee754_rem_pio2                       0x08002d81   Thumb Code   938  rred.o(i.__ieee754_rem_pio2)
    __kernel_cos                             0x080031b9   Thumb Code   322  cos_i.o(i.__kernel_cos)
    __kernel_poly                            0x08003329   Thumb Code   248  poly.o(i.__kernel_poly)
    __kernel_sin                             0x08003421   Thumb Code   280  sin_i.o(i.__kernel_sin)
    __mathlib_dbl_infnan                     0x08003551   Thumb Code    20  dunder.o(i.__mathlib_dbl_infnan)
    __mathlib_dbl_invalid                    0x08003569   Thumb Code    24  dunder.o(i.__mathlib_dbl_invalid)
    __mathlib_dbl_underflow                  0x08003589   Thumb Code    24  dunder.o(i.__mathlib_dbl_underflow)
    __scatterload_copy                       0x080035a9   Thumb Code    14  handlers.o(i.__scatterload_copy)
    __scatterload_null                       0x080035b7   Thumb Code     2  handlers.o(i.__scatterload_null)
    __scatterload_zeroinit                   0x080035b9   Thumb Code    14  handlers.o(i.__scatterload_zeroinit)
    __set_errno                              0x080035c9   Thumb Code     6  errno.o(i.__set_errno)
    delay_init                               0x08003e7d   Thumb Code     6  delay.o(i.delay_init)
    delay_ms                                 0x08003e89   Thumb Code    10  delay.o(i.delay_ms)
    delay_us                                 0x08003e95   Thumb Code    48  delay.o(i.delay_us)
    fabs                                     0x08003ec9   Thumb Code    24  fabs.o(i.fabs)
    fputc                                    0x08003ee1   Thumb Code    18  usart.o(i.fputc)
    key_init                                 0x08003ef9   Thumb Code   108  borad.o(i.key_init)
    lcd_clear                                0x08003f71   Thumb Code    72  LCD.o(i.lcd_clear)
    lcd_display_dir                          0x08003fbd   Thumb Code    26  LCD.o(i.lcd_display_dir)
    lcd_draw_line                            0x08003fdd   Thumb Code   152  LCD.o(i.lcd_draw_line)
    lcd_draw_point                           0x08004075   Thumb Code    26  LCD.o(i.lcd_draw_point)
    lcd_fill                                 0x08004091   Thumb Code    70  LCD.o(i.lcd_fill)
    lcd_init                                 0x080040dd   Thumb Code   596  LCD.o(i.lcd_init)
    lcd_printf                               0x08004335   Thumb Code    98  LCD.o(i.lcd_printf)
    lcd_scan_dir                             0x0800439d   Thumb Code   120  LCD.o(i.lcd_scan_dir)
    lcd_show_char                            0x08004475   Thumb Code   226  LCD.o(i.lcd_show_char)
    lcd_show_chinese                         0x0800456d   Thumb Code   174  LCD.o(i.lcd_show_chinese)
    lcd_show_chinese_char                    0x08004629   Thumb Code   206  LCD.o(i.lcd_show_chinese_char)
    lcd_show_string                          0x08004701   Thumb Code   132  LCD.o(i.lcd_show_string)
    led_init                                 0x080047d1   Thumb Code   122  borad.o(i.led_init)
    main                                     0x08004859   Thumb Code   264  main.o(i.main)
    rtc_get_time                             0x080049ed   Thumb Code    94  rtc.o(i.rtc_get_time)
    sys_stm32_clock_init                     0x08004a89   Thumb Code   128  sys.o(i.sys_stm32_clock_init)
    usart_init                               0x08004b0d   Thumb Code    54  usart.o(i.usart_init)
    uxListRemove                             0x08004b51   Thumb Code    38  list.o(i.uxListRemove)
    vListInsertEnd                           0x08004b77   Thumb Code    24  list.o(i.vListInsertEnd)
    vTaskSwitchContext                       0x08004b91   Thumb Code    82  tasks.o(i.vTaskSwitchContext)
    xTaskIncrementTick                       0x08004bed   Thumb Code   194  tasks.o(i.xTaskIncrementTick)
    LED                                      0x08004cb8   Data           8  borad.o(.constdata)
    AHBPrescTable                            0x08004d58   Data          16  system_stm32l4xx.o(.constdata)
    MSIRangeTable                            0x08004d68   Data          48  system_stm32l4xx.o(.constdata)
    APBPrescTable                            0x08004d98   Data           8  system_stm32l4xx.o(.constdata)
    font_1206                                0x08004e00   Data        1140  LCD.o(.constdata)
    font_1608                                0x08005274   Data        1520  LCD.o(.constdata)
    font_2412                                0x08005864   Data        4560  LCD.o(.constdata)
    font_3216                                0x08006a34   Data        6080  LCD.o(.constdata)
    OLED_CF16x16                             0x080081f4   Data         864  OLED_Data.o(.constdata)
    Region$$Table$$Base                      0x08008678   Number         0  anon$$obj.o(Region$$Table)
    Region$$Table$$Limit                     0x08008698   Number         0  anon$$obj.o(Region$$Table)
    SystemCoreClock                          0x20000000   Data           4  system_stm32l4xx.o(.data)
    g_timxchy_cap_sta                        0x20000004   Data           1  timer.o(.data)
    g_timxchy_cap_val                        0x20000006   Data           2  timer.o(.data)
    pxCurrentTCB                             0x20000010   Data           4  tasks.o(.data)
    uwTickFreq                               0x2000004c   Data           1  stm32l4xx_hal.o(.data)
    uwTickPrio                               0x20000050   Data           4  stm32l4xx_hal.o(.data)
    uwTick                                   0x20000054   Data           4  stm32l4xx_hal.o(.data)
    __stdout                                 0x20000060   Data           4  usart.o(.data)
    spilcd_dir                               0x20000064   Data           1  LCD.o(.data)
    spilcd_width                             0x20000066   Data           2  LCD.o(.data)
    spilcd_height                            0x20000068   Data           2  LCD.o(.data)
    g_point_color                            0x2000006c   Data           4  LCD.o(.data)
    g_back_color                             0x20000070   Data           4  LCD.o(.data)
    LCD_SCL_PIN                              0x20000074   Data           8  LCD.o(.data)
    LCD_SDA_PIN                              0x2000007c   Data           8  LCD.o(.data)
    LCD_RES_PIN                              0x20000084   Data           8  LCD.o(.data)
    LCD_DC_PIN                               0x2000008c   Data           8  LCD.o(.data)
    LCD_CS_PIN                               0x20000094   Data           8  LCD.o(.data)
    LCD_BLK_PIN                              0x2000009c   Data           8  LCD.o(.data)
    g_dma_tx_handle                          0x200000a8   Data          72  dma.o(.bss)
    g_dma_rx_handle                          0x200000f0   Data          72  dma.o(.bss)
    g_rx_buffer                              0x20000138   Data          64  dma.o(.bss)
    g_rtc_handle                             0x200001c0   Data          36  rtc.o(.bss)
    calendar                                 0x200001e4   Data          10  rtc.o(.bss)
    timer_configs                            0x200001f0   Data         828  timer.o(.bss)
    g_uart_handle                            0x20000724   Data         132  usart.o(.bss)
    __initial_sp                             0x20000ba8   Data           0  startup_stm32l431xx.o(STACK)



==============================================================================

Memory Map of the image

  Image Entry point : 0x0800018d

  Load Region LR_IROM1 (Base: 0x08000000, Size: 0x00008740, Max: 0x00040000, ABSOLUTE)

    Execution Region ER_IROM1 (Base: 0x08000000, Size: 0x00008698, Max: 0x00040000, ABSOLUTE)

    Base Addr    Size         Type   Attr      Idx    E Section Name        Object

    0x08000000   0x0000018c   Data   RO         7410    RESET               startup_stm32l431xx.o
    0x0800018c   0x00000000   Code   RO         7457  * .ARM.Collect$$$$00000000  mc_w.l(entry.o)
    0x0800018c   0x00000004   Code   RO         7802    .ARM.Collect$$$$00000001  mc_w.l(entry2.o)
    0x08000190   0x00000004   Code   RO         7805    .ARM.Collect$$$$00000004  mc_w.l(entry5.o)
    0x08000194   0x00000000   Code   RO         7807    .ARM.Collect$$$$00000008  mc_w.l(entry7b.o)
    0x08000194   0x00000000   Code   RO         7809    .ARM.Collect$$$$0000000A  mc_w.l(entry8b.o)
    0x08000194   0x00000008   Code   RO         7810    .ARM.Collect$$$$0000000B  mc_w.l(entry9a.o)
    0x0800019c   0x00000000   Code   RO         7812    .ARM.Collect$$$$0000000D  mc_w.l(entry10a.o)
    0x0800019c   0x00000000   Code   RO         7814    .ARM.Collect$$$$0000000F  mc_w.l(entry11a.o)
    0x0800019c   0x00000004   Code   RO         7803    .ARM.Collect$$$$00002712  mc_w.l(entry2.o)
    0x080001a0   0x000000be   Code   RO         1924    .emb_text           port.o
    0x0800025e   0x00000002   PAD
    0x08000260   0x00000024   Code   RO         7411    .text               startup_stm32l431xx.o
    0x08000284   0x00000062   Code   RO         7460    .text               mc_w.l(uldiv.o)
    0x080002e6   0x00000024   Code   RO         7462    .text               mc_w.l(memcpya.o)
    0x0800030a   0x00000024   Code   RO         7466    .text               mc_w.l(memseta.o)
    0x0800032e   0x0000001c   Code   RO         7468    .text               mc_w.l(strcmp.o)
    0x0800034a   0x0000014e   Code   RO         7733    .text               mf_w.l(dadd.o)
    0x08000498   0x000000e4   Code   RO         7735    .text               mf_w.l(dmul.o)
    0x0800057c   0x000000de   Code   RO         7737    .text               mf_w.l(ddiv.o)
    0x0800065a   0x0000001a   Code   RO         7741    .text               mf_w.l(dfltui.o)
    0x08000674   0x00000026   Code   RO         7745    .text               mf_w.l(f2d.o)
    0x0800069a   0x00000002   PAD
    0x0800069c   0x00000030   Code   RO         7747    .text               mf_w.l(cdrcmple.o)
    0x080006cc   0x00000038   Code   RO         7749    .text               mf_w.l(d2f.o)
    0x08000704   0x0000002c   Code   RO         7816    .text               mc_w.l(uidiv.o)
    0x08000730   0x0000001e   Code   RO         7818    .text               mc_w.l(llshl.o)
    0x0800074e   0x00000020   Code   RO         7820    .text               mc_w.l(llushr.o)
    0x0800076e   0x00000024   Code   RO         7822    .text               mc_w.l(llsshr.o)
    0x08000792   0x00000000   Code   RO         7831    .text               mc_w.l(iusefp.o)
    0x08000792   0x0000006e   Code   RO         7832    .text               mf_w.l(fepilogue.o)
    0x08000800   0x000000ba   Code   RO         7834    .text               mf_w.l(depilogue.o)
    0x080008ba   0x00000022   Code   RO         7840    .text               mf_w.l(dflti.o)
    0x080008dc   0x00000030   Code   RO         7842    .text               mf_w.l(dfixul.o)
    0x0800090c   0x00000024   Code   RO         7846    .text               mc_w.l(init.o)
    0x08000930   0x0000003e   Code   RO         7850    .text               mf_w.l(dfixi.o)
    0x0800096e   0x00000002   Code   RO          706    i.BusFault_Handler  stm32l4xx_it.o
    0x08000970   0x0000000c   Code   RO          335    i.DMA1_Channel3_IRQHandler  dma.o
    0x0800097c   0x0000000c   Code   RO          336    i.DMA1_Channel6_IRQHandler  dma.o
    0x08000988   0x0000000c   Code   RO          337    i.DMA1_Channel7_IRQHandler  dma.o
    0x08000994   0x00000002   Code   RO          707    i.DebugMon_Handler  stm32l4xx_it.o
    0x08000996   0x00000006   Code   RO          463    i.EXTI0_IRQHandler  pwr.o
    0x0800099c   0x00000024   Code   RO          216    i.EXTI3_IRQHandler  borad.o
    0x080009c0   0x00000020   Code   RO          217    i.EXTI4_IRQHandler  borad.o
    0x080009e0   0x00000004   Code   RO         6751    i.Error_Handler     sys.o
    0x080009e4   0x0000004a   Code   RO         3027    i.HAL_DMA_Abort     stm32l4xx_hal_dma.o
    0x08000a2e   0x0000004e   Code   RO         3028    i.HAL_DMA_Abort_IT  stm32l4xx_hal_dma.o
    0x08000a7c   0x000000ba   Code   RO         3032    i.HAL_DMA_IRQHandler  stm32l4xx_hal_dma.o
    0x08000b36   0x00000002   PAD
    0x08000b38   0x00000024   Code   RO         2011    i.HAL_Delay         stm32l4xx_hal.o
    0x08000b5c   0x00000002   Code   RO         3420    i.HAL_GPIO_EXTI_Callback  stm32l4xx_hal_gpio.o
    0x08000b5e   0x00000002   PAD
    0x08000b60   0x00000018   Code   RO         3421    i.HAL_GPIO_EXTI_IRQHandler  stm32l4xx_hal_gpio.o
    0x08000b78   0x000001d0   Code   RO         3422    i.HAL_GPIO_Init     stm32l4xx_hal_gpio.o
    0x08000d48   0x00000010   Code   RO         3425    i.HAL_GPIO_TogglePin  stm32l4xx_hal_gpio.o
    0x08000d58   0x0000000a   Code   RO         3426    i.HAL_GPIO_WritePin  stm32l4xx_hal_gpio.o
    0x08000d62   0x00000002   PAD
    0x08000d64   0x0000000c   Code   RO         2015    i.HAL_GetTick       stm32l4xx_hal.o
    0x08000d70   0x0000001e   Code   RO         2022    i.HAL_Init          stm32l4xx_hal.o
    0x08000d8e   0x00000002   PAD
    0x08000d90   0x00000044   Code   RO         2023    i.HAL_InitTick      stm32l4xx_hal.o
    0x08000dd4   0x0000002c   Code   RO          682    i.HAL_MspInit       stm32l4xx_hal_msp.o
    0x08000e00   0x0000001a   Code   RO         2650    i.HAL_NVIC_EnableIRQ  stm32l4xx_hal_cortex.o
    0x08000e1a   0x00000002   PAD
    0x08000e1c   0x00000040   Code   RO         2656    i.HAL_NVIC_SetPriority  stm32l4xx_hal_cortex.o
    0x08000e5c   0x00000024   Code   RO         2657    i.HAL_NVIC_SetPriorityGrouping  stm32l4xx_hal_cortex.o
    0x08000e80   0x00000010   Code   RO         4179    i.HAL_PWREx_GetVoltageRange  stm32l4xx_hal_pwr_ex.o
    0x08000e90   0x0000003c   Code   RO         4180    i.HAL_PWREx_PVD_PVM_IRQHandler  stm32l4xx_hal_pwr_ex.o
    0x08000ecc   0x00000002   Code   RO         4181    i.HAL_PWREx_PVM3Callback  stm32l4xx_hal_pwr_ex.o
    0x08000ece   0x00000002   Code   RO         4182    i.HAL_PWREx_PVM4Callback  stm32l4xx_hal_pwr_ex.o
    0x08000ed0   0x00000038   Code   RO          464    i.HAL_PWR_PVDCallback  pwr.o
    0x08000f08   0x00000144   Code   RO         4348    i.HAL_RCC_ClockConfig  stm32l4xx_hal_rcc.o
    0x0800104c   0x00000024   Code   RO         4354    i.HAL_RCC_GetPCLK1Freq  stm32l4xx_hal_rcc.o
    0x08001070   0x00000024   Code   RO         4355    i.HAL_RCC_GetPCLK2Freq  stm32l4xx_hal_rcc.o
    0x08001094   0x000000a4   Code   RO         4357    i.HAL_RCC_GetSysClockFreq  stm32l4xx_hal_rcc.o
    0x08001138   0x00000560   Code   RO         4360    i.HAL_RCC_OscConfig  stm32l4xx_hal_rcc.o
    0x08001698   0x00000002   Code   RO         4925    i.HAL_RTCEx_AlarmBEventCallback  stm32l4xx_hal_rtc_ex.o
    0x0800169a   0x00000002   PAD
    0x0800169c   0x00000044   Code   RO          584    i.HAL_RTC_AlarmAEventCallback  rtc.o
    0x080016e0   0x00000058   Code   RO         4753    i.HAL_RTC_AlarmIRQHandler  stm32l4xx_hal_rtc.o
    0x08001738   0x00000044   Code   RO         4762    i.HAL_RTC_GetDate   stm32l4xx_hal_rtc.o
    0x0800177c   0x00000054   Code   RO         4764    i.HAL_RTC_GetTime   stm32l4xx_hal_rtc.o
    0x080017d0   0x00000028   Code   RO         2661    i.HAL_SYSTICK_Config  stm32l4xx_hal_cortex.o
    0x080017f8   0x00000002   Code   RO         5881    i.HAL_TIMEx_Break2Callback  stm32l4xx_hal_tim_ex.o
    0x080017fa   0x00000002   Code   RO         5882    i.HAL_TIMEx_BreakCallback  stm32l4xx_hal_tim_ex.o
    0x080017fc   0x00000002   Code   RO         5883    i.HAL_TIMEx_CommutCallback  stm32l4xx_hal_tim_ex.o
    0x080017fe   0x00000026   Code   RO         5198    i.HAL_TIM_GenerateEvent  stm32l4xx_hal_tim.o
    0x08001824   0x000000a4   Code   RO          802    i.HAL_TIM_IC_CaptureCallback  timer.o
    0x080018c8   0x00000184   Code   RO         5215    i.HAL_TIM_IRQHandler  stm32l4xx_hal_tim.o
    0x08001a4c   0x00000002   Code   RO         5218    i.HAL_TIM_OC_DelayElapsedCallback  stm32l4xx_hal_tim.o
    0x08001a4e   0x00000002   Code   RO         5245    i.HAL_TIM_PWM_PulseFinishedCallback  stm32l4xx_hal_tim.o
    0x08001a50   0x00000094   Code   RO          805    i.HAL_TIM_PeriodElapsedCallback  timer.o
    0x08001ae4   0x0000002a   Code   RO         5255    i.HAL_TIM_ReadCapturedValue  stm32l4xx_hal_tim.o
    0x08001b0e   0x00000002   Code   RO         5258    i.HAL_TIM_TriggerCallback  stm32l4xx_hal_tim.o
    0x08001b10   0x00000002   Code   RO         6175    i.HAL_UARTEx_RxEventCallback  stm32l4xx_hal_uart.o
    0x08001b12   0x00000002   Code   RO         6568    i.HAL_UARTEx_WakeupCallback  stm32l4xx_hal_uart_ex.o
    0x08001b14   0x00000024   Code   RO         6836    i.HAL_UART_ErrorCallback  usart.o
    0x08001b38   0x00000294   Code   RO         6194    i.HAL_UART_IRQHandler  stm32l4xx_hal_uart.o
    0x08001dcc   0x00000066   Code   RO         6195    i.HAL_UART_Init     stm32l4xx_hal_uart.o
    0x08001e32   0x00000002   PAD
    0x08001e34   0x00000088   Code   RO         6837    i.HAL_UART_MspInit  usart.o
    0x08001ebc   0x00000054   Code   RO         6200    i.HAL_UART_Receive_IT  stm32l4xx_hal_uart.o
    0x08001f10   0x00000050   Code   RO         6838    i.HAL_UART_RxCpltCallback  usart.o
    0x08001f60   0x00000002   Code   RO         6207    i.HAL_UART_TxCpltCallback  stm32l4xx_hal_uart.o
    0x08001f62   0x00000002   Code   RO          708    i.HardFault_Handler  stm32l4xx_it.o
    0x08001f64   0x000000b4   Code   RO         6954    i.LCD_GPIO_Init     LCD.o
    0x08002018   0x00000030   Code   RO         6955    i.LCD_WriteData_16Bit  LCD.o
    0x08002048   0x00000002   Code   RO          709    i.MemManage_Handler  stm32l4xx_it.o
    0x0800204a   0x00000002   Code   RO          710    i.NMI_Handler       stm32l4xx_it.o
    0x0800204c   0x00000314   Code   RO          939    i.OLED_Draw3DCube   main.o
    0x08002360   0x00000004   Code   RO          465    i.PVD_PVM_IRQHandler  pwr.o
    0x08002364   0x0000007c   Code   RO         4361    i.RCC_SetFlashLatencyFromMSIRange  stm32l4xx_hal_rcc.o
    0x080023e0   0x0000000c   Code   RO          586    i.RTC_Alarm_IRQHandler  rtc.o
    0x080023ec   0x00000012   Code   RO         4774    i.RTC_Bcd2ToByte    stm32l4xx_hal_rtc.o
    0x080023fe   0x00000002   PAD
    0x08002400   0x00000030   Code   RO         6956    i.SPI_WriteData     LCD.o
    0x08002430   0x0000002c   Code   RO         1925    i.SysTick_Handler   port.o
    0x0800245c   0x00000010   Code   RO          764    i.SystemInit        system_stm32l4xx.o
    0x0800246c   0x0000000c   Code   RO          806    i.TIM1_CC_IRQHandler  timer.o
    0x08002478   0x00000070   Code   RO          807    i.TIM1_UP_TIM16_IRQHandler  timer.o
    0x080024e8   0x0000000c   Code   RO          808    i.TIM2_IRQHandler   timer.o
    0x080024f4   0x0000000c   Code   RO          809    i.TIM6_DAC_IRQHandler  timer.o
    0x08002500   0x0000000c   Code   RO          810    i.TIM7_IRQHandler   timer.o
    0x0800250c   0x000000c8   Code   RO         6209    i.UART_AdvFeatureConfig  stm32l4xx_hal_uart.o
    0x080025d4   0x0000005c   Code   RO         6210    i.UART_CheckIdleState  stm32l4xx_hal_uart.o
    0x08002630   0x00000014   Code   RO         6211    i.UART_DMAAbortOnError  stm32l4xx_hal_uart.o
    0x08002644   0x0000004a   Code   RO         6221    i.UART_EndRxTransfer  stm32l4xx_hal_uart.o
    0x0800268e   0x0000009e   Code   RO         6223    i.UART_RxISR_16BIT  stm32l4xx_hal_uart.o
    0x0800272c   0x0000009e   Code   RO         6224    i.UART_RxISR_8BIT   stm32l4xx_hal_uart.o
    0x080027ca   0x00000002   PAD
    0x080027cc   0x00000200   Code   RO         6225    i.UART_SetConfig    stm32l4xx_hal_uart.o
    0x080029cc   0x000000b8   Code   RO         6227    i.UART_Start_Receive_IT  stm32l4xx_hal_uart.o
    0x08002a84   0x000000c6   Code   RO         6230    i.UART_WaitOnFlagUntilTimeout  stm32l4xx_hal_uart.o
    0x08002b4a   0x00000002   PAD
    0x08002b4c   0x0000000c   Code   RO         6839    i.USART2_IRQHandler  usart.o
    0x08002b58   0x00000002   Code   RO          711    i.UsageFault_Handler  stm32l4xx_it.o
    0x08002b5a   0x00000002   PAD
    0x08002b5c   0x00000020   Code   RO         7705    i.__0printf         mc_w.l(printfa.o)
    0x08002b7c   0x00000024   Code   RO         7710    i.__0vsnprintf      mc_w.l(printfa.o)
    0x08002ba0   0x00000030   Code   RO         7774    i.__ARM_fpclassify  m_wm.l(fpclassify.o)
    0x08002bd0   0x00000020   Code   RO         2663    i.__NVIC_SetPriority  stm32l4xx_hal_cortex.o
    0x08002bf0   0x000000c8   Code   RO         7415    i.__hardfp_cos      m_wm.l(cos.o)
    0x08002cb8   0x000000c8   Code   RO         7445    i.__hardfp_sin      m_wm.l(sin.o)
    0x08002d80   0x00000438   Code   RO         7779    i.__ieee754_rem_pio2  m_wm.l(rred.o)
    0x080031b8   0x00000170   Code   RO         7751    i.__kernel_cos      m_wm.l(cos_i.o)
    0x08003328   0x000000f8   Code   RO         7776    i.__kernel_poly     m_wm.l(poly.o)
    0x08003420   0x00000130   Code   RO         7784    i.__kernel_sin      m_wm.l(sin_i.o)
    0x08003550   0x00000014   Code   RO         7755    i.__mathlib_dbl_infnan  m_wm.l(dunder.o)
    0x08003564   0x00000004   PAD
    0x08003568   0x00000020   Code   RO         7757    i.__mathlib_dbl_invalid  m_wm.l(dunder.o)
    0x08003588   0x00000020   Code   RO         7760    i.__mathlib_dbl_underflow  m_wm.l(dunder.o)
    0x080035a8   0x0000000e   Code   RO         7854    i.__scatterload_copy  mc_w.l(handlers.o)
    0x080035b6   0x00000002   Code   RO         7855    i.__scatterload_null  mc_w.l(handlers.o)
    0x080035b8   0x0000000e   Code   RO         7856    i.__scatterload_zeroinit  mc_w.l(handlers.o)
    0x080035c6   0x00000002   PAD
    0x080035c8   0x0000000c   Code   RO         7826    i.__set_errno       mc_w.l(errno.o)
    0x080035d4   0x00000164   Code   RO         7712    i._fp_digits        mc_w.l(printfa.o)
    0x08003738   0x000006dc   Code   RO         7713    i._printf_core      mc_w.l(printfa.o)
    0x08003e14   0x00000024   Code   RO         7714    i._printf_post_padding  mc_w.l(printfa.o)
    0x08003e38   0x0000002e   Code   RO         7715    i._printf_pre_padding  mc_w.l(printfa.o)
    0x08003e66   0x00000016   Code   RO         7716    i._snputc           mc_w.l(printfa.o)
    0x08003e7c   0x0000000c   Code   RO         6693    i.delay_init        delay.o
    0x08003e88   0x0000000a   Code   RO         6694    i.delay_ms          delay.o
    0x08003e92   0x00000002   PAD
    0x08003e94   0x00000034   Code   RO         6695    i.delay_us          delay.o
    0x08003ec8   0x00000018   Code   RO         7770    i.fabs              m_wm.l(fabs.o)
    0x08003ee0   0x00000018   Code   RO         6843    i.fputc             usart.o
    0x08003ef8   0x00000078   Code   RO          219    i.key_init          borad.o
    0x08003f70   0x0000004c   Code   RO         6957    i.lcd_clear         LCD.o
    0x08003fbc   0x00000020   Code   RO         6958    i.lcd_display_dir   LCD.o
    0x08003fdc   0x00000098   Code   RO         6961    i.lcd_draw_line     LCD.o
    0x08004074   0x0000001a   Code   RO         6962    i.lcd_draw_point    LCD.o
    0x0800408e   0x00000002   PAD
    0x08004090   0x0000004c   Code   RO         6964    i.lcd_fill          LCD.o
    0x080040dc   0x00000258   Code   RO         6966    i.lcd_init          LCD.o
    0x08004334   0x00000068   Code   RO         6967    i.lcd_printf        LCD.o
    0x0800439c   0x0000007c   Code   RO         6968    i.lcd_scan_dir      LCD.o
    0x08004418   0x0000005a   Code   RO         6969    i.lcd_set_address   LCD.o
    0x08004472   0x00000002   PAD
    0x08004474   0x000000f8   Code   RO         6970    i.lcd_show_char     LCD.o
    0x0800456c   0x000000bc   Code   RO         6971    i.lcd_show_chinese  LCD.o
    0x08004628   0x000000d8   Code   RO         6972    i.lcd_show_chinese_char  LCD.o
    0x08004700   0x00000088   Code   RO         6976    i.lcd_show_string   LCD.o
    0x08004788   0x00000024   Code   RO         6977    i.lcd_write_cmd     LCD.o
    0x080047ac   0x00000024   Code   RO         6978    i.lcd_write_data    LCD.o
    0x080047d0   0x00000088   Code   RO          221    i.led_init          borad.o
    0x08004858   0x00000174   Code   RO          940    i.main              main.o
    0x080049cc   0x00000020   Code   RO         1519    i.prvResetNextTaskUnblockTime  tasks.o
    0x080049ec   0x0000009c   Code   RO          588    i.rtc_get_time      rtc.o
    0x08004a88   0x00000084   Code   RO         6759    i.sys_stm32_clock_init  sys.o
    0x08004b0c   0x00000044   Code   RO         6849    i.usart_init        usart.o
    0x08004b50   0x00000026   Code   RO         1122    i.uxListRemove      list.o
    0x08004b76   0x00000018   Code   RO         1126    i.vListInsertEnd    list.o
    0x08004b8e   0x00000002   PAD
    0x08004b90   0x0000005c   Code   RO         1548    i.vTaskSwitchContext  tasks.o
    0x08004bec   0x000000cc   Code   RO         1558    i.xTaskIncrementTick  tasks.o
    0x08004cb8   0x00000008   Data   RO          224    .constdata          borad.o
    0x08004cc0   0x00000098   Data   RO          225    .constdata          borad.o
    0x08004d58   0x00000040   Data   RO          765    .constdata          system_stm32l4xx.o
    0x08004d98   0x00000008   Data   RO          766    .constdata          system_stm32l4xx.o
    0x08004da0   0x00000060   Data   RO          941    .constdata          main.o
    0x08004e00   0x000033f4   Data   RO         6979    .constdata          LCD.o
    0x080081f4   0x00000360   Data   RO         7299    .constdata          OLED_Data.o
    0x08008554   0x00000004   PAD
    0x08008558   0x00000030   Data   RO         7752    .constdata          m_wm.l(cos_i.o)
    0x08008588   0x000000c8   Data   RO         7781    .constdata          m_wm.l(rred.o)
    0x08008650   0x00000028   Data   RO         7785    .constdata          m_wm.l(sin_i.o)
    0x08008678   0x00000020   Data   RO         7852    Region$$Table       anon$$obj.o


    Execution Region RW_IRAM2 (Base: 0x10000000, Size: 0x00000000, Max: 0x00004000, ABSOLUTE)

    **** No section assigned to this execution region ****


    Execution Region RW_IRAM1 (Base: 0x20000000, Size: 0x00000ba8, Max: 0x0000c000, ABSOLUTE)

    Base Addr    Size         Type   Attr      Idx    E Section Name        Object

    0x20000000   0x00000004   Data   RW          767    .data               system_stm32l4xx.o
    0x20000004   0x0000000c   Data   RW          819    .data               timer.o
    0x20000010   0x0000003c   Data   RW         1567    .data               tasks.o
    0x2000004c   0x0000000c   Data   RW         2039    .data               stm32l4xx_hal.o
    0x20000058   0x00000004   Data   RW         6696    .data               delay.o
    0x2000005c   0x00000003   Data   RW         6851    .data               usart.o
    0x2000005f   0x00000001   PAD
    0x20000060   0x00000004   Data   RW         6852    .data               usart.o
    0x20000064   0x00000040   Data   RW         6980    .data               LCD.o
    0x200000a4   0x00000004   Data   RW         7827    .data               mc_w.l(errno.o)
    0x200000a8   0x00000118   Zero   RW          350    .bss                dma.o
    0x200001c0   0x0000002e   Zero   RW          596    .bss                rtc.o
    0x200001ee   0x00000002   PAD
    0x200001f0   0x0000033c   Zero   RW          818    .bss                timer.o
    0x2000052c   0x000000f0   Zero   RW         1566    .bss                tasks.o
    0x2000061c   0x0000018c   Zero   RW         6850    .bss                usart.o
    0x200007a8   0x00000400   Zero   RW         7408    STACK               startup_stm32l431xx.o


==============================================================================

Image component sizes


      Code (inc. data)   RO Data    RW Data    ZI Data      Debug   Object Name

      2416        116      13300         64          0      18142   LCD.o
         0          0        864          0          0       1132   OLED_Data.o
         0          0          0          0          0     691228   adc.o
       324         44        160          0          0       2928   borad.o
         0          0          0          0          0       7264   croutine.o
        74         10          0          4          0       1823   delay.o
        36         18          0          0        280       2295   dma.o
         0          0          0          0          0       5104   event_groups.o
        62          0          0          0          0       1580   list.o
      1160        122         96          0          0       2089   main.o
       234         22          0          0          0       3862   port.o
        66         38          0          0          0       1386   pwr.o
       236        104          0          0         46       2841   rtc.o
        36          8        396          0       1024        808   startup_stm32l431xx.o
       146         20          0         12          0      12155   stm32l4xx_hal.o
       198         14          0          0          0      33887   stm32l4xx_hal_cortex.o
       338          0          0          0          0       2748   stm32l4xx_hal_dma.o
       516         36          0          0          0       4117   stm32l4xx_hal_gpio.o
        44          6          0          0          0        894   stm32l4xx_hal_msp.o
        80         12          0          0          0       2317   stm32l4xx_hal_pwr_ex.o
      2060         98          0          0          0       7032   stm32l4xx_hal_rcc.o
       258         16          0          0          0       3366   stm32l4xx_hal_rtc.o
         2          0          0          0          0        972   stm32l4xx_hal_rtc_ex.o
       474          0          0          0          0       5635   stm32l4xx_hal_tim.o
         6          0          0          0          0       2224   stm32l4xx_hal_tim_ex.o
      2446         76          0          0          0      13024   stm32l4xx_hal_uart.o
         2          0          0          0          0       1028   stm32l4xx_hal_uart_ex.o
        12          0          0          0          0       2825   stm32l4xx_it.o
       136          4          0          0          0       1523   sys.o
        16          4         72          4          0       1201   system_stm32l4xx.o
       328         26          0         60        240       9756   tasks.o
       472         74          0         12        828       6369   timer.o
       356         66          0          7        396       5607   usart.o

    ----------------------------------------------------------------------
     12566        934      14924        164       2816     859162   Object Totals
         0          0         32          0          0          0   (incl. Generated)
        32          0          4          1          2          0   (incl. Padding)

    ----------------------------------------------------------------------

      Code (inc. data)   RO Data    RW Data    ZI Data      Debug   Library Member Name

       200         20          0          0          0        164   cos.o
       368         46         48          0          0        200   cos_i.o
        84         16          0          0          0        372   dunder.o
        24          0          0          0          0        124   fabs.o
        48          0          0          0          0        124   fpclassify.o
       248          0          0          0          0        152   poly.o
      1080        142        200          0          0        188   rred.o
       200         20          0          0          0        164   sin.o
       304         24         40          0          0        208   sin_i.o
         0          0          0          0          0          0   entry.o
         0          0          0          0          0          0   entry10a.o
         0          0          0          0          0          0   entry11a.o
         8          4          0          0          0          0   entry2.o
         4          0          0          0          0          0   entry5.o
         0          0          0          0          0          0   entry7b.o
         0          0          0          0          0          0   entry8b.o
         8          4          0          0          0          0   entry9a.o
        12          6          0          4          0         68   errno.o
        30          0          0          0          0          0   handlers.o
        36          8          0          0          0         68   init.o
         0          0          0          0          0          0   iusefp.o
        30          0          0          0          0         68   llshl.o
        36          0          0          0          0         68   llsshr.o
        32          0          0          0          0         68   llushr.o
        36          0          0          0          0         68   memcpya.o
        36          0          0          0          0        108   memseta.o
      2284         94          0          0          0        592   printfa.o
        28          0          0          0          0         76   strcmp.o
        44          0          0          0          0         80   uidiv.o
        98          0          0          0          0         92   uldiv.o
        48          0          0          0          0         68   cdrcmple.o
        56          0          0          0          0         88   d2f.o
       334          0          0          0          0        148   dadd.o
       222          0          0          0          0        100   ddiv.o
       186          0          0          0          0        176   depilogue.o
        62          0          0          0          0         80   dfixi.o
        48          0          0          0          0         68   dfixul.o
        34          0          0          0          0         76   dflti.o
        26          0          0          0          0         76   dfltui.o
       228          0          0          0          0         96   dmul.o
        38          0          0          0          0         68   f2d.o
       110          0          0          0          0        168   fepilogue.o

    ----------------------------------------------------------------------
      6678        384        288          4          0       4264   Library Totals
         8          0          0          0          0          0   (incl. Padding)

    ----------------------------------------------------------------------

      Code (inc. data)   RO Data    RW Data    ZI Data      Debug   Library Name

      2556        268        288          0          0       1696   m_wm.l
      2722        116          0          4          0       1356   mc_w.l
      1392          0          0          0          0       1212   mf_w.l

    ----------------------------------------------------------------------
      6678        384        288          4          0       4264   Library Totals

    ----------------------------------------------------------------------

==============================================================================


      Code (inc. data)   RO Data    RW Data    ZI Data      Debug   

     19244       1318      15212        168       2816     849778   Grand Totals
     19244       1318      15212        168       2816     849778   ELF Image Totals
     19244       1318      15212        168          0          0   ROM Totals

==============================================================================

    Total RO  Size (Code + RO Data)                34456 (  33.65kB)
    Total RW  Size (RW Data + ZI Data)              2984 (   2.91kB)
    Total ROM Size (Code + RO Data + RW Data)      34624 (  33.81kB)

==============================================================================

